Archive member included to satisfy reference by file (symbol)

d:/gnu tools arm embedded/5.4 2016q3/bin/../lib/gcc/arm-none-eabi/5.4.1/../../../../arm-none-eabi/lib/armv6-m\libc_nano.a(lib_a-exit.o)
                              d:/gnu tools arm embedded/5.4 2016q3/bin/../lib/gcc/arm-none-eabi/5.4.1/../../../../arm-none-eabi/lib/armv6-m/crt0.o (exit)
d:/gnu tools arm embedded/5.4 2016q3/bin/../lib/gcc/arm-none-eabi/5.4.1/../../../../arm-none-eabi/lib/armv6-m\libc_nano.a(lib_a-impure.o)
                              d:/gnu tools arm embedded/5.4 2016q3/bin/../lib/gcc/arm-none-eabi/5.4.1/../../../../arm-none-eabi/lib/armv6-m\libc_nano.a(lib_a-exit.o) (_global_impure_ptr)
d:/gnu tools arm embedded/5.4 2016q3/bin/../lib/gcc/arm-none-eabi/5.4.1/../../../../arm-none-eabi/lib/armv6-m\libc_nano.a(lib_a-init.o)
                              d:/gnu tools arm embedded/5.4 2016q3/bin/../lib/gcc/arm-none-eabi/5.4.1/../../../../arm-none-eabi/lib/armv6-m/crt0.o (__libc_init_array)
d:/gnu tools arm embedded/5.4 2016q3/bin/../lib/gcc/arm-none-eabi/5.4.1/../../../../arm-none-eabi/lib/armv6-m\libc_nano.a(lib_a-memcpy-stub.o)
                              build/los_task.o (memcpy)
d:/gnu tools arm embedded/5.4 2016q3/bin/../lib/gcc/arm-none-eabi/5.4.1/../../../../arm-none-eabi/lib/armv6-m\libc_nano.a(lib_a-memset.o)
                              d:/gnu tools arm embedded/5.4 2016q3/bin/../lib/gcc/arm-none-eabi/5.4.1/../../../../arm-none-eabi/lib/armv6-m/crt0.o (memset)
d:/gnu tools arm embedded/5.4 2016q3/bin/../lib/gcc/arm-none-eabi/5.4.1/../../../../arm-none-eabi/lib/armv6-m\libc_nano.a(lib_a-printf.o)
                              build/los_init.o (printf)
d:/gnu tools arm embedded/5.4 2016q3/bin/../lib/gcc/arm-none-eabi/5.4.1/../../../../arm-none-eabi/lib/armv6-m\libc_nano.a(lib_a-putchar.o)
                              build/los_task.o (putchar)
d:/gnu tools arm embedded/5.4 2016q3/bin/../lib/gcc/arm-none-eabi/5.4.1/../../../../arm-none-eabi/lib/armv6-m\libc_nano.a(lib_a-puts.o)
                              build/los_init.o (puts)
d:/gnu tools arm embedded/5.4 2016q3/bin/../lib/gcc/arm-none-eabi/5.4.1/../../../../arm-none-eabi/lib/armv6-m\libc_nano.a(lib_a-sprintf.o)
                              build/main.o (sprintf)
d:/gnu tools arm embedded/5.4 2016q3/bin/../lib/gcc/arm-none-eabi/5.4.1/../../../../arm-none-eabi/lib/armv6-m\libc_nano.a(lib_a-sscanf.o)
                              build/neul_bc95.o (sscanf)
d:/gnu tools arm embedded/5.4 2016q3/bin/../lib/gcc/arm-none-eabi/5.4.1/../../../../arm-none-eabi/lib/armv6-m\libc_nano.a(lib_a-stdio.o)
                              d:/gnu tools arm embedded/5.4 2016q3/bin/../lib/gcc/arm-none-eabi/5.4.1/../../../../arm-none-eabi/lib/armv6-m\libc_nano.a(lib_a-sscanf.o) (__seofread)
d:/gnu tools arm embedded/5.4 2016q3/bin/../lib/gcc/arm-none-eabi/5.4.1/../../../../arm-none-eabi/lib/armv6-m\libc_nano.a(lib_a-strlen.o)
                              build/neul_bc95.o (strlen)
d:/gnu tools arm embedded/5.4 2016q3/bin/../lib/gcc/arm-none-eabi/5.4.1/../../../../arm-none-eabi/lib/armv6-m\libc_nano.a(lib_a-strncpy.o)
                              build/los_task.o (strncpy)
d:/gnu tools arm embedded/5.4 2016q3/bin/../lib/gcc/arm-none-eabi/5.4.1/../../../../arm-none-eabi/lib/armv6-m\libc_nano.a(lib_a-strstr.o)
                              build/neul_bc95.o (strstr)
d:/gnu tools arm embedded/5.4 2016q3/bin/../lib/gcc/arm-none-eabi/5.4.1/../../../../arm-none-eabi/lib/armv6-m\libc_nano.a(lib_a-wbuf.o)
                              d:/gnu tools arm embedded/5.4 2016q3/bin/../lib/gcc/arm-none-eabi/5.4.1/../../../../arm-none-eabi/lib/armv6-m\libc_nano.a(lib_a-puts.o) (__swbuf_r)
d:/gnu tools arm embedded/5.4 2016q3/bin/../lib/gcc/arm-none-eabi/5.4.1/../../../../arm-none-eabi/lib/armv6-m\libc_nano.a(lib_a-writer.o)
                              d:/gnu tools arm embedded/5.4 2016q3/bin/../lib/gcc/arm-none-eabi/5.4.1/../../../../arm-none-eabi/lib/armv6-m\libc_nano.a(lib_a-stdio.o) (_write_r)
d:/gnu tools arm embedded/5.4 2016q3/bin/../lib/gcc/arm-none-eabi/5.4.1/../../../../arm-none-eabi/lib/armv6-m\libc_nano.a(lib_a-wsetup.o)
                              d:/gnu tools arm embedded/5.4 2016q3/bin/../lib/gcc/arm-none-eabi/5.4.1/../../../../arm-none-eabi/lib/armv6-m\libc_nano.a(lib_a-puts.o) (__swsetup_r)
d:/gnu tools arm embedded/5.4 2016q3/bin/../lib/gcc/arm-none-eabi/5.4.1/../../../../arm-none-eabi/lib/armv6-m\libc_nano.a(lib_a-closer.o)
                              d:/gnu tools arm embedded/5.4 2016q3/bin/../lib/gcc/arm-none-eabi/5.4.1/../../../../arm-none-eabi/lib/armv6-m\libc_nano.a(lib_a-stdio.o) (_close_r)
d:/gnu tools arm embedded/5.4 2016q3/bin/../lib/gcc/arm-none-eabi/5.4.1/../../../../arm-none-eabi/lib/armv6-m\libc_nano.a(lib_a-fflush.o)
                              d:/gnu tools arm embedded/5.4 2016q3/bin/../lib/gcc/arm-none-eabi/5.4.1/../../../../arm-none-eabi/lib/armv6-m\libc_nano.a(lib_a-wbuf.o) (_fflush_r)
[...]
Memory Configuration

Name             Origin             Length             Attributes
RAM              0x20000000         0x00008000         xrw
FLASH            0x00000000         0x00040000         xr
*default*        0x00000000         0xffffffff

Linker script and memory map

LOAD d:/gnu tools arm embedded/5.4 2016q3/bin/../lib/gcc/arm-none-eabi/5.4.1/armv6-m/crti.o
LOAD d:/gnu tools arm embedded/5.4 2016q3/bin/../lib/gcc/arm-none-eabi/5.4.1/armv6-m/crtbegin.o
LOAD d:/gnu tools arm embedded/5.4 2016q3/bin/../lib/gcc/arm-none-eabi/5.4.1/../../../../arm-none-eabi/lib/armv6-m/crt0.o
LOAD build/los_init.o
LOAD build/los_priqueue.o
LOAD build/los_swtmr.o
LOAD build/los_sys.o
LOAD build/los_task.o
LOAD build/los_tick.o
LOAD build/los_timeslice.o
LOAD build/los_event.o
LOAD build/los_mux.o
LOAD build/los_queue.o
LOAD build/los_sem.o
LOAD build/los_heap.o
LOAD build/los_memory.o
LOAD build/los_membox.o
LOAD build/los_memcheck.o
LOAD build/los_memstat.o
LOAD build/los_slab.o
LOAD build/los_slabmem.o
LOAD build/los_misc.o
LOAD build/los_err.o
LOAD build/los_tickless.o
LOAD build/cmsis_liteos.o
LOAD build/los_hw.o
LOAD build/los_hw_tick.o
LOAD build/los_hwi.o
LOAD build/los_api_dynamic_mem.o
LOAD build/los_api_event.o
LOAD build/los_api_interrupt.o
LOAD build/los_api_list.o
LOAD build/los_api_msgqueue.o
LOAD build/los_api_mutex.o
LOAD build/los_api_sem.o
LOAD build/los_api_static_mem.o
LOAD build/los_api_systick.o
LOAD build/los_api_task.o
LOAD build/los_api_timer.o
LOAD build/los_demo_entry.o
LOAD build/los_inspect_entry.o
LOAD build/fm33a0xx_aes.o
LOAD build/fm33a0xx_anac.o
LOAD build/fm33a0xx_btim.o
LOAD build/fm33a0xx_crc.o
LOAD build/fm33a0xx_dma.o
LOAD build/fm33a0xx_etim.o
LOAD build/fm33a0xx_flash.o
LOAD build/fm33a0xx_gpio.o
LOAD build/fm33a0xx_hspi.o
LOAD build/fm33a0xx_i2c.o
LOAD build/fm33a0xx_iwdt.o
LOAD build/fm33a0xx_lcd.o
LOAD build/fm33a0xx_lptim.o
LOAD build/fm33a0xx_pmu.o
LOAD build/fm33a0xx_rcc.o
LOAD build/fm33a0xx_rtc.o
LOAD build/fm33a0xx_scu.o
LOAD build/fm33a0xx_spi.o
LOAD build/fm33a0xx_trng.o
LOAD build/fm33a0xx_u7816.o
LOAD build/fm33a0xx_uart.o
LOAD build/fm33a0xx_wwdt.o
LOAD build/system_FM33A0XX.o
LOAD build/main.o
LOAD build/neul_bc95.o
LOAD build/print.o
LOAD build/ring.o
LOAD build/user_init.o
LOAD build/los_uart.o
LOAD build/dht12.o
LOAD build/startup_FM33A0XX.o
LOAD build/los_dispatch_gcc.o
LOAD d:/gnu tools arm embedded/5.4 2016q3/bin/../lib/gcc/arm-none-eabi/5.4.1/../../../../arm-none-eabi/lib/armv6-m\libc_nano.a
LOAD d:/gnu tools arm embedded/5.4 2016q3/bin/../lib/gcc/arm-none-eabi/5.4.1/../../../../arm-none-eabi/lib/armv6-m\libm.a
LOAD d:/gnu tools arm embedded/5.4 2016q3/bin/../lib/gcc/arm-none-eabi/5.4.1/../../../../arm-none-eabi/lib/armv6-m\libnosys.a
START GROUP
LOAD d:/gnu tools arm embedded/5.4 2016q3/bin/../lib/gcc/arm-none-eabi/5.4.1/armv6-m\libgcc.a
LOAD d:/gnu tools arm embedded/5.4 2016q3/bin/../lib/gcc/arm-none-eabi/5.4.1/../../../../arm-none-eabi/lib/armv6-m\libc_nano.a
END GROUP
START GROUP
LOAD d:/gnu tools arm embedded/5.4 2016q3/bin/../lib/gcc/arm-none-eabi/5.4.1/armv6-m\libgcc.a
LOAD d:/gnu tools arm embedded/5.4 2016q3/bin/../lib/gcc/arm-none-eabi/5.4.1/../../../../arm-none-eabi/lib/armv6-m\libc_nano.a
END GROUP
LOAD d:/gnu tools arm embedded/5.4 2016q3/bin/../lib/gcc/arm-none-eabi/5.4.1/armv6-m/crtend.o
LOAD d:/gnu tools arm embedded/5.4 2016q3/bin/../lib/gcc/arm-none-eabi/5.4.1/armv6-m/crtn.o
                0x20008000                _estack = 0x20008000
                0x00000400                _Min_Heap_Size = 0x400
                0x00000400                _Stack_Size = 0x400

.isr_vector     0x00000000       0xc0
                0x00000000                . = ALIGN (0x4)
 *(.isr_vector)
 .isr_vector    0x00000000       0xc0 build/startup_FM33A0XX.o
                0x00000000                g_pfnVectors
                0x000000c0                . = ALIGN (0x4)

.text           0x000000c0     0x7fa0
                0x000000c0                . = ALIGN (0x4)
 *(.text)
 .text          0x000000c0       0x60 d:/gnu tools arm embedded/5.4 2016q3/bin/../lib/gcc/arm-none-eabi/5.4.1/armv6-m/crtbegin.o
 .text          0x00000120       0xe8 build/los_dispatch_gcc.o
                0x00000120                LOS_StartToRun
                0x00000168                LOS_IntLock
                0x00000170                LOS_IntUnLock
                0x00000178                LOS_IntRestore
                0x0000017e                osTaskSchedule
                0x00000186                osPendSV
 .text          0x00000208        0xe d:/gnu tools arm embedded/5.4 2016q3/bin/../lib/gcc/arm-none-eabi/5.4.1/../../../../arm-none-eabi/lib/armv6-m\libc_nano.a(lib_a-strlen.o)
                0x00000208                strlen
 *fill*         0x00000216        0x2 
 .text          0x00000218      0x114 d:/gnu tools arm embedded/5.4 2016q3/bin/../lib/gcc/arm-none-eabi/5.4.1/armv6-m\libgcc.a(_udivsi3.o)
                0x00000218                __aeabi_uidiv
                0x00000218                __udivsi3
                0x00000324                __aeabi_uidivmod
 .text          0x0000032c      0x1d4 d:/gnu tools arm embedded/5.4 2016q3/bin/../lib/gcc/arm-none-eabi/5.4.1/armv6-m\libgcc.a(_divsi3.o)
                0x0000032c                __divsi3
                0x0000032c                __aeabi_idiv
                0x000004f8                __aeabi_idivmod
 .text          0x00000500        0x4 d:/gnu tools arm embedded/5.4 2016q3/bin/../lib/gcc/arm-none-eabi/5.4.1/armv6-m\libgcc.a(_dvmd_tls.o)
                0x00000500                __aeabi_idiv0
                0x00000500                __aeabi_ldiv0
 .text          0x00000504       0x74 d:/gnu tools arm embedded/5.4 2016q3/bin/../lib/gcc/arm-none-eabi/5.4.1/armv6-m\libgcc.a(_arm_cmpsf2.o)
                0x00000504                __aeabi_cfrcmple
                0x0000050c                __aeabi_cfcmpeq
                0x0000050c                __aeabi_cfcmple
                0x0000051c                __aeabi_fcmpeq
                0x00000528                __aeabi_fcmplt
                0x0000053c                __aeabi_fcmple
                0x00000550                __aeabi_fcmpgt
                0x00000564                __aeabi_fcmpge
 .text          0x00000578       0x3c d:/gnu tools arm embedded/5.4 2016q3/bin/../lib/gcc/arm-none-eabi/5.4.1/armv6-m\libgcc.a(_clzsi2.o)
                0x00000578                __clzsi2
 .text          0x000005b4       0x3c d:/gnu tools arm embedded/5.4 2016q3/bin/../lib/gcc/arm-none-eabi/5.4.1/armv6-m\libgcc.a(_fixunsdfsi.o)
                0x000005b4                __aeabi_d2uiz
                0x000005b4                __fixunsdfsi
 .text          0x000005f0      0x234 d:/gnu tools arm embedded/5.4 2016q3/bin/../lib/gcc/arm-none-eabi/5.4.1/armv6-m\libgcc.a(divsf3.o)
                0x000005f0                __aeabi_fdiv
 .text          0x00000824       0x50 d:/gnu tools arm embedded/5.4 2016q3/bin/../lib/gcc/arm-none-eabi/5.4.1/armv6-m\libgcc.a(eqsf2.o)
                0x00000824                __eqsf2
                0x00000824                __nesf2
 .text          0x00000874       0x88 d:/gnu tools arm embedded/5.4 2016q3/bin/../lib/gcc/arm-none-eabi/5.4.1/armv6-m\libgcc.a(gesf2.o)
                0x00000874                __gesf2
                0x00000874                __gtsf2
 .text          0x000008fc       0x88 d:/gnu tools arm embedded/5.4 2016q3/bin/../lib/gcc/arm-none-eabi/5.4.1/armv6-m\libgcc.a(lesf2.o)
                0x000008fc                __ltsf2
                0x000008fc                __lesf2
 .text          0x00000984       0x7c d:/gnu tools arm embedded/5.4 2016q3/bin/../lib/gcc/arm-none-eabi/5.4.1/armv6-m\libgcc.a(floatunsisf.o)
                0x00000984                __aeabi_ui2f
 .text          0x00000a00      0x658 d:/gnu tools arm embedded/5.4 2016q3/bin/../lib/gcc/arm-none-eabi/5.4.1/armv6-m\libgcc.a(adddf3.o)
                0x00000a00                __aeabi_dadd
 .text          0x00001058      0x6a8 d:/gnu tools arm embedded/5.4 2016q3/bin/../lib/gcc/arm-none-eabi/5.4.1/armv6-m\libgcc.a(subdf3.o)
                0x00001058                __aeabi_dsub
 .text          0x00001700       0x6c d:/gnu tools arm embedded/5.4 2016q3/bin/../lib/gcc/arm-none-eabi/5.4.1/armv6-m\libgcc.a(fixdfsi.o)
                0x00001700                __aeabi_d2iz
 .text          0x0000176c       0xa8 d:/gnu tools arm embedded/5.4 2016q3/bin/../lib/gcc/arm-none-eabi/5.4.1/armv6-m\libgcc.a(extendsfdf2.o)
                0x0000176c                __aeabi_f2d
 .text          0x00001814       0x7c d:/gnu tools arm embedded/5.4 2016q3/bin/../lib/gcc/arm-none-eabi/5.4.1/armv6-m\libgcc.a(_arm_cmpdf2.o)
                0x00001814                __aeabi_cdrcmple
                0x00001824                __aeabi_cdcmple
                0x00001824                __aeabi_cdcmpeq
                0x00001834                __aeabi_dcmpeq
                0x00001840                __aeabi_dcmplt
                0x00001854                __aeabi_dcmple
                0x00001868                __aeabi_dcmpgt
                0x0000187c                __aeabi_dcmpge
 .text          0x00001890       0x80 d:/gnu tools arm embedded/5.4 2016q3/bin/../lib/gcc/arm-none-eabi/5.4.1/armv6-m\libgcc.a(eqdf2.o)
                0x00001890                __nedf2
                0x00001890                __eqdf2
 .text          0x00001910       0xc8 d:/gnu tools arm embedded/5.4 2016q3/bin/../lib/gcc/arm-none-eabi/5.4.1/armv6-m\libgcc.a(gedf2.o)
                0x00001910                __gedf2
                0x00001910                __gtdf2
 .text          0x000019d8       0xd4 d:/gnu tools arm embedded/5.4 2016q3/bin/../lib/gcc/arm-none-eabi/5.4.1/armv6-m\libgcc.a(ledf2.o)
                0x000019d8                __ledf2
                0x000019d8                __ltdf2
 *(.text*)
 .text.osRegister
                0x00001aac        0xc build/los_init.o
 .text.LOS_Start
                0x00001ab8       0x28 build/los_init.o
                0x00001ab8                LOS_Start
 .text.LOS_KernelInit
                0x00001ae0       0xb0 build/los_init.o
                0x00001ae0                LOS_KernelInit
 .text.osPriqueueInit
                0x00001b90       0x38 build/los_priqueue.o
                0x00001b90                osPriqueueInit
 .text.osPriqueueEnqueue
                0x00001bc8       0x38 build/los_priqueue.o
                0x00001bc8                osPriqueueEnqueue
 .text.osPriqueueDequeue
                0x00001c00       0x3c build/los_priqueue.o
                0x00001c00                osPriqueueDequeue
 .text.osPriqueueTop
                0x00001c3c       0x28 build/los_priqueue.o
                0x00001c3c                osPriqueueTop
 .text.osPriqueueSize
                0x00001c64       0x1c build/los_priqueue.o
                0x00001c64                osPriqueueSize
 .text.osSwTmrTask
                0x00001c80       0x3c build/los_swtmr.o
                0x00001c80                osSwTmrTask
 .text.osSwTmrTaskCreate
                0x00001cbc       0x34 build/los_swtmr.o
                0x00001cbc                osSwTmrTaskCreate
 .text.osSwTmrInit
                0x00001cf0       0xa4 build/los_swtmr.o
                0x00001cf0                osSwTmrInit
 .text.osSwTmrStart
                0x00001d94      0x1bc build/los_swtmr.o
                0x00001d94                osSwTmrStart
 .text.osSwTmrTimeoutHandle
                0x00001f50       0x94 build/los_swtmr.o
 .text.osSwtmrScan
                0x00001fe4       0x20 build/los_swtmr.o
                0x00001fe4                osSwtmrScan
 .text.LOS_TickCountGet
                0x00002004        0xc build/los_sys.o
                0x00002004                LOS_TickCountGet
 .text.osIdleTask
                0x00002010        0x4 build/los_task.o
                0x00002010                osIdleTask
 .text.osTaskSwitchCheck
                0x00002014       0xd0 build/los_task.o
                0x00002014                osTaskSwitchCheck
 .text.osTaskPriModify
                0x000020e4       0x30 build/los_task.o
                0x000020e4                osTaskPriModify
 .text.osTaskAdd2TimerList
                0x00002114       0x98 build/los_task.o
                0x00002114                osTaskAdd2TimerList
 .text.osTimerListDelete
                0x000021ac       0x44 build/los_task.o
                0x000021ac                osTimerListDelete
 .text.osTaskScan
                0x000021f0       0xdc build/los_task.o
                0x000021f0                osTaskScan
 .text.osTaskInit
                0x000022cc       0xf4 build/los_task.o
                0x000022cc                osTaskInit
 .text.osTaskMonInit
                0x000023c0       0x34 build/los_task.o
                0x000023c0                osTaskMonInit
 .text.LOS_TaskCreateOnly
                0x000023f4      0x1d0 build/los_task.o
                0x000023f4                LOS_TaskCreateOnly
 .text.LOS_TaskCreate
                0x000025c4       0x84 build/los_task.o
                0x000025c4                LOS_TaskCreate
 .text.osIdleTaskCreate
                0x00002648       0x3c build/los_task.o
                0x00002648                osIdleTaskCreate
 .text.LOS_TaskDelete
                0x00002684      0x170 build/los_task.o
                0x00002684                LOS_TaskDelete
 .text.osTaskEntry
                0x000027f4       0x28 build/los_task.o
                0x000027f4                osTaskEntry
 .text.osTaskWait
                0x0000281c       0x54 build/los_task.o
                0x0000281c                osTaskWait
 .text.osTaskWake
                0x00002870       0x44 build/los_task.o
                0x00002870                osTaskWake
 .text.LOS_TaskYield
                0x000028b4       0x84 build/los_task.o
                0x000028b4                LOS_TaskYield
 .text.LOS_TaskDelay
                0x00002938       0x70 build/los_task.o
                0x00002938                LOS_TaskDelay
 .text.osTickHandler
                0x000029a8       0x28 build/los_tick.o
                0x000029a8                osTickHandler
 .text.osTimesliceInit
                0x000029d0       0x10 build/los_timeslice.o
                0x000029d0                osTimesliceInit
 .text.osTimesliceCheck
                0x000029e0       0x44 build/los_timeslice.o
                0x000029e0                osTimesliceCheck
 .text.osMuxInit
                0x00002a24       0x64 build/los_mux.o
                0x00002a24                osMuxInit
 .text.LOS_MuxCreate
                0x00002a88       0x74 build/los_mux.o
                0x00002a88                LOS_MuxCreate
 .text.LOS_MuxPend
                0x00002afc      0x138 build/los_mux.o
                0x00002afc                LOS_MuxPend
 .text.LOS_MuxPost
                0x00002c34       0xd4 build/los_mux.o
                0x00002c34                LOS_MuxPost
 .text.osQueueInit
                0x00002d08       0x6c build/los_queue.o
                0x00002d08                osQueueInit
 .text.LOS_QueueCreate
                0x00002d74       0xd0 build/los_queue.o
                0x00002d74                LOS_QueueCreate
 .text.osQueueOperate
                0x00002e44      0x20c build/los_queue.o
                0x00002e44                osQueueOperate
 .text.LOS_QueueReadCopy
                0x00003050       0x68 build/los_queue.o
                0x00003050                LOS_QueueReadCopy
 .text.LOS_QueueWriteCopy
                0x000030b8       0x5c build/los_queue.o
                0x000030b8                LOS_QueueWriteCopy
 .text.osSemInit
                0x00003114       0x64 build/los_sem.o
                0x00003114                osSemInit
 .text.osHeapPrvGetNext
                0x00003178       0x18 build/los_heap.o
                0x00003178                osHeapPrvGetNext
 .text.osHeapInit
                0x00003190       0x48 build/los_heap.o
                0x00003190                osHeapInit
 .text.osHeapFree
                0x000031d8      0x124 build/los_heap.o
                0x000031d8                osHeapFree
 .text.osHeapStatisticsGet
                0x000032fc       0x5c build/los_heap.o
                0x000032fc                osHeapStatisticsGet
 .text.osAlarmHeapInfo
                0x00003358       0x1c build/los_heap.o
                0x00003358                osAlarmHeapInfo
 .text.osHeapAlloc
                0x00003374      0x120 build/los_heap.o
                0x00003374                osHeapAlloc
 .text.osHeapAllocAlign
                0x00003494       0x50 build/los_heap.o
                0x00003494                osHeapAllocAlign
 .text.osSlabCtrlHdrGet
                0x000034e4        0x4 build/los_memory.o
                0x000034e4                osSlabCtrlHdrGet
 .text.LOS_MemInit
                0x000034e8       0xf8 build/los_memory.o
                0x000034e8                LOS_MemInit
 .text.osMemSystemInit
                0x000035e0       0x2c build/los_memory.o
                0x000035e0                osMemSystemInit
 .text.LOS_MemAlloc
                0x0000360c       0x28 build/los_memory.o
                0x0000360c                LOS_MemAlloc
 .text.LOS_MemAllocAlign
                0x00003634        0x8 build/los_memory.o
                0x00003634                LOS_MemAllocAlign
 .text.LOS_MemFree
                0x0000363c       0x30 build/los_memory.o
                0x0000363c                LOS_MemFree
 .text.osAtomicBitsetInit
                0x0000366c       0x2c build/los_slab.o
                0x0000366c                osAtomicBitsetInit
 .text.osAtomicBitsetGetBit
                0x00003698       0x20 build/los_slab.o
                0x00003698                osAtomicBitsetGetBit
 .text.osAtomicBitsetClearBit
                0x000036b8       0x20 build/los_slab.o
                0x000036b8                osAtomicBitsetClearBit
 .text.osAtomicBitsetFindClearAndSet
                0x000036d8       0x44 build/los_slab.o
                0x000036d8                osAtomicBitsetFindClearAndSet
 .text.osSlabAllocatorNew
                0x0000371c       0x40 build/los_slab.o
                0x0000371c                osSlabAllocatorNew
 .text.osSlabAllocatorAlloc
                0x0000375c       0x1c build/los_slab.o
                0x0000375c                osSlabAllocatorAlloc
 .text.osSlabAllocatorFree
                0x00003778       0x44 build/los_slab.o
                0x00003778                osSlabAllocatorFree
 .text.osSlabBlockHeadFill
                0x000037bc       0x14 build/los_slabmem.o
                0x000037bc                osSlabBlockHeadFill
 .text.osSlabMemInit
                0x000037d0       0x5c build/los_slabmem.o
                0x000037d0                osSlabMemInit
 .text.osSlabMemAlloc
                0x0000382c       0x7c build/los_slabmem.o
                0x0000382c                osSlabMemAlloc
 .text.osSlabMemFree
                0x000038a8       0x68 build/los_slabmem.o
                0x000038a8                osSlabMemFree
 .text.LOS_Align
                0x00003910       0x18 build/los_misc.o
                0x00003910                LOS_Align
 .text.LOS_ErrHandle
                0x00003928       0x1c build/los_err.o
                0x00003928                LOS_ErrHandle
 .text.osTaskExit
                0x00003944        0x4 build/los_hw.o
                0x00003944                osTaskExit
 .text.osSchedule
                0x00003948        0x8 build/los_hw.o
                0x00003948                osSchedule
 .text.LOS_Schedule
                0x00003950       0x3c build/los_hw.o
                0x00003950                LOS_Schedule
 .text.osTskStackInit
                0x0000398c       0xa4 build/los_hw.o
                0x0000398c                osTskStackInit
 .text.osTickStart
                0x00003a30       0x8c build/los_hw_tick.o
                0x00003a30                osTickStart
 .text.osIntNumGet
                0x00003abc        0x8 build/los_hwi.o
                0x00003abc                osIntNumGet
 .text.PendSV_Handler
                0x00003ac4        0x8 build/los_hwi.o
                0x00003ac4                PendSV_Handler
 .text.SysTick_Handler
                0x00003acc       0x2c build/los_hwi.o
                0x00003acc                SysTick_Handler
 .text.ANAC_PDRCON_PDRCFG_Set
                0x00003af8       0x14 build/fm33a0xx_anac.o
                0x00003af8                ANAC_PDRCON_PDRCFG_Set
 .text.ANAC_PDRCON_PDREN_Setable
                0x00003b0c       0x20 build/fm33a0xx_anac.o
                0x00003b0c                ANAC_PDRCON_PDREN_Setable
 .text.FLASH_FLSRDCON_WAIT_Set
                0x00003b2c       0x14 build/fm33a0xx_flash.o
                0x00003b2c                FLASH_FLSRDCON_WAIT_Set
 .text.GPIOx_DO_Write
                0x00003b40        0x8 build/fm33a0xx_gpio.o
                0x00003b40                GPIOx_DO_Write
 .text.GPIO_FOUTSEL_FOUTSEL_Set
                0x00003b48       0x14 build/fm33a0xx_gpio.o
                0x00003b48                GPIO_FOUTSEL_FOUTSEL_Set
 .text.GPIO_HDSEL_PG6HDEN_Setable
                0x00003b5c       0x20 build/fm33a0xx_gpio.o
                0x00003b5c                GPIO_HDSEL_PG6HDEN_Setable
 .text.GPIO_HDSEL_PE2HDEN_Setable
                0x00003b7c       0x20 build/fm33a0xx_gpio.o
                0x00003b7c                GPIO_HDSEL_PE2HDEN_Setable
 .text.GPIO_ANASEL_PE4ANS_Set
                0x00003b9c       0x14 build/fm33a0xx_gpio.o
                0x00003b9c                GPIO_ANASEL_PE4ANS_Set
 .text.GPIO_ANASEL_PE3ANS_Set
                0x00003bb0       0x14 build/fm33a0xx_gpio.o
                0x00003bb0                GPIO_ANASEL_PE3ANS_Set
 .text.GPIO_ANASEL_PC15ANS_Set
                0x00003bc4       0x14 build/fm33a0xx_gpio.o
                0x00003bc4                GPIO_ANASEL_PC15ANS_Set
 .text.GPIO_ANASEL_PC14ANS_Set
                0x00003bd8       0x14 build/fm33a0xx_gpio.o
                0x00003bd8                GPIO_ANASEL_PC14ANS_Set
 .text.GPIO_ANASEL_PC13ANS_Set
                0x00003bec       0x14 build/fm33a0xx_gpio.o
                0x00003bec                GPIO_ANASEL_PC13ANS_Set
 .text.GPIO_ANASEL_PC12ANS_Set
                0x00003c00       0x14 build/fm33a0xx_gpio.o
                0x00003c00                GPIO_ANASEL_PC12ANS_Set
 .text.GPIO_Init
                0x00003c14       0x58 build/fm33a0xx_gpio.o
                0x00003c14                GPIO_Init
 .text.GPIO_Get_InitPara
                0x00003c6c       0x78 build/fm33a0xx_gpio.o
                0x00003c6c                GPIO_Get_InitPara
 .text.GPIO_ReadInputDataBit
                0x00003ce4       0x10 build/fm33a0xx_gpio.o
                0x00003ce4                GPIO_ReadInputDataBit
 .text.GPIO_SetBits
                0x00003cf4        0x4 build/fm33a0xx_gpio.o
                0x00003cf4                GPIO_SetBits
 .text.GPIO_ResetBits
                0x00003cf8        0x4 build/fm33a0xx_gpio.o
                0x00003cf8                GPIO_ResetBits
 .text.GPIO_ToggleBits
                0x00003cfc       0x10 build/fm33a0xx_gpio.o
                0x00003cfc                GPIO_ToggleBits
 .text.GPIO_IODF_SetableEx
                0x00003d0c       0x24 build/fm33a0xx_gpio.o
                0x00003d0c                GPIO_IODF_SetableEx
 .text.GPIO_PINWKEN_SetableEx
                0x00003d30       0x1c build/fm33a0xx_gpio.o
                0x00003d30                GPIO_PINWKEN_SetableEx
 .text.IWDT_IWDTCFG_IWDTSLP4096S_Setable
                0x00003d4c       0x20 build/fm33a0xx_iwdt.o
                0x00003d4c                IWDT_IWDTCFG_IWDTSLP4096S_Setable
 .text.IWDT_IWDTCFG_IWDTOVP_Set
                0x00003d6c       0x14 build/fm33a0xx_iwdt.o
                0x00003d6c                IWDT_IWDTCFG_IWDTOVP_Set
 .text.IWDT_Clr
                0x00003d80       0x10 build/fm33a0xx_iwdt.o
                0x00003d80                IWDT_Clr
 .text.RCC_SYSCLKSEL_LPM_RCLP_OFF_Setable
                0x00003d90       0x24 build/fm33a0xx_rcc.o
                0x00003d90                RCC_SYSCLKSEL_LPM_RCLP_OFF_Setable
 .text.RCC_SYSCLKSEL_SLP_ENEXTI_Setable
                0x00003db4       0x28 build/fm33a0xx_rcc.o
                0x00003db4                RCC_SYSCLKSEL_SLP_ENEXTI_Setable
 .text.RCC_SYSCLKSEL_EXTICKSEL_Set
                0x00003ddc       0x1c build/fm33a0xx_rcc.o
                0x00003ddc                RCC_SYSCLKSEL_EXTICKSEL_Set
 .text.RCC_SYSCLKSEL_APBPRES_Set
                0x00003df8       0x1c build/fm33a0xx_rcc.o
                0x00003df8                RCC_SYSCLKSEL_APBPRES_Set
 .text.RCC_SYSCLKSEL_APBPRES_Get
                0x00003e14       0x10 build/fm33a0xx_rcc.o
                0x00003e14                RCC_SYSCLKSEL_APBPRES_Get
 .text.RCC_SYSCLKSEL_AHBPRES_Set
                0x00003e24       0x1c build/fm33a0xx_rcc.o
                0x00003e24                RCC_SYSCLKSEL_AHBPRES_Set
 .text.RCC_SYSCLKSEL_AHBPRES_Get
                0x00003e40       0x10 build/fm33a0xx_rcc.o
                0x00003e40                RCC_SYSCLKSEL_AHBPRES_Get
 .text.RCC_SYSCLKSEL_SYSCLKSEL_Set
                0x00003e50       0x14 build/fm33a0xx_rcc.o
                0x00003e50                RCC_SYSCLKSEL_SYSCLKSEL_Set
 .text.RCC_SYSCLKSEL_SYSCLKSEL_Get
                0x00003e64       0x10 build/fm33a0xx_rcc.o
                0x00003e64                RCC_SYSCLKSEL_SYSCLKSEL_Get
 .text.RCC_RCHFCON_FSEL_Set
                0x00003e74       0x1c build/fm33a0xx_rcc.o
                0x00003e74                RCC_RCHFCON_FSEL_Set
 .text.RCC_RCHFCON_FSEL_Get
                0x00003e90       0x10 build/fm33a0xx_rcc.o
                0x00003e90                RCC_RCHFCON_FSEL_Get
 .text.RCC_RCHFCON_RCHFEN_Setable
                0x00003ea0       0x20 build/fm33a0xx_rcc.o
                0x00003ea0                RCC_RCHFCON_RCHFEN_Setable
 .text.RCC_RCHFCON_RCHFEN_Getable
                0x00003ec0       0x14 build/fm33a0xx_rcc.o
                0x00003ec0                RCC_RCHFCON_RCHFEN_Getable
 .text.RCC_RCHFTRIM_Write
                0x00003ed4       0x10 build/fm33a0xx_rcc.o
                0x00003ed4                RCC_RCHFTRIM_Write
 .text.RCC_PLLCON_PLLDB_Set
                0x00003ee4       0x20 build/fm33a0xx_rcc.o
                0x00003ee4                RCC_PLLCON_PLLDB_Set
 .text.RCC_PLLCON_PLLDB_Get
                0x00003f04       0x14 build/fm33a0xx_rcc.o
                0x00003f04                RCC_PLLCON_PLLDB_Get
 .text.RCC_PLLCON_PLLOSEL_Set
                0x00003f18       0x14 build/fm33a0xx_rcc.o
                0x00003f18                RCC_PLLCON_PLLOSEL_Set
 .text.RCC_PLLCON_PLLINSEL_Set
                0x00003f2c       0x14 build/fm33a0xx_rcc.o
                0x00003f2c                RCC_PLLCON_PLLINSEL_Set
 .text.RCC_PLLCON_PLLINSEL_Get
                0x00003f40       0x10 build/fm33a0xx_rcc.o
                0x00003f40                RCC_PLLCON_PLLINSEL_Get
 .text.RCC_PLLCON_PLLEN_Setable
                0x00003f50       0x20 build/fm33a0xx_rcc.o
                0x00003f50                RCC_PLLCON_PLLEN_Setable
 .text.RCC_PLLCON_PLLEN_Getable
                0x00003f70       0x14 build/fm33a0xx_rcc.o
                0x00003f70                RCC_PLLCON_PLLEN_Getable
 .text.RCC_MPRIL_MPRIL_Set
                0x00003f84       0x14 build/fm33a0xx_rcc.o
                0x00003f84                RCC_MPRIL_MPRIL_Set
 .text.RCC_GetClocksFreq
                0x00003f98      0x118 build/fm33a0xx_rcc.o
                0x00003f98                RCC_GetClocksFreq
 .text.RCC_PERCLK_SetableEx
                0x000040b0       0x6c build/fm33a0xx_rcc.o
                0x000040b0                RCC_PERCLK_SetableEx
 .text.RCC_RCHF_Init
                0x0000411c       0x14 build/fm33a0xx_rcc.o
                0x0000411c                RCC_RCHF_Init
 .text.RCC_PLLDB_WriteEx
                0x00004130        0xc build/fm33a0xx_rcc.o
                0x00004130                RCC_PLLDB_WriteEx
 .text.RCC_PLL_Init
                0x0000413c       0x20 build/fm33a0xx_rcc.o
                0x0000413c                RCC_PLL_Init
 .text.RCC_SysClk_Init
                0x0000415c       0x2c build/fm33a0xx_rcc.o
                0x0000415c                RCC_SysClk_Init
 .text.RCC_Init_RCHF_Trim
                0x00004188       0x5c build/fm33a0xx_rcc.o
                0x00004188                RCC_Init_RCHF_Trim
 .text.SCU_MCUDBGCR_DBG_ET4_STOP_Setable
                0x000041e4       0x28 build/fm33a0xx_scu.o
                0x000041e4                SCU_MCUDBGCR_DBG_ET4_STOP_Setable
 .text.SCU_MCUDBGCR_DBG_ET3_STOP_Setable
                0x0000420c       0x28 build/fm33a0xx_scu.o
                0x0000420c                SCU_MCUDBGCR_DBG_ET3_STOP_Setable
 .text.SCU_MCUDBGCR_DBG_ET2_STOP_Setable
                0x00004234       0x28 build/fm33a0xx_scu.o
                0x00004234                SCU_MCUDBGCR_DBG_ET2_STOP_Setable
 .text.SCU_MCUDBGCR_DBG_ET1_STOP_Setable
                0x0000425c       0x28 build/fm33a0xx_scu.o
                0x0000425c                SCU_MCUDBGCR_DBG_ET1_STOP_Setable
 .text.SCU_MCUDBGCR_DBG_BT2_STOP_Setable
                0x00004284       0x28 build/fm33a0xx_scu.o
                0x00004284                SCU_MCUDBGCR_DBG_BT2_STOP_Setable
 .text.SCU_MCUDBGCR_DBG_BT1_STOP_Setable
                0x000042ac       0x28 build/fm33a0xx_scu.o
                0x000042ac                SCU_MCUDBGCR_DBG_BT1_STOP_Setable
 .text.SCU_MCUDBGCR_DBG_WWDT_STOP_Setable
                0x000042d4       0x20 build/fm33a0xx_scu.o
                0x000042d4                SCU_MCUDBGCR_DBG_WWDT_STOP_Setable
 .text.SCU_MCUDBGCR_DBG_IWDT_STOP_Setable
                0x000042f4       0x20 build/fm33a0xx_scu.o
                0x000042f4                SCU_MCUDBGCR_DBG_IWDT_STOP_Setable
 .text.UARTx_RXSTA_PDSEL_Set
                0x00004314       0x10 build/fm33a0xx_uart.o
                0x00004314                UARTx_RXSTA_PDSEL_Set
 .text.UARTx_RXSTA_ERRIE_Setable
                0x00004324       0x18 build/fm33a0xx_uart.o
                0x00004324                UARTx_RXSTA_ERRIE_Setable
 .text.UARTx_RXSTA_RXEN_Setable
                0x0000433c       0x18 build/fm33a0xx_uart.o
                0x0000433c                UARTx_RXSTA_RXEN_Setable
 .text.UARTx_TXSTA_STOPSEL_Set
                0x00004354       0x10 build/fm33a0xx_uart.o
                0x00004354                UARTx_TXSTA_STOPSEL_Set
 .text.UARTx_TXSTA_TXIS_Set
                0x00004364       0x10 build/fm33a0xx_uart.o
                0x00004364                UARTx_TXSTA_TXIS_Set
 .text.UARTx_TXSTA_TXEN_Setable
                0x00004374       0x18 build/fm33a0xx_uart.o
                0x00004374                UARTx_TXSTA_TXEN_Setable
 .text.UARTx_TXSTA_IREN_Setable
                0x0000438c       0x18 build/fm33a0xx_uart.o
                0x0000438c                UARTx_TXSTA_IREN_Setable
 .text.UARTx_RXREG_Read
                0x000043a4        0x8 build/fm33a0xx_uart.o
                0x000043a4                UARTx_RXREG_Read
 .text.UARTx_TXREG_Write
                0x000043ac        0x8 build/fm33a0xx_uart.o
                0x000043ac                UARTx_TXREG_Write
 .text.UARTx_SPBRG_Write
                0x000043b4        0x8 build/fm33a0xx_uart.o
                0x000043b4                UARTx_SPBRG_Write
 .text.UARTx_TXBUFSTA_TX_INTSEL_Set
                0x000043bc       0x10 build/fm33a0xx_uart.o
                0x000043bc                UARTx_TXBUFSTA_TX_INTSEL_Set
 .text.UARTx_RTXCON_RTX7EN_Setable
                0x000043cc       0x18 build/fm33a0xx_uart.o
                0x000043cc                UARTx_RTXCON_RTX7EN_Setable
 .text.UARTx_RTXCON_RXDFLAG_Setable
                0x000043e4       0x18 build/fm33a0xx_uart.o
                0x000043e4                UARTx_RTXCON_RXDFLAG_Setable
 .text.UARTx_RTXCON_TXDFLAG_Setable
                0x000043fc       0x18 build/fm33a0xx_uart.o
                0x000043fc                UARTx_RTXCON_TXDFLAG_Setable
 .text.UART_UARTIE_RxTxIE_SetableEx
                0x00004414       0x38 build/fm33a0xx_uart.o
                0x00004414                UART_UARTIE_RxTxIE_SetableEx
 .text.UART_UARTIE_RxTxIE_GetableEx
                0x0000444c       0x2c build/fm33a0xx_uart.o
                0x0000444c                UART_UARTIE_RxTxIE_GetableEx
 .text.UART_UARTIF_RxTxIF_ClrEx
                0x00004478       0x1c build/fm33a0xx_uart.o
                0x00004478                UART_UARTIF_RxTxIF_ClrEx
 .text.UART_UARTIF_RxTxIF_ChkEx
                0x00004494       0x2c build/fm33a0xx_uart.o
                0x00004494                UART_UARTIF_RxTxIF_ChkEx
 .text.UART_Init
                0x000044c0       0x80 build/fm33a0xx_uart.o
                0x000044c0                UART_Init
 .text.UART_BaudREGCalc
                0x00004540       0x50 build/fm33a0xx_uart.o
                0x00004540                UART_BaudREGCalc
 .text.UART_SInit
                0x00004590       0x88 build/fm33a0xx_uart.o
                0x00004590                UART_SInit
 .text.SystemInit
                0x00004618       0x10 build/system_FM33A0XX.o
                0x00004618                SystemInit
 .text.main_dwg
                0x00004628       0x34 build/main.o
                0x00004628                main_dwg
 .text.main_nb95
                0x0000465c       0xfc build/main.o
                0x0000465c                main_nb95
 .text.temp_sensor_init
                0x00004758        0x8 build/main.o
                0x00004758                temp_sensor_init
 .text.main_dht12
                0x00004760       0x70 build/main.o
                0x00004760                main_dht12
 .text.creat_maintask
                0x000047d0       0x20 build/main.o
                0x000047d0                creat_maintask
 .text.main     0x000047f0       0x98 build/main.o
                0x000047f0                main
 .text.neul_bc95_hex_to_str
                0x00004888       0x64 build/neul_bc95.o
 .text.neul_bc95_str_to_hex
                0x000048ec       0x44 build/neul_bc95.o
 .text.uart_data_read
                0x00004930       0x38 build/neul_bc95.o
                0x00004930                uart_data_read
 .text.uart_data_write
                0x00004968       0x1c build/neul_bc95.o
                0x00004968                uart_data_write
 .text.neul_bc95_get_netstat
                0x00004984       0x64 build/neul_bc95.o
                0x00004984                neul_bc95_get_netstat
 .text.neul_bc95_reboot
                0x000049e8       0x68 build/neul_bc95.o
                0x000049e8                neul_bc95_reboot
 .text.neul_bc95_set_cdpserver
                0x00004a50       0xfc build/neul_bc95.o
                0x00004a50                neul_bc95_set_cdpserver
 .text.neul_bc95_send_coap_paylaod
                0x00004b4c      0x15c build/neul_bc95.o
                0x00004b4c                neul_bc95_send_coap_paylaod
 .text.neul_bc95_read_coap_msg
                0x00004ca8       0xbc build/neul_bc95.o
                0x00004ca8                neul_bc95_read_coap_msg
 .text.neul_bc95_get_csq
                0x00004d64       0x7c build/neul_bc95.o
                0x00004d64                neul_bc95_get_csq
 .text.uart_data_flush
                0x00004de0       0x1c build/neul_bc95.o
                0x00004de0                uart_data_flush
 .text.Init_PrintUartx
                0x00004dfc       0x20 build/print.o
                0x00004dfc                Init_PrintUartx
 .text.RingInit
                0x00004e1c       0x10 build/ring.o
                0x00004e1c                RingInit
 .text.RingWrite
                0x00004e2c       0xb4 build/ring.o
                0x00004e2c                RingWrite
 .text.RingRead
                0x00004ee0       0x94 build/ring.o
                0x00004ee0                RingRead
 .text.RingDataLen
                0x00004f74       0x10 build/ring.o
                0x00004f74                RingDataLen
 .text.RingReset
                0x00004f84       0x14 build/ring.o
                0x00004f84                RingReset
 .text.Init_SysTick
                0x00004f98       0x30 build/user_init.o
                0x00004f98                Init_SysTick
 .text.TicksDelay
                0x00004fc8       0x24 build/user_init.o
                0x00004fc8                TicksDelay
 .text.TicksDelayMs
                0x00004fec       0x24 build/user_init.o
                0x00004fec                TicksDelayMs
 .text.TicksDelayUs
                0x00005010       0x18 build/user_init.o
                0x00005010                TicksDelayUs
 .text.CheckSysReg
                0x00005028       0x10 build/user_init.o
                0x00005028                CheckSysReg
 .text.OutputIO
                0x00005038       0x70 build/user_init.o
                0x00005038                OutputIO
 .text.AltFunIO
                0x000050a8       0x94 build/user_init.o
                0x000050a8                AltFunIO
 .text.CloseeIO
                0x0000513c       0x40 build/user_init.o
                0x0000513c                CloseeIO
 .text.Init_Pad_Io
                0x0000517c       0x58 build/user_init.o
                0x0000517c                Init_Pad_Io
 .text.Close_None_GPIO_80pin
                0x000051d4      0x18c build/user_init.o
                0x000051d4                Close_None_GPIO_80pin
 .text.Close_AllIOEXTI
                0x00005360       0x30 build/user_init.o
                0x00005360                Close_AllIOEXTI
 .text.IO_AnalogFunSet
                0x00005390       0x28 build/user_init.o
                0x00005390                IO_AnalogFunSet
 .text.IO_DFFunSet
                0x000053b8       0xe4 build/user_init.o
                0x000053b8                IO_DFFunSet
 .text.IO_WKENFunSet
                0x0000549c       0x44 build/user_init.o
                0x0000549c                IO_WKENFunSet
 .text.Close_AllIO_GPIO_80pin
                0x000054e0      0x2c8 build/user_init.o
                0x000054e0                Close_AllIO_GPIO_80pin
 .text.Init_RCC_PERIPH_clk
                0x000057a8      0x1dc build/user_init.o
                0x000057a8                Init_RCC_PERIPH_clk
 .text.Init_PLL
                0x00005984       0x24 build/user_init.o
                0x00005984                Init_PLL
 .text.Init_SysClk
                0x000059a8       0x28 build/user_init.o
                0x000059a8                Init_SysClk
 .text.SCU_Init
                0x000059d0       0x44 build/user_init.o
                0x000059d0                SCU_Init
 .text.Init_SysClk_Gen
                0x00005a14       0x30 build/user_init.o
                0x00005a14                Init_SysClk_Gen
 .text.IWDT_Init
                0x00005a44       0x20 build/user_init.o
                0x00005a44                IWDT_Init
 .text.Init_IO  0x00005a64       0x1c build/user_init.o
                0x00005a64                Init_IO
 .text.LED0_Flash
                0x00005a80       0x40 build/user_init.o
                0x00005a80                LED0_Flash
 .text.Init_System
                0x00005ac0       0x44 build/user_init.o
                0x00005ac0                Init_System
 .text.UART_ISR
                0x00005b04       0x94 build/los_uart.o
                0x00005b04                UART_ISR
 .text.UART0_IRQHandler
                0x00005b98        0xc build/los_uart.o
                0x00005b98                UART0_IRQHandler
 .text.UART1_IRQHandler
                0x00005ba4        0xc build/los_uart.o
                0x00005ba4                UART1_IRQHandler
 .text.UART2_IRQHandler
                0x00005bb0        0xc build/los_uart.o
                0x00005bb0                UART2_IRQHandler
 .text.UART3_IRQHandler
                0x00005bbc        0xc build/los_uart.o
                0x00005bbc                UART3_IRQHandler
 .text.UART4_IRQHandler
                0x00005bc8        0xc build/los_uart.o
                0x00005bc8                UART4_IRQHandler
 .text.UART5_IRQHandler
                0x00005bd4        0xc build/los_uart.o
                0x00005bd4                UART5_IRQHandler
 .text.Uartx_Init
                0x00005be0      0x204 build/los_uart.o
                0x00005be0                Uartx_Init
 .text.los_dev_uart_init
                0x00005de4       0xa4 build/los_uart.o
                0x00005de4                los_dev_uart_init
 .text.los_dev_uart_read
                0x00005e88       0xa8 build/los_uart.o
                0x00005e88                los_dev_uart_read
 .text.los_dev_uart_write
                0x00005f30       0x7c build/los_uart.o
                0x00005f30                los_dev_uart_write
 .text.los_dev_uart_rflush
                0x00005fac       0x3c build/los_uart.o
                0x00005fac                los_dev_uart_rflush
 .text.DHT12_Rst
                0x00005fe8       0x50 build/dht12.o
                0x00005fe8                DHT12_Rst
 .text.DHT12_Check
                0x00006038       0x78 build/dht12.o
                0x00006038                DHT12_Check
 .text.DHT12_Read_Bit
                0x000060b0       0x64 build/dht12.o
                0x000060b0                DHT12_Read_Bit
 .text.DHT12_Read_Byte
                0x00006114       0x20 build/dht12.o
                0x00006114                DHT12_Read_Byte
 .text.DHT12_Read_Data
                0x00006134       0x68 build/dht12.o
                0x00006134                DHT12_Read_Data
 .text.DHT12_Init
                0x0000619c       0x34 build/dht12.o
                0x0000619c                DHT12_Init
 .text.Reset_Handler
                0x000061d0       0x4c build/startup_FM33A0XX.o
                0x000061d0                Reset_Handler
 .text.Default_Handler
                0x0000621c        0x2 build/startup_FM33A0XX.o
                0x0000621c                GPIO_IRQHandler
                0x0000621c                U78160_IRQHandler
                0x0000621c                HardFault_Handler
                0x0000621c                NMI_Handler
                0x0000621c                BTIM1_IRQHandler
                0x0000621c                ETIM4_IRQHandler
                0x0000621c                FDET_IRQHandler
                0x0000621c                LPTIM_IRQHandler
                0x0000621c                SPI1_IRQHandler
                0x0000621c                RTC_IRQHandler
                0x0000621c                BTIM2_IRQHandler
                0x0000621c                LCD_IRQHandler
                0x0000621c                Default_Handler
                0x0000621c                U78161_IRQHandler
                0x0000621c                ADC_IRQHandler
                0x0000621c                ETIM1_IRQHandler
                0x0000621c                SPI2_IRQHandler
                0x0000621c                I2C_IRQHandler
                0x0000621c                SVC_Handler
                0x0000621c                ETIM2_IRQHandler
                0x0000621c                COMP_IRQHandler
                0x0000621c                AES_IRQHandler
                0x0000621c                DMA_IRQHandler
                0x0000621c                HSPI_IRQHandler
                0x0000621c                SVD_IRQHandler
                0x0000621c                NVMIF_IRQHandler
                0x0000621c                ETIM3_IRQHandler
                0x0000621c                TRNG_IRQHandler
                0x0000621c                WWDT_IRQHandler
 .text.memcpy   0x0000621e       0x12 d:/gnu tools arm embedded/5.4 2016q3/bin/../lib/gcc/arm-none-eabi/5.4.1/../../../../arm-none-eabi/lib/armv6-m\libc_nano.a(lib_a-memcpy-stub.o)
                0x0000621e                memcpy
 .text.memset   0x00006230       0x10 d:/gnu tools arm embedded/5.4 2016q3/bin/../lib/gcc/arm-none-eabi/5.4.1/../../../../arm-none-eabi/lib/armv6-m\libc_nano.a(lib_a-memset.o)
                0x00006230                memset
 .text.printf   0x00006240       0x34 d:/gnu tools arm embedded/5.4 2016q3/bin/../lib/gcc/arm-none-eabi/5.4.1/../../../../arm-none-eabi/lib/armv6-m\libc_nano.a(lib_a-printf.o)
                0x00006240                iprintf
                0x00006240                printf
 .text._puts_r  0x00006274       0xc4 d:/gnu tools arm embedded/5.4 2016q3/bin/../lib/gcc/arm-none-eabi/5.4.1/../../../../arm-none-eabi/lib/armv6-m\libc_nano.a(lib_a-puts.o)
                0x00006274                _puts_r
 .text.puts     0x00006338       0x14 d:/gnu tools arm embedded/5.4 2016q3/bin/../lib/gcc/arm-none-eabi/5.4.1/../../../../arm-none-eabi/lib/armv6-m\libc_nano.a(lib_a-puts.o)
                0x00006338                puts
 .text.sprintf  0x0000634c       0x44 d:/gnu tools arm embedded/5.4 2016q3/bin/../lib/gcc/arm-none-eabi/5.4.1/../../../../arm-none-eabi/lib/armv6-m\libc_nano.a(lib_a-sprintf.o)
                0x0000634c                siprintf
                0x0000634c                sprintf
 .text.sscanf   0x00006390       0x50 d:/gnu tools arm embedded/5.4 2016q3/bin/../lib/gcc/arm-none-eabi/5.4.1/../../../../arm-none-eabi/lib/armv6-m\libc_nano.a(lib_a-sscanf.o)
                0x00006390                siscanf
                0x00006390                sscanf
 .text.__sread  0x000063e0       0x28 d:/gnu tools arm embedded/5.4 2016q3/bin/../lib/gcc/arm-none-eabi/5.4.1/../../../../arm-none-eabi/lib/armv6-m\libc_nano.a(lib_a-stdio.o)
                0x000063e0                __sread
 .text.__seofread
                0x00006408        0x4 d:/gnu tools arm embedded/5.4 2016q3/bin/../lib/gcc/arm-none-eabi/5.4.1/../../../../arm-none-eabi/lib/armv6-m\libc_nano.a(lib_a-stdio.o)
                0x00006408                __seofread
 .text.__swrite
                0x0000640c       0x38 d:/gnu tools arm embedded/5.4 2016q3/bin/../lib/gcc/arm-none-eabi/5.4.1/../../../../arm-none-eabi/lib/armv6-m\libc_nano.a(lib_a-stdio.o)
                0x0000640c                __swrite
 .text.__sseek  0x00006444       0x2c d:/gnu tools arm embedded/5.4 2016q3/bin/../lib/gcc/arm-none-eabi/5.4.1/../../../../arm-none-eabi/lib/armv6-m\libc_nano.a(lib_a-stdio.o)
                0x00006444                __sseek
 .text.__sclose
                0x00006470        0xc d:/gnu tools arm embedded/5.4 2016q3/bin/../lib/gcc/arm-none-eabi/5.4.1/../../../../arm-none-eabi/lib/armv6-m\libc_nano.a(lib_a-stdio.o)
                0x00006470                __sclose
 .text.strstr   0x0000647c       0x36 d:/gnu tools arm embedded/5.4 2016q3/bin/../lib/gcc/arm-none-eabi/5.4.1/../../../../arm-none-eabi/lib/armv6-m\libc_nano.a(lib_a-strstr.o)
                0x0000647c                strstr
 *fill*         0x000064b2        0x2 
 .text.__swbuf_r
                0x000064b4       0xac d:/gnu tools arm embedded/5.4 2016q3/bin/../lib/gcc/arm-none-eabi/5.4.1/../../../../arm-none-eabi/lib/armv6-m\libc_nano.a(lib_a-wbuf.o)
                0x000064b4                __swbuf_r
 .text._write_r
                0x00006560       0x28 d:/gnu tools arm embedded/5.4 2016q3/bin/../lib/gcc/arm-none-eabi/5.4.1/../../../../arm-none-eabi/lib/armv6-m\libc_nano.a(lib_a-writer.o)
                0x00006560                _write_r
 .text.__swsetup_r
                0x00006588       0xec d:/gnu tools arm embedded/5.4 2016q3/bin/../lib/gcc/arm-none-eabi/5.4.1/../../../../arm-none-eabi/lib/armv6-m\libc_nano.a(lib_a-wsetup.o)
                0x00006588                __swsetup_r
 .text._close_r
                0x00006674       0x24 d:/gnu tools arm embedded/5.4 2016q3/bin/../lib/gcc/arm-none-eabi/5.4.1/../../../../arm-none-eabi/lib/armv6-m\libc_nano.a(lib_a-closer.o)
                0x00006674                _close_r
 .text.__sflush_r
                0x00006698      0x10c d:/gnu tools arm embedded/5.4 2016q3/bin/../lib/gcc/arm-none-eabi/5.4.1/../../../../arm-none-eabi/lib/armv6-m\libc_nano.a(lib_a-fflush.o)
                0x00006698                __sflush_r
 .text._fflush_r
                0x000067a4       0x58 d:/gnu tools arm embedded/5.4 2016q3/bin/../lib/gcc/arm-none-eabi/5.4.1/../../../../arm-none-eabi/lib/armv6-m\libc_nano.a(lib_a-fflush.o)
                0x000067a4                _fflush_r
 .text._cleanup_r
                0x000067fc       0x10 d:/gnu tools arm embedded/5.4 2016q3/bin/../lib/gcc/arm-none-eabi/5.4.1/../../../../arm-none-eabi/lib/armv6-m\libc_nano.a(lib_a-findfp.o)
                0x000067fc                _cleanup_r
 .text.std.isra.0
                0x0000680c       0x48 d:/gnu tools arm embedded/5.4 2016q3/bin/../lib/gcc/arm-none-eabi/5.4.1/../../../../arm-none-eabi/lib/armv6-m\libc_nano.a(lib_a-findfp.o)
 .text.__sfmoreglue
                0x00006854       0x2c d:/gnu tools arm embedded/5.4 2016q3/bin/../lib/gcc/arm-none-eabi/5.4.1/../../../../arm-none-eabi/lib/armv6-m\libc_nano.a(lib_a-findfp.o)
                0x00006854                __sfmoreglue
 .text.__sinit  0x00006880       0x68 d:/gnu tools arm embedded/5.4 2016q3/bin/../lib/gcc/arm-none-eabi/5.4.1/../../../../arm-none-eabi/lib/armv6-m\libc_nano.a(lib_a-findfp.o)
                0x00006880                __sinit
 .text.__sfp    0x000068e8       0x7c d:/gnu tools arm embedded/5.4 2016q3/bin/../lib/gcc/arm-none-eabi/5.4.1/../../../../arm-none-eabi/lib/armv6-m\libc_nano.a(lib_a-findfp.o)
                0x000068e8                __sfp
 .text._fwalk_reent
                0x00006964       0x42 d:/gnu tools arm embedded/5.4 2016q3/bin/../lib/gcc/arm-none-eabi/5.4.1/../../../../arm-none-eabi/lib/armv6-m\libc_nano.a(lib_a-fwalk.o)
                0x00006964                _fwalk_reent
 *fill*         0x000069a6        0x2 
 .text._lseek_r
                0x000069a8       0x28 d:/gnu tools arm embedded/5.4 2016q3/bin/../lib/gcc/arm-none-eabi/5.4.1/../../../../arm-none-eabi/lib/armv6-m\libc_nano.a(lib_a-lseekr.o)
                0x000069a8                _lseek_r
 .text.__swhatbuf_r
                0x000069d0       0x4c d:/gnu tools arm embedded/5.4 2016q3/bin/../lib/gcc/arm-none-eabi/5.4.1/../../../../arm-none-eabi/lib/armv6-m\libc_nano.a(lib_a-makebuf.o)
                0x000069d0                __swhatbuf_r
 .text.__smakebuf_r
                0x00006a1c       0x7c d:/gnu tools arm embedded/5.4 2016q3/bin/../lib/gcc/arm-none-eabi/5.4.1/../../../../arm-none-eabi/lib/armv6-m\libc_nano.a(lib_a-makebuf.o)
                0x00006a1c                __smakebuf_r
 .text._free_r  0x00006a98       0x98 d:/gnu tools arm embedded/5.4 2016q3/bin/../lib/gcc/arm-none-eabi/5.4.1/../../../../arm-none-eabi/lib/armv6-m\libc_nano.a(lib_a-nano-freer.o)
                0x00006a98                _free_r
 .text._malloc_r
                0x00006b30       0xc0 d:/gnu tools arm embedded/5.4 2016q3/bin/../lib/gcc/arm-none-eabi/5.4.1/../../../../arm-none-eabi/lib/armv6-m\libc_nano.a(lib_a-nano-mallocr.o)
                0x00006b30                _malloc_r
 .text.__ssputs_r
                0x00006bf0       0xc4 d:/gnu tools arm embedded/5.4 2016q3/bin/../lib/gcc/arm-none-eabi/5.4.1/../../../../arm-none-eabi/lib/armv6-m\libc_nano.a(lib_a-nano-svfprintf.o)
                0x00006bf0                __ssputs_r
 .text._svfprintf_r
                0x00006cb4      0x1fc d:/gnu tools arm embedded/5.4 2016q3/bin/../lib/gcc/arm-none-eabi/5.4.1/../../../../arm-none-eabi/lib/armv6-m\libc_nano.a(lib_a-nano-svfprintf.o)
                0x00006cb4                _svfiprintf_r
                0x00006cb4                _svfprintf_r
 .text._sungetc_r
                0x00006eb0       0x78 d:/gnu tools arm embedded/5.4 2016q3/bin/../lib/gcc/arm-none-eabi/5.4.1/../../../../arm-none-eabi/lib/armv6-m\libc_nano.a(lib_a-nano-svfscanf.o)
                0x00006eb0                _sungetc_r
 .text.__ssrefill_r
                0x00006f28       0x3e d:/gnu tools arm embedded/5.4 2016q3/bin/../lib/gcc/arm-none-eabi/5.4.1/../../../../arm-none-eabi/lib/armv6-m\libc_nano.a(lib_a-nano-svfscanf.o)
                0x00006f28                __ssrefill_r
 *fill*         0x00006f66        0x2 
 .text.__ssvfscanf_r
                0x00006f68      0x2fc d:/gnu tools arm embedded/5.4 2016q3/bin/../lib/gcc/arm-none-eabi/5.4.1/../../../../arm-none-eabi/lib/armv6-m\libc_nano.a(lib_a-nano-svfscanf.o)
                0x00006f68                __ssvfiscanf_r
                0x00006f68                __ssvfscanf_r
 .text.__sfputc_r
                0x00007264       0x2a d:/gnu tools arm embedded/5.4 2016q3/bin/../lib/gcc/arm-none-eabi/5.4.1/../../../../arm-none-eabi/lib/armv6-m\libc_nano.a(lib_a-nano-vfprintf.o)
 .text.__sfputs_r
                0x0000728e       0x24 d:/gnu tools arm embedded/5.4 2016q3/bin/../lib/gcc/arm-none-eabi/5.4.1/../../../../arm-none-eabi/lib/armv6-m\libc_nano.a(lib_a-nano-vfprintf.o)
                0x0000728e                __sfputs_r
 *fill*         0x000072b2        0x2 
 .text._vfprintf_r
                0x000072b4      0x238 d:/gnu tools arm embedded/5.4 2016q3/bin/../lib/gcc/arm-none-eabi/5.4.1/../../../../arm-none-eabi/lib/armv6-m\libc_nano.a(lib_a-nano-vfprintf.o)
                0x000072b4                _vfprintf_r
                0x000072b4                _vfiprintf_r
 .text._printf_common
                0x000074ec       0xdc d:/gnu tools arm embedded/5.4 2016q3/bin/../lib/gcc/arm-none-eabi/5.4.1/../../../../arm-none-eabi/lib/armv6-m\libc_nano.a(lib_a-nano-vfprintf_i.o)
                0x000074ec                _printf_common
 .text._printf_i
                0x000075c8      0x244 d:/gnu tools arm embedded/5.4 2016q3/bin/../lib/gcc/arm-none-eabi/5.4.1/../../../../arm-none-eabi/lib/armv6-m\libc_nano.a(lib_a-nano-vfprintf_i.o)
                0x000075c8                _printf_i
 .text._scanf_chars
                0x0000780c       0xce d:/gnu tools arm embedded/5.4 2016q3/bin/../lib/gcc/arm-none-eabi/5.4.1/../../../../arm-none-eabi/lib/armv6-m\libc_nano.a(lib_a-nano-vfscanf_i.o)
                0x0000780c                _scanf_chars
 *fill*         0x000078da        0x2 
 .text._scanf_i
                0x000078dc      0x200 d:/gnu tools arm embedded/5.4 2016q3/bin/../lib/gcc/arm-none-eabi/5.4.1/../../../../arm-none-eabi/lib/armv6-m\libc_nano.a(lib_a-nano-vfscanf_i.o)
                0x000078dc                _scanf_i
 .text._read_r  0x00007adc       0x28 d:/gnu tools arm embedded/5.4 2016q3/bin/../lib/gcc/arm-none-eabi/5.4.1/../../../../arm-none-eabi/lib/armv6-m\libc_nano.a(lib_a-readr.o)
                0x00007adc                _read_r
 .text._sbrk_r  0x00007b04       0x24 d:/gnu tools arm embedded/5.4 2016q3/bin/../lib/gcc/arm-none-eabi/5.4.1/../../../../arm-none-eabi/lib/armv6-m\libc_nano.a(lib_a-sbrkr.o)
                0x00007b04                _sbrk_r
 .text.__sccl   0x00007b28       0x64 d:/gnu tools arm embedded/5.4 2016q3/bin/../lib/gcc/arm-none-eabi/5.4.1/../../../../arm-none-eabi/lib/armv6-m\libc_nano.a(lib_a-sccl.o)
                0x00007b28                __sccl
 .text._strtol_l.isra.0
                0x00007b8c      0x11c d:/gnu tools arm embedded/5.4 2016q3/bin/../lib/gcc/arm-none-eabi/5.4.1/../../../../arm-none-eabi/lib/armv6-m\libc_nano.a(lib_a-strtol.o)
 .text._strtol_r
                0x00007ca8       0x20 d:/gnu tools arm embedded/5.4 2016q3/bin/../lib/gcc/arm-none-eabi/5.4.1/../../../../arm-none-eabi/lib/armv6-m\libc_nano.a(lib_a-strtol.o)
                0x00007ca8                _strtol_r
 .text._strtoul_l.isra.0
                0x00007cc8      0x108 d:/gnu tools arm embedded/5.4 2016q3/bin/../lib/gcc/arm-none-eabi/5.4.1/../../../../arm-none-eabi/lib/armv6-m\libc_nano.a(lib_a-strtoul.o)
 .text._strtoul_r
                0x00007dd0       0x20 d:/gnu tools arm embedded/5.4 2016q3/bin/../lib/gcc/arm-none-eabi/5.4.1/../../../../arm-none-eabi/lib/armv6-m\libc_nano.a(lib_a-strtoul.o)
                0x00007dd0                _strtoul_r
 .text.__submore
                0x00007df0       0x7c d:/gnu tools arm embedded/5.4 2016q3/bin/../lib/gcc/arm-none-eabi/5.4.1/../../../../arm-none-eabi/lib/armv6-m\libc_nano.a(lib_a-ungetc.o)
                0x00007df0                __submore
 .text._fstat_r
                0x00007e6c       0x24 d:/gnu tools arm embedded/5.4 2016q3/bin/../lib/gcc/arm-none-eabi/5.4.1/../../../../arm-none-eabi/lib/armv6-m\libc_nano.a(lib_a-fstatr.o)
                0x00007e6c                _fstat_r
 .text._isatty_r
                0x00007e90       0x24 d:/gnu tools arm embedded/5.4 2016q3/bin/../lib/gcc/arm-none-eabi/5.4.1/../../../../arm-none-eabi/lib/armv6-m\libc_nano.a(lib_a-isattyr.o)
                0x00007e90                _isatty_r
 .text.__get_current_locale
                0x00007eb4       0x18 d:/gnu tools arm embedded/5.4 2016q3/bin/../lib/gcc/arm-none-eabi/5.4.1/../../../../arm-none-eabi/lib/armv6-m\libc_nano.a(lib_a-locale.o)
 .text.__locale_ctype_ptr_l
                0x00007ecc        0x6 d:/gnu tools arm embedded/5.4 2016q3/bin/../lib/gcc/arm-none-eabi/5.4.1/../../../../arm-none-eabi/lib/armv6-m\libc_nano.a(lib_a-locale.o)
                0x00007ecc                __locale_ctype_ptr_l
 *fill*         0x00007ed2        0x2 
 .text.__locale_ctype_ptr
                0x00007ed4       0x14 d:/gnu tools arm embedded/5.4 2016q3/bin/../lib/gcc/arm-none-eabi/5.4.1/../../../../arm-none-eabi/lib/armv6-m\libc_nano.a(lib_a-locale.o)
                0x00007ed4                __locale_ctype_ptr
 .text.__ascii_mbtowc
                0x00007ee8       0x24 d:/gnu tools arm embedded/5.4 2016q3/bin/../lib/gcc/arm-none-eabi/5.4.1/../../../../arm-none-eabi/lib/armv6-m\libc_nano.a(lib_a-mbtowc_r.o)
                0x00007ee8                __ascii_mbtowc
 .text.memchr   0x00007f0c       0x16 d:/gnu tools arm embedded/5.4 2016q3/bin/../lib/gcc/arm-none-eabi/5.4.1/../../../../arm-none-eabi/lib/armv6-m\libc_nano.a(lib_a-memchr-stub.o)
                0x00007f0c                memchr
 .text.memmove  0x00007f22       0x2a d:/gnu tools arm embedded/5.4 2016q3/bin/../lib/gcc/arm-none-eabi/5.4.1/../../../../arm-none-eabi/lib/armv6-m\libc_nano.a(lib_a-memmove.o)
                0x00007f22                memmove
 .text.__malloc_lock
                0x00007f4c        0x2 d:/gnu tools arm embedded/5.4 2016q3/bin/../lib/gcc/arm-none-eabi/5.4.1/../../../../arm-none-eabi/lib/armv6-m\libc_nano.a(lib_a-mlock.o)
                0x00007f4c                __malloc_lock
 .text.__malloc_unlock
                0x00007f4e        0x2 d:/gnu tools arm embedded/5.4 2016q3/bin/../lib/gcc/arm-none-eabi/5.4.1/../../../../arm-none-eabi/lib/armv6-m\libc_nano.a(lib_a-mlock.o)
                0x00007f4e                __malloc_unlock
 .text._realloc_r
                0x00007f50       0x4c d:/gnu tools arm embedded/5.4 2016q3/bin/../lib/gcc/arm-none-eabi/5.4.1/../../../../arm-none-eabi/lib/armv6-m\libc_nano.a(lib_a-nano-reallocr.o)
                0x00007f50                _realloc_r
 .text.__ascii_wctomb
                0x00007f9c       0x18 d:/gnu tools arm embedded/5.4 2016q3/bin/../lib/gcc/arm-none-eabi/5.4.1/../../../../arm-none-eabi/lib/armv6-m\libc_nano.a(lib_a-wctomb_r.o)
                0x00007f9c                __ascii_wctomb
 .text._malloc_usable_size_r
                0x00007fb4       0x16 d:/gnu tools arm embedded/5.4 2016q3/bin/../lib/gcc/arm-none-eabi/5.4.1/../../../../arm-none-eabi/lib/armv6-m\libc_nano.a(lib_a-nano-msizer.o)
                0x00007fb4                _malloc_usable_size_r
 *fill*         0x00007fca        0x2 
 .text._close   0x00007fcc       0x10 d:/gnu tools arm embedded/5.4 2016q3/bin/../lib/gcc/arm-none-eabi/5.4.1/../../../../arm-none-eabi/lib/armv6-m\libnosys.a(close.o)
                0x00007fcc                _close
 .text._fstat   0x00007fdc       0x10 d:/gnu tools arm embedded/5.4 2016q3/bin/../lib/gcc/arm-none-eabi/5.4.1/../../../../arm-none-eabi/lib/armv6-m\libnosys.a(fstat.o)
                0x00007fdc                _fstat
 .text._isatty  0x00007fec       0x10 d:/gnu tools arm embedded/5.4 2016q3/bin/../lib/gcc/arm-none-eabi/5.4.1/../../../../arm-none-eabi/lib/armv6-m\libnosys.a(isatty.o)
                0x00007fec                _isatty
 .text._lseek   0x00007ffc       0x10 d:/gnu tools arm embedded/5.4 2016q3/bin/../lib/gcc/arm-none-eabi/5.4.1/../../../../arm-none-eabi/lib/armv6-m\libnosys.a(lseek.o)
                0x00007ffc                _lseek
 .text._read    0x0000800c       0x10 d:/gnu tools arm embedded/5.4 2016q3/bin/../lib/gcc/arm-none-eabi/5.4.1/../../../../arm-none-eabi/lib/armv6-m\libnosys.a(read.o)
                0x0000800c                _read
 .text._sbrk    0x0000801c       0x1c d:/gnu tools arm embedded/5.4 2016q3/bin/../lib/gcc/arm-none-eabi/5.4.1/../../../../arm-none-eabi/lib/armv6-m\libnosys.a(sbrk.o)
                0x0000801c                _sbrk
 .text._write   0x00008038       0x10 d:/gnu tools arm embedded/5.4 2016q3/bin/../lib/gcc/arm-none-eabi/5.4.1/../../../../arm-none-eabi/lib/armv6-m\libnosys.a(write.o)
                0x00008038                _write
 *(.glue_7)
 .glue_7        0x00008048        0x0 linker stubs
 *(.glue_7t)
 .glue_7t       0x00008048        0x0 linker stubs
 *(.eh_frame)
 .eh_frame      0x00008048        0x0 d:/gnu tools arm embedded/5.4 2016q3/bin/../lib/gcc/arm-none-eabi/5.4.1/armv6-m/crtbegin.o
 *(.init)
 .init          0x00008048        0x4 d:/gnu tools arm embedded/5.4 2016q3/bin/../lib/gcc/arm-none-eabi/5.4.1/armv6-m/crti.o
                0x00008048                _init
 .init          0x0000804c        0x8 d:/gnu tools arm embedded/5.4 2016q3/bin/../lib/gcc/arm-none-eabi/5.4.1/armv6-m/crtn.o
 *(.fini)
 .fini          0x00008054        0x4 d:/gnu tools arm embedded/5.4 2016q3/bin/../lib/gcc/arm-none-eabi/5.4.1/armv6-m/crti.o
                0x00008054                _fini
 .fini          0x00008058        0x8 d:/gnu tools arm embedded/5.4 2016q3/bin/../lib/gcc/arm-none-eabi/5.4.1/armv6-m/crtn.o
                0x00008060                . = ALIGN (0x4)
                0x00008060                _etext = .

.vfp11_veneer   0x00008060        0x0
 .vfp11_veneer  0x00008060        0x0 linker stubs

.v4_bx          0x00008060        0x0
 .v4_bx         0x00008060        0x0 linker stubs

.iplt           0x00008060        0x0
 .iplt          0x00008060        0x0 d:/gnu tools arm embedded/5.4 2016q3/bin/../lib/gcc/arm-none-eabi/5.4.1/armv6-m/crtbegin.o

.rodata         0x00008060      0xb54
                0x00008060                . = ALIGN (0x4)
 *(.rodata)
 .rodata        0x00008060        0xc d:/gnu tools arm embedded/5.4 2016q3/bin/../lib/gcc/arm-none-eabi/5.4.1/../../../../arm-none-eabi/lib/armv6-m\libc_nano.a(lib_a-nano-vfscanf_i.o)
 .rodata        0x0000806c       0x80 d:/gnu tools arm embedded/5.4 2016q3/bin/../lib/gcc/arm-none-eabi/5.4.1/armv6-m\libgcc.a(divsf3.o)
 *(.rodata*)
 .rodata.str1.4
                0x000080ec       0x72 build/los_init.o
 *fill*         0x0000815e        0x2 
 .rodata.str1.4
                0x00008160        0x9 build/los_swtmr.o
 *fill*         0x00008169        0x3 
 .rodata.str1.4
                0x0000816c      0x268 build/los_task.o
                                0x270 (size before relaxing)
 .rodata.str1.4
                0x000083d4       0x35 build/los_mux.o
                                 0x3d (size before relaxing)
 *fill*         0x00008409        0x3 
 .rodata.str1.4
                0x0000840c       0x1c build/los_queue.o
                                 0x24 (size before relaxing)
 .rodata.str1.4
                0x00008428       0x41 build/los_heap.o
                                 0x49 (size before relaxing)
 *fill*         0x00008469        0x3 
 .rodata.str1.4
                0x0000846c       0x2f build/los_memory.o
                                 0x37 (size before relaxing)
 *fill*         0x0000849b        0x1 
 .rodata.str1.4
                0x0000849c      0x133 build/main.o
 *fill*         0x000085cf        0x1 
 .rodata.str1.4
                0x000085d0      0x409 build/neul_bc95.o
                                0x411 (size before relaxing)
 *fill*         0x000089d9        0x3 
 .rodata.Uartx_Init
                0x000089dc       0x18 build/los_uart.o
 .rodata.str1.4
                0x000089f4      0x40c build/los_uart.o
                                  0x3 (size before relaxing)
 .rodata._global_impure_ptr
                0x000089f4        0x4 d:/gnu tools arm embedded/5.4 2016q3/bin/../lib/gcc/arm-none-eabi/5.4.1/../../../../arm-none-eabi/lib/armv6-m\libc_nano.a(lib_a-impure.o)
                0x000089f4                _global_impure_ptr
 .rodata.__sf_fake_stdin
                0x000089f8       0x20 d:/gnu tools arm embedded/5.4 2016q3/bin/../lib/gcc/arm-none-eabi/5.4.1/../../../../arm-none-eabi/lib/armv6-m\libc_nano.a(lib_a-findfp.o)
                0x000089f8                __sf_fake_stdin
 .rodata.__sf_fake_stdout
                0x00008a18       0x20 d:/gnu tools arm embedded/5.4 2016q3/bin/../lib/gcc/arm-none-eabi/5.4.1/../../../../arm-none-eabi/lib/armv6-m\libc_nano.a(lib_a-findfp.o)
                0x00008a18                __sf_fake_stdout
 .rodata.__sf_fake_stderr
                0x00008a38       0x20 d:/gnu tools arm embedded/5.4 2016q3/bin/../lib/gcc/arm-none-eabi/5.4.1/../../../../arm-none-eabi/lib/armv6-m\libc_nano.a(lib_a-findfp.o)
                0x00008a38                __sf_fake_stderr
 .rodata.str1.1
                0x00008a58       0x11 d:/gnu tools arm embedded/5.4 2016q3/bin/../lib/gcc/arm-none-eabi/5.4.1/../../../../arm-none-eabi/lib/armv6-m\libc_nano.a(lib_a-nano-svfprintf.o)
 .rodata.str1.1
                0x00008a69        0x4 d:/gnu tools arm embedded/5.4 2016q3/bin/../lib/gcc/arm-none-eabi/5.4.1/../../../../arm-none-eabi/lib/armv6-m\libc_nano.a(lib_a-nano-svfscanf.o)
 .rodata.str1.1
                0x00008a69       0x11 d:/gnu tools arm embedded/5.4 2016q3/bin/../lib/gcc/arm-none-eabi/5.4.1/../../../../arm-none-eabi/lib/armv6-m\libc_nano.a(lib_a-nano-vfprintf.o)
 .rodata.str1.1
                0x00008a69       0x22 d:/gnu tools arm embedded/5.4 2016q3/bin/../lib/gcc/arm-none-eabi/5.4.1/../../../../arm-none-eabi/lib/armv6-m\libc_nano.a(lib_a-nano-vfprintf_i.o)
 .rodata.str1.1
                0x00008a8b       0x1b d:/gnu tools arm embedded/5.4 2016q3/bin/../lib/gcc/arm-none-eabi/5.4.1/../../../../arm-none-eabi/lib/armv6-m\libc_nano.a(lib_a-nano-vfscanf_i.o)
 .rodata.str1.1
                0x00008aa6        0xa d:/gnu tools arm embedded/5.4 2016q3/bin/../lib/gcc/arm-none-eabi/5.4.1/../../../../arm-none-eabi/lib/armv6-m\libc_nano.a(lib_a-locale.o)
                                  0xb (size before relaxing)
 .rodata._ctype_
                0x00008ab0      0x101 d:/gnu tools arm embedded/5.4 2016q3/bin/../lib/gcc/arm-none-eabi/5.4.1/../../../../arm-none-eabi/lib/armv6-m\libc_nano.a(lib_a-ctype_.o)
                0x00008ab0                _ctype_
                0x00008e00                . = ALIGN (0x4)
 *fill*         0x00008bb1        0x3 

.rel.dyn        0x00008bb4        0x0
 .rel.iplt      0x00008bb4        0x0 d:/gnu tools arm embedded/5.4 2016q3/bin/../lib/gcc/arm-none-eabi/5.4.1/armv6-m/crtbegin.o

.ARM.extab
 *(.ARM.extab* .gnu.linkonce.armextab.*)

.ARM            0x00008bb4        0x0
                0x00008bb4                __exidx_start = .
 *(.ARM.exidx*)
                0x00008bb4                __exidx_end = .

.preinit_array  0x00008bb4        0x0
                0x00008bb4                PROVIDE (__preinit_array_start, .)
 *(.preinit_array*)
                0x00008bb4                PROVIDE (__preinit_array_end, .)

.init_array     0x00008bb4        0x4
                0x00008bb4                PROVIDE (__init_array_start, .)
 *(SORT(.init_array.*))
 *(.init_array*)
 .init_array    0x00008bb4        0x4 d:/gnu tools arm embedded/5.4 2016q3/bin/../lib/gcc/arm-none-eabi/5.4.1/armv6-m/crtbegin.o
                0x00008bb8                PROVIDE (__init_array_end, .)

.fini_array     0x00008bb8        0x4
                [!provide]                PROVIDE (__fini_array_start, .)
 *(SORT(.fini_array.*))
 *(.fini_array*)
 .fini_array    0x00008bb8        0x4 d:/gnu tools arm embedded/5.4 2016q3/bin/../lib/gcc/arm-none-eabi/5.4.1/armv6-m/crtbegin.o
                [!provide]                PROVIDE (__fini_array_end, .)
                0x00008bbc                _sidata = LOADADDR (.data)

.data           0x20000000      0x230 load address 0x00008bbc
                0x20000000                . = ALIGN (0x4)
                0x20000000                _sdata = .
 *(.data)
 *(.data*)
 .data.SystemCoreClock
                0x20000000        0x4 build/system_FM33A0XX.o
                0x20000000                SystemCoreClock
 .data.neul_dev
                0x20000004       0x24 build/neul_bc95.o
 .data.udp_socket
                0x20000028       0x18 build/neul_bc95.o
 .data.neul_ops
                0x20000040        0x8 build/neul_bc95.o
 .data.UARTHandle
                0x20000048       0x18 build/los_uart.o
                0x20000048                UARTHandle
 .data.impure_data
                0x20000060       0x60 d:/gnu tools arm embedded/5.4 2016q3/bin/../lib/gcc/arm-none-eabi/5.4.1/../../../../arm-none-eabi/lib/armv6-m\libc_nano.a(lib_a-impure.o)
 .data._impure_ptr
                0x200000c0        0x4 d:/gnu tools arm embedded/5.4 2016q3/bin/../lib/gcc/arm-none-eabi/5.4.1/../../../../arm-none-eabi/lib/armv6-m\libc_nano.a(lib_a-impure.o)
                0x200000c0                _impure_ptr
 .data.__global_locale
                0x200000c4      0x16c d:/gnu tools arm embedded/5.4 2016q3/bin/../lib/gcc/arm-none-eabi/5.4.1/../../../../arm-none-eabi/lib/armv6-m\libc_nano.a(lib_a-locale.o)
                0x200000c4                __global_locale
                0x20000230                . = ALIGN (0x4)
                0x20000230                _edata = .

.jcr            0x20000230        0x0 load address 0x00008dec
 .jcr           0x20000230        0x0 d:/gnu tools arm embedded/5.4 2016q3/bin/../lib/gcc/arm-none-eabi/5.4.1/armv6-m/crtbegin.o

.igot.plt       0x20000230        0x0 load address 0x00008dec
 .igot.plt      0x20000230        0x0 d:/gnu tools arm embedded/5.4 2016q3/bin/../lib/gcc/arm-none-eabi/5.4.1/armv6-m/crtbegin.o
                0x20000230                . = ALIGN (0x4)

.bss            0x20000230      0xa20 load address 0x00008dec
                0x20000230                _sbss = .
                0x20000230                __bss_start__ = _sbss
 *(.bss)
 .bss           0x20000230       0x1c d:/gnu tools arm embedded/5.4 2016q3/bin/../lib/gcc/arm-none-eabi/5.4.1/armv6-m/crtbegin.o
 *(.bss*)
 .bss.g_uwPriQueueBitmap
                0x2000024c        0x4 build/los_priqueue.o
 .bss.m_uwSwTmrAlignID
                0x20000250       0x40 build/los_swtmr.o
                0x20000250                m_uwSwTmrAlignID
 .bss.g_pfnTskSwitchHook
                0x20000290        0x4 build/los_task.o
                0x20000290                g_pfnTskSwitchHook
 .bss.g_pfnUsrTskSwitchHook
                0x20000294        0x4 build/los_task.o
                0x20000294                g_pfnUsrTskSwitchHook
 .bss.g_bSysTickStart
                0x20000298        0x4 build/los_tick.o
                0x20000298                g_bSysTickStart
 .bss.g_uwFreeCount
                0x2000029c        0x4 build/los_heap.o
 .bss.g_uwCurHeapUsed
                0x200002a0        0x4 build/los_heap.o
 .bss.g_uwAllocCount
                0x200002a4        0x4 build/los_heap.o
 .bss.g_uwMaxHeapUsed
                0x200002a8        0x4 build/los_heap.o
 .bss.g_pPoolHead
                0x200002ac        0x4 build/los_memory.o
                0x200002ac                g_pPoolHead
 .bss.temp_dht12
                0x200002b0        0x1 build/main.o
 *fill*         0x200002b1        0x3 
 .bss.neul_bc95_buf
                0x200002b4      0x200 build/neul_bc95.o
 .bss.neul_bc95_tmpbuf
                0x200004b4      0x200 build/neul_bc95.o
 .bss.neul_bc95_wbuf
                0x200006b4      0x200 build/neul_bc95.o
 .bss.sndcnt.7067
                0x200008b4        0x4 build/neul_bc95.o
 .bss.__malloc_sbrk_start
                0x200008b8        0x4 d:/gnu tools arm embedded/5.4 2016q3/bin/../lib/gcc/arm-none-eabi/5.4.1/../../../../arm-none-eabi/lib/armv6-m\libc_nano.a(lib_a-nano-mallocr.o)
                0x200008b8                __malloc_sbrk_start
 .bss.__malloc_free_list
                0x200008bc        0x4 d:/gnu tools arm embedded/5.4 2016q3/bin/../lib/gcc/arm-none-eabi/5.4.1/../../../../arm-none-eabi/lib/armv6-m\libc_nano.a(lib_a-nano-mallocr.o)
                0x200008bc                __malloc_free_list
 .bss.heap_end.4167
                0x200008c0        0x4 d:/gnu tools arm embedded/5.4 2016q3/bin/../lib/gcc/arm-none-eabi/5.4.1/../../../../arm-none-eabi/lib/armv6-m\libnosys.a(sbrk.o)
 *(COMMON)
 COMMON         0x200008c4        0x4 build/los_init.o
                0x200008c4                m_aucSysMem0
 COMMON         0x200008c8        0x4 build/los_priqueue.o
                0x200008c8                g_pstLosPriorityQueueList
 COMMON         0x200008cc       0x10 build/los_swtmr.o
                0x200008cc                m_pstSwtmrFreeList
                0x200008d0                m_pstSwtmrCBArray
                0x200008d4                m_uwSwTmrHandlerQueue
                0x200008d8                m_pstSwtmrSortList
 COMMON         0x200008dc      0x198 build/los_task.o
                0x200008dc                g_uwIdleTaskID
                0x200008e0                g_uwSwtmrTaskID
                0x200008e4                g_stTskRecyleList
                0x200008ec                g_stTskSortLink
                0x200008f4                g_pstTaskCBArray
                0x200008f8                g_uwTskMaxNum
                0x200008fc                g_usLosTaskLock
                0x20000900                g_stLosTask
                0x20000908                g_bTaskScheduled
                0x2000090c                g_stLosFreeTask
                0x20000914                g_astTskSwitchInfo
                0x20000a6c                g_stTaskTimerList
 *fill*         0x20000a74        0x4 
 COMMON         0x20000a78       0x18 build/los_tick.o
                0x20000a78                g_ullTickCount
                0x20000a80                g_uwCyclesPerTick
                0x20000a84                g_uwSysClock
                0x20000a88                g_uwCyclePerSec
                0x20000a8c                g_uwTicksPerSec
 COMMON         0x20000a90        0x8 build/los_timeslice.o
                0x20000a90                g_stTaskTimeSlice
 COMMON         0x20000a98        0xc build/los_mux.o
                0x20000a98                g_pstAllMux
                0x20000a9c                g_stUnusedMuxList
 COMMON         0x20000aa4        0xc build/los_queue.o
                0x20000aa4                g_stFreeQueueList
                0x20000aac                g_pstAllQueue
 COMMON         0x20000ab0        0xc build/los_sem.o
                0x20000ab0                g_stUnusedSemList
                0x20000ab8                g_pstAllSem
 COMMON         0x20000abc        0x4 build/los_err.o
                0x20000abc                g_stUserErrFunc
 COMMON         0x20000ac0       0x82 build/main.o
                0x20000ac0                gRcvBuf
                0x20000b40                humidityTemp
                0x20000b41                tempTemp
 *fill*         0x20000b42        0x2 
 COMMON         0x20000b44      0x108 build/los_uart.o
                0x20000b44                gUARTCB
 COMMON         0x20000c4c        0x4 d:/gnu tools arm embedded/5.4 2016q3/bin/../lib/gcc/arm-none-eabi/5.4.1/../../../../arm-none-eabi/lib/armv6-m\libc_nano.a(lib_a-reent.o)
                0x20000c4c                errno
                0x20000c50                . = ALIGN (0x4)
                0x20000c50                _ebss = .
                0x20000c50                __bss_end__ = _ebss

/DISCARD/
 libc.a(*)
 libm.a(*)
 libgcc.a(*)
                0x20000c50                . = ALIGN (0x8)
                0x20000c50                PROVIDE (end, .)
                0x20000c50                PROVIDE (_end, .)
                0x20007c00                PROVIDE (_stack_base, (_estack - _Stack_Size))
                0x00000001                ASSERT ((_stack_base > end), Error: No room left for the stack)
                0x20000c50                PROVIDE (heap_start, _end)
                0x20007c00                PROVIDE (heap_end, _stack_base)
                0x00006fb0                PROVIDE (heap_len, (heap_end - heap_start))
                0x00000001                ASSERT ((heap_len > _Min_Heap_Size), Error: No room left for the heap)

.ARM.attributes
                0x00000000       0x28
 *(.ARM.attributes)
 .ARM.attributes
                0x00000000       0x1e d:/gnu tools arm embedded/5.4 2016q3/bin/../lib/gcc/arm-none-eabi/5.4.1/armv6-m/crti.o
 .ARM.attributes
                0x0000001e       0x2c d:/gnu tools arm embedded/5.4 2016q3/bin/../lib/gcc/arm-none-eabi/5.4.1/armv6-m/crtbegin.o
 .ARM.attributes
                0x0000004a       0x32 build/los_init.o
 .ARM.attributes
                0x0000007c       0x32 build/los_priqueue.o
 .ARM.attributes
                0x000000ae       0x32 build/los_swtmr.o
 .ARM.attributes
                0x000000e0       0x32 build/los_sys.o
 .ARM.attributes
                0x00000112       0x32 build/los_task.o
 .ARM.attributes
                0x00000144       0x32 build/los_tick.o
 .ARM.attributes
                0x00000176       0x32 build/los_timeslice.o
 .ARM.attributes
                0x000001a8       0x32 build/los_mux.o
 .ARM.attributes
                0x000001da       0x32 build/los_queue.o
 .ARM.attributes
                0x0000020c       0x32 build/los_sem.o
 .ARM.attributes
                0x0000023e       0x32 build/los_heap.o
 .ARM.attributes
                0x00000270       0x32 build/los_memory.o
 .ARM.attributes
                0x000002a2       0x32 build/los_slab.o
 .ARM.attributes
                0x000002d4       0x32 build/los_slabmem.o
 .ARM.attributes
                0x00000306       0x32 build/los_misc.o
 .ARM.attributes
                0x00000338       0x32 build/los_err.o
 .ARM.attributes
                0x0000036a       0x32 build/los_hw.o
 .ARM.attributes
                0x0000039c       0x32 build/los_hw_tick.o
 .ARM.attributes
                0x000003ce       0x32 build/los_hwi.o
 .ARM.attributes
                0x00000400       0x32 build/fm33a0xx_anac.o
 .ARM.attributes
                0x00000432       0x32 build/fm33a0xx_flash.o
 .ARM.attributes
                0x00000464       0x32 build/fm33a0xx_gpio.o
 .ARM.attributes
                0x00000496       0x32 build/fm33a0xx_iwdt.o
 .ARM.attributes
                0x000004c8       0x32 build/fm33a0xx_rcc.o
 .ARM.attributes
                0x000004fa       0x32 build/fm33a0xx_scu.o
 .ARM.attributes
                0x0000052c       0x32 build/fm33a0xx_uart.o
 .ARM.attributes
                0x0000055e       0x32 build/system_FM33A0XX.o
 .ARM.attributes
                0x00000590       0x32 build/main.o
 .ARM.attributes
                0x000005c2       0x32 build/neul_bc95.o
 .ARM.attributes
                0x000005f4       0x32 build/print.o
 .ARM.attributes
                0x00000626       0x32 build/ring.o
 .ARM.attributes
                0x00000658       0x32 build/user_init.o
 .ARM.attributes
                0x0000068a       0x32 build/los_uart.o
 .ARM.attributes
                0x000006bc       0x32 build/dht12.o
 .ARM.attributes
                0x000006ee       0x22 build/startup_FM33A0XX.o
 .ARM.attributes
                0x00000710       0x1b build/los_dispatch_gcc.o
 .ARM.attributes
                0x0000072b       0x2c d:/gnu tools arm embedded/5.4 2016q3/bin/../lib/gcc/arm-none-eabi/5.4.1/../../../../arm-none-eabi/lib/armv6-m\libc_nano.a(lib_a-impure.o)
 .ARM.attributes
                0x00000757       0x2c d:/gnu tools arm embedded/5.4 2016q3/bin/../lib/gcc/arm-none-eabi/5.4.1/../../../../arm-none-eabi/lib/armv6-m\libc_nano.a(lib_a-memcpy-stub.o)
 .ARM.attributes
                0x00000783       0x2c d:/gnu tools arm embedded/5.4 2016q3/bin/../lib/gcc/arm-none-eabi/5.4.1/../../../../arm-none-eabi/lib/armv6-m\libc_nano.a(lib_a-memset.o)
 .ARM.attributes
                0x000007af       0x2c d:/gnu tools arm embedded/5.4 2016q3/bin/../lib/gcc/arm-none-eabi/5.4.1/../../../../arm-none-eabi/lib/armv6-m\libc_nano.a(lib_a-printf.o)
 .ARM.attributes
                0x000007db       0x2c d:/gnu tools arm embedded/5.4 2016q3/bin/../lib/gcc/arm-none-eabi/5.4.1/../../../../arm-none-eabi/lib/armv6-m\libc_nano.a(lib_a-puts.o)
 .ARM.attributes
                0x00000807       0x2c d:/gnu tools arm embedded/5.4 2016q3/bin/../lib/gcc/arm-none-eabi/5.4.1/../../../../arm-none-eabi/lib/armv6-m\libc_nano.a(lib_a-sprintf.o)
 .ARM.attributes
                0x00000833       0x2c d:/gnu tools arm embedded/5.4 2016q3/bin/../lib/gcc/arm-none-eabi/5.4.1/../../../../arm-none-eabi/lib/armv6-m\libc_nano.a(lib_a-sscanf.o)
 .ARM.attributes
                0x0000085f       0x2c d:/gnu tools arm embedded/5.4 2016q3/bin/../lib/gcc/arm-none-eabi/5.4.1/../../../../arm-none-eabi/lib/armv6-m\libc_nano.a(lib_a-stdio.o)
 .ARM.attributes
                0x0000088b       0x1c d:/gnu tools arm embedded/5.4 2016q3/bin/../lib/gcc/arm-none-eabi/5.4.1/../../../../arm-none-eabi/lib/armv6-m\libc_nano.a(lib_a-strlen.o)
 .ARM.attributes
                0x000008a7       0x2c d:/gnu tools arm embedded/5.4 2016q3/bin/../lib/gcc/arm-none-eabi/5.4.1/../../../../arm-none-eabi/lib/armv6-m\libc_nano.a(lib_a-strstr.o)
 .ARM.attributes
                0x000008d3       0x2c d:/gnu tools arm embedded/5.4 2016q3/bin/../lib/gcc/arm-none-eabi/5.4.1/../../../../arm-none-eabi/lib/armv6-m\libc_nano.a(lib_a-wbuf.o)
 .ARM.attributes
                0x000008ff       0x2c d:/gnu tools arm embedded/5.4 2016q3/bin/../lib/gcc/arm-none-eabi/5.4.1/../../../../arm-none-eabi/lib/armv6-m\libc_nano.a(lib_a-writer.o)
 .ARM.attributes
                0x0000092b       0x2c d:/gnu tools arm embedded/5.4 2016q3/bin/../lib/gcc/arm-none-eabi/5.4.1/../../../../arm-none-eabi/lib/armv6-m\libc_nano.a(lib_a-wsetup.o)
 .ARM.attributes
                0x00000957       0x2c d:/gnu tools arm embedded/5.4 2016q3/bin/../lib/gcc/arm-none-eabi/5.4.1/../../../../arm-none-eabi/lib/armv6-m\libc_nano.a(lib_a-closer.o)
 .ARM.attributes
                0x00000983       0x2c d:/gnu tools arm embedded/5.4 2016q3/bin/../lib/gcc/arm-none-eabi/5.4.1/../../../../arm-none-eabi/lib/armv6-m\libc_nano.a(lib_a-fflush.o)
 .ARM.attributes
                0x000009af       0x2c d:/gnu tools arm embedded/5.4 2016q3/bin/../lib/gcc/arm-none-eabi/5.4.1/../../../../arm-none-eabi/lib/armv6-m\libc_nano.a(lib_a-findfp.o)
 .ARM.attributes
                0x000009db       0x2c d:/gnu tools arm embedded/5.4 2016q3/bin/../lib/gcc/arm-none-eabi/5.4.1/../../../../arm-none-eabi/lib/armv6-m\libc_nano.a(lib_a-fwalk.o)
 .ARM.attributes
                0x00000a07       0x2c d:/gnu tools arm embedded/5.4 2016q3/bin/../lib/gcc/arm-none-eabi/5.4.1/../../../../arm-none-eabi/lib/armv6-m\libc_nano.a(lib_a-lseekr.o)
 .ARM.attributes
                0x00000a33       0x2c d:/gnu tools arm embedded/5.4 2016q3/bin/../lib/gcc/arm-none-eabi/5.4.1/../../../../arm-none-eabi/lib/armv6-m\libc_nano.a(lib_a-makebuf.o)
 .ARM.attributes
                0x00000a5f       0x2c d:/gnu tools arm embedded/5.4 2016q3/bin/../lib/gcc/arm-none-eabi/5.4.1/../../../../arm-none-eabi/lib/armv6-m\libc_nano.a(lib_a-nano-freer.o)
 .ARM.attributes
                0x00000a8b       0x2c d:/gnu tools arm embedded/5.4 2016q3/bin/../lib/gcc/arm-none-eabi/5.4.1/../../../../arm-none-eabi/lib/armv6-m\libc_nano.a(lib_a-nano-mallocr.o)
 .ARM.attributes
                0x00000ab7       0x2c d:/gnu tools arm embedded/5.4 2016q3/bin/../lib/gcc/arm-none-eabi/5.4.1/../../../../arm-none-eabi/lib/armv6-m\libc_nano.a(lib_a-nano-svfprintf.o)
 .ARM.attributes
                0x00000ae3       0x2c d:/gnu tools arm embedded/5.4 2016q3/bin/../lib/gcc/arm-none-eabi/5.4.1/../../../../arm-none-eabi/lib/armv6-m\libc_nano.a(lib_a-nano-svfscanf.o)
 .ARM.attributes
                0x00000b0f       0x2c d:/gnu tools arm embedded/5.4 2016q3/bin/../lib/gcc/arm-none-eabi/5.4.1/../../../../arm-none-eabi/lib/armv6-m\libc_nano.a(lib_a-nano-vfprintf.o)
 .ARM.attributes
                0x00000b3b       0x2c d:/gnu tools arm embedded/5.4 2016q3/bin/../lib/gcc/arm-none-eabi/5.4.1/../../../../arm-none-eabi/lib/armv6-m\libc_nano.a(lib_a-nano-vfprintf_i.o)
 .ARM.attributes
                0x00000b67       0x2c d:/gnu tools arm embedded/5.4 2016q3/bin/../lib/gcc/arm-none-eabi/5.4.1/../../../../arm-none-eabi/lib/armv6-m\libc_nano.a(lib_a-nano-vfscanf_i.o)
 .ARM.attributes
                0x00000b93       0x2c d:/gnu tools arm embedded/5.4 2016q3/bin/../lib/gcc/arm-none-eabi/5.4.1/../../../../arm-none-eabi/lib/armv6-m\libc_nano.a(lib_a-readr.o)
 .ARM.attributes
                0x00000bbf       0x2c d:/gnu tools arm embedded/5.4 2016q3/bin/../lib/gcc/arm-none-eabi/5.4.1/../../../../arm-none-eabi/lib/armv6-m\libc_nano.a(lib_a-reent.o)
 .ARM.attributes
                0x00000beb       0x2c d:/gnu tools arm embedded/5.4 2016q3/bin/../lib/gcc/arm-none-eabi/5.4.1/../../../../arm-none-eabi/lib/armv6-m\libc_nano.a(lib_a-sbrkr.o)
 .ARM.attributes
                0x00000c17       0x2c d:/gnu tools arm embedded/5.4 2016q3/bin/../lib/gcc/arm-none-eabi/5.4.1/../../../../arm-none-eabi/lib/armv6-m\libc_nano.a(lib_a-sccl.o)
 .ARM.attributes
                0x00000c43       0x2c d:/gnu tools arm embedded/5.4 2016q3/bin/../lib/gcc/arm-none-eabi/5.4.1/../../../../arm-none-eabi/lib/armv6-m\libc_nano.a(lib_a-strtol.o)
 .ARM.attributes
                0x00000c6f       0x2c d:/gnu tools arm embedded/5.4 2016q3/bin/../lib/gcc/arm-none-eabi/5.4.1/../../../../arm-none-eabi/lib/armv6-m\libc_nano.a(lib_a-strtoul.o)
 .ARM.attributes
                0x00000c9b       0x2c d:/gnu tools arm embedded/5.4 2016q3/bin/../lib/gcc/arm-none-eabi/5.4.1/../../../../arm-none-eabi/lib/armv6-m\libc_nano.a(lib_a-ungetc.o)
 .ARM.attributes
                0x00000cc7       0x2c d:/gnu tools arm embedded/5.4 2016q3/bin/../lib/gcc/arm-none-eabi/5.4.1/../../../../arm-none-eabi/lib/armv6-m\libc_nano.a(lib_a-fstatr.o)
 .ARM.attributes
                0x00000cf3       0x2c d:/gnu tools arm embedded/5.4 2016q3/bin/../lib/gcc/arm-none-eabi/5.4.1/../../../../arm-none-eabi/lib/armv6-m\libc_nano.a(lib_a-isattyr.o)
 .ARM.attributes
                0x00000d1f       0x2c d:/gnu tools arm embedded/5.4 2016q3/bin/../lib/gcc/arm-none-eabi/5.4.1/../../../../arm-none-eabi/lib/armv6-m\libc_nano.a(lib_a-locale.o)
 .ARM.attributes
                0x00000d4b       0x2c d:/gnu tools arm embedded/5.4 2016q3/bin/../lib/gcc/arm-none-eabi/5.4.1/../../../../arm-none-eabi/lib/armv6-m\libc_nano.a(lib_a-mbtowc_r.o)
 .ARM.attributes
                0x00000d77       0x2c d:/gnu tools arm embedded/5.4 2016q3/bin/../lib/gcc/arm-none-eabi/5.4.1/../../../../arm-none-eabi/lib/armv6-m\libc_nano.a(lib_a-memchr-stub.o)
 .ARM.attributes
                0x00000da3       0x2c d:/gnu tools arm embedded/5.4 2016q3/bin/../lib/gcc/arm-none-eabi/5.4.1/../../../../arm-none-eabi/lib/armv6-m\libc_nano.a(lib_a-memmove.o)
 .ARM.attributes
                0x00000dcf       0x2c d:/gnu tools arm embedded/5.4 2016q3/bin/../lib/gcc/arm-none-eabi/5.4.1/../../../../arm-none-eabi/lib/armv6-m\libc_nano.a(lib_a-mlock.o)
 .ARM.attributes
                0x00000dfb       0x2c d:/gnu tools arm embedded/5.4 2016q3/bin/../lib/gcc/arm-none-eabi/5.4.1/../../../../arm-none-eabi/lib/armv6-m\libc_nano.a(lib_a-nano-reallocr.o)
 .ARM.attributes
                0x00000e27       0x2c d:/gnu tools arm embedded/5.4 2016q3/bin/../lib/gcc/arm-none-eabi/5.4.1/../../../../arm-none-eabi/lib/armv6-m\libc_nano.a(lib_a-wctomb_r.o)
 .ARM.attributes
                0x00000e53       0x2c d:/gnu tools arm embedded/5.4 2016q3/bin/../lib/gcc/arm-none-eabi/5.4.1/../../../../arm-none-eabi/lib/armv6-m\libc_nano.a(lib_a-ctype_.o)
 .ARM.attributes
                0x00000e7f       0x2c d:/gnu tools arm embedded/5.4 2016q3/bin/../lib/gcc/arm-none-eabi/5.4.1/../../../../arm-none-eabi/lib/armv6-m\libc_nano.a(lib_a-nano-msizer.o)
 .ARM.attributes
                0x00000eab       0x2c d:/gnu tools arm embedded/5.4 2016q3/bin/../lib/gcc/arm-none-eabi/5.4.1/../../../../arm-none-eabi/lib/armv6-m\libnosys.a(close.o)
 .ARM.attributes
                0x00000ed7       0x2c d:/gnu tools arm embedded/5.4 2016q3/bin/../lib/gcc/arm-none-eabi/5.4.1/../../../../arm-none-eabi/lib/armv6-m\libnosys.a(fstat.o)
 .ARM.attributes
                0x00000f03       0x2c d:/gnu tools arm embedded/5.4 2016q3/bin/../lib/gcc/arm-none-eabi/5.4.1/../../../../arm-none-eabi/lib/armv6-m\libnosys.a(isatty.o)
 .ARM.attributes
                0x00000f2f       0x2c d:/gnu tools arm embedded/5.4 2016q3/bin/../lib/gcc/arm-none-eabi/5.4.1/../../../../arm-none-eabi/lib/armv6-m\libnosys.a(lseek.o)
 .ARM.attributes
                0x00000f5b       0x2c d:/gnu tools arm embedded/5.4 2016q3/bin/../lib/gcc/arm-none-eabi/5.4.1/../../../../arm-none-eabi/lib/armv6-m\libnosys.a(read.o)
 .ARM.attributes
                0x00000f87       0x2c d:/gnu tools arm embedded/5.4 2016q3/bin/../lib/gcc/arm-none-eabi/5.4.1/../../../../arm-none-eabi/lib/armv6-m\libnosys.a(sbrk.o)
 .ARM.attributes
                0x00000fb3       0x2c d:/gnu tools arm embedded/5.4 2016q3/bin/../lib/gcc/arm-none-eabi/5.4.1/../../../../arm-none-eabi/lib/armv6-m\libnosys.a(write.o)
 .ARM.attributes
                0x00000fdf       0x1e d:/gnu tools arm embedded/5.4 2016q3/bin/../lib/gcc/arm-none-eabi/5.4.1/armv6-m\libgcc.a(_udivsi3.o)
 .ARM.attributes
                0x00000ffd       0x1e d:/gnu tools arm embedded/5.4 2016q3/bin/../lib/gcc/arm-none-eabi/5.4.1/armv6-m\libgcc.a(_divsi3.o)
 .ARM.attributes
                0x0000101b       0x1e d:/gnu tools arm embedded/5.4 2016q3/bin/../lib/gcc/arm-none-eabi/5.4.1/armv6-m\libgcc.a(_dvmd_tls.o)
 .ARM.attributes
                0x00001039       0x1e d:/gnu tools arm embedded/5.4 2016q3/bin/../lib/gcc/arm-none-eabi/5.4.1/armv6-m\libgcc.a(_arm_cmpsf2.o)
 .ARM.attributes
                0x00001057       0x1e d:/gnu tools arm embedded/5.4 2016q3/bin/../lib/gcc/arm-none-eabi/5.4.1/armv6-m\libgcc.a(_clzsi2.o)
 .ARM.attributes
                0x00001075       0x2c d:/gnu tools arm embedded/5.4 2016q3/bin/../lib/gcc/arm-none-eabi/5.4.1/armv6-m\libgcc.a(_fixunsdfsi.o)
 .ARM.attributes
                0x000010a1       0x2c d:/gnu tools arm embedded/5.4 2016q3/bin/../lib/gcc/arm-none-eabi/5.4.1/armv6-m\libgcc.a(divsf3.o)
 .ARM.attributes
                0x000010cd       0x2c d:/gnu tools arm embedded/5.4 2016q3/bin/../lib/gcc/arm-none-eabi/5.4.1/armv6-m\libgcc.a(eqsf2.o)
 .ARM.attributes
                0x000010f9       0x2c d:/gnu tools arm embedded/5.4 2016q3/bin/../lib/gcc/arm-none-eabi/5.4.1/armv6-m\libgcc.a(gesf2.o)
 .ARM.attributes
                0x00001125       0x2c d:/gnu tools arm embedded/5.4 2016q3/bin/../lib/gcc/arm-none-eabi/5.4.1/armv6-m\libgcc.a(lesf2.o)
 .ARM.attributes
                0x00001151       0x2c d:/gnu tools arm embedded/5.4 2016q3/bin/../lib/gcc/arm-none-eabi/5.4.1/armv6-m\libgcc.a(floatunsisf.o)
 .ARM.attributes
                0x0000117d       0x2c d:/gnu tools arm embedded/5.4 2016q3/bin/../lib/gcc/arm-none-eabi/5.4.1/armv6-m\libgcc.a(adddf3.o)
 .ARM.attributes
                0x000011a9       0x2c d:/gnu tools arm embedded/5.4 2016q3/bin/../lib/gcc/arm-none-eabi/5.4.1/armv6-m\libgcc.a(subdf3.o)
 .ARM.attributes
                0x000011d5       0x2c d:/gnu tools arm embedded/5.4 2016q3/bin/../lib/gcc/arm-none-eabi/5.4.1/armv6-m\libgcc.a(fixdfsi.o)
 .ARM.attributes
                0x00001201       0x2c d:/gnu tools arm embedded/5.4 2016q3/bin/../lib/gcc/arm-none-eabi/5.4.1/armv6-m\libgcc.a(extendsfdf2.o)
 .ARM.attributes
                0x0000122d       0x1e d:/gnu tools arm embedded/5.4 2016q3/bin/../lib/gcc/arm-none-eabi/5.4.1/armv6-m\libgcc.a(_arm_cmpdf2.o)
 .ARM.attributes
                0x0000124b       0x2c d:/gnu tools arm embedded/5.4 2016q3/bin/../lib/gcc/arm-none-eabi/5.4.1/armv6-m\libgcc.a(eqdf2.o)
 .ARM.attributes
                0x00001277       0x2c d:/gnu tools arm embedded/5.4 2016q3/bin/../lib/gcc/arm-none-eabi/5.4.1/armv6-m\libgcc.a(gedf2.o)
 .ARM.attributes
                0x000012a3       0x2c d:/gnu tools arm embedded/5.4 2016q3/bin/../lib/gcc/arm-none-eabi/5.4.1/armv6-m\libgcc.a(ledf2.o)
 .ARM.attributes
                0x000012cf       0x1e d:/gnu tools arm embedded/5.4 2016q3/bin/../lib/gcc/arm-none-eabi/5.4.1/armv6-m/crtn.o
OUTPUT(build/Huawei_LiteOS.elf elf32-littlearm)

.debug_info     0x00000000    0x1837c
 .debug_info    0x00000000      0x3b3 build/los_init.o
 .debug_info    0x000003b3      0x569 build/los_priqueue.o
 .debug_info    0x0000091c      0xdd6 build/los_swtmr.o
 .debug_info    0x000016f2      0x353 build/los_sys.o
 .debug_info    0x00001a45     0x202f build/los_task.o
 .debug_info    0x00003a74      0x197 build/los_tick.o
 .debug_info    0x00003c0b      0x39b build/los_timeslice.o
 .debug_info    0x00003fa6      0xc1b build/los_mux.o
 .debug_info    0x00004bc1     0x15e7 build/los_queue.o
 .debug_info    0x000061a8      0xc6d build/los_sem.o
 .debug_info    0x00006e15      0x87d build/los_heap.o
 .debug_info    0x00007692      0xb61 build/los_memory.o
 .debug_info    0x000081f3      0x888 build/los_slab.o
 .debug_info    0x00008a7b      0x8fd build/los_slabmem.o
 .debug_info    0x00009378      0x185 build/los_misc.o
 .debug_info    0x000094fd      0x1af build/los_err.o
 .debug_info    0x000096ac      0x5c8 build/los_hw.o
 .debug_info    0x00009c74      0x760 build/los_hw_tick.o
 .debug_info    0x0000a3d4      0x1a5 build/los_hwi.o
 .debug_info    0x0000a579     0x135d build/fm33a0xx_anac.o
 .debug_info    0x0000b8d6      0x8df build/fm33a0xx_flash.o
 .debug_info    0x0000c1b5      0xe19 build/fm33a0xx_gpio.o
 .debug_info    0x0000cfce      0x207 build/fm33a0xx_iwdt.o
 .debug_info    0x0000d1d5      0xb51 build/fm33a0xx_rcc.o
 .debug_info    0x0000dd26      0x48f build/fm33a0xx_scu.o
 .debug_info    0x0000e1b5     0x10a5 build/fm33a0xx_uart.o
 .debug_info    0x0000f25a       0xd7 build/system_FM33A0XX.o
 .debug_info    0x0000f331      0xbf7 build/main.o
 .debug_info    0x0000ff28     0x2e6e build/neul_bc95.o
 .debug_info    0x00012d96      0xfbd build/print.o
 .debug_info    0x00013d53      0x39f build/ring.o
 .debug_info    0x000140f2     0x2843 build/user_init.o
 .debug_info    0x00016935     0x141b build/los_uart.o
 .debug_info    0x00017d50      0x510 build/dht12.o
 .debug_info    0x00018260       0x63 build/startup_FM33A0XX.o
 .debug_info    0x000182c3       0xb9 build/los_dispatch_gcc.o

.debug_abbrev   0x00000000     0x3e42
 .debug_abbrev  0x00000000      0x137 build/los_init.o
 .debug_abbrev  0x00000137      0x21c build/los_priqueue.o
 .debug_abbrev  0x00000353      0x326 build/los_swtmr.o