Component: ARM Compiler 5.06 update 1 (build 61) Tool: armlink [4d35a8]

==============================================================================

Section Cross References

    main.o(i.creat_maintask) refers to los_task.o(i.LOS_TaskCreate) for LOS_TaskCreate
    main.o(i.main) refers to user_init.o(i.Init_System) for Init_System
    main.o(i.main) refers to print.o(i.Init_PrintUartx) for Init_PrintUartx
    main.o(i.main) refers to los_init.o(i.LOS_KernelInit) for LOS_KernelInit
    main.o(i.main) refers to los_uart.o(i.los_dev_uart_init) for los_dev_uart_init
    main.o(i.main) refers to noretval__2printf.o(.text) for __2printf
    main.o(i.main) refers to main.o(i.creat_maintask) for creat_maintask
    main.o(i.main) refers to los_init.o(i.LOS_Start) for LOS_Start
    main.o(i.main) refers to main.o(.bss) for gRcvBuf
    main.o(i.main) refers to main.o(i.main_nb95) for main_nb95
    main.o(i.main) refers to main.o(i.main_dwg) for main_dwg
    main.o(i.main) refers to main.o(i.main_dht12) for main_dht12
    main.o(i.main_dht12) refers to los_task.o(i.LOS_TaskDelay) for LOS_TaskDelay
    main.o(i.main_dht12) refers to fm33a0xx_iwdt.o(i.IWDT_Clr) for IWDT_Clr
    main.o(i.main_dht12) refers to los_dispatch_keil.o(.text) for LOS_IntLock
    main.o(i.main_dht12) refers to main.o(i.temp_sensor_init) for temp_sensor_init
    main.o(i.main_dht12) refers to dht12.o(i.DHT12_Read_Data) for DHT12_Read_Data
    main.o(i.main_dht12) refers to main.o(.data) for humidityTemp
    main.o(i.main_dwg) refers to fm33a0xx_iwdt.o(i.IWDT_Clr) for IWDT_Clr
    main.o(i.main_dwg) refers to los_task.o(i.LOS_TaskDelay) for LOS_TaskDelay
    main.o(i.main_dwg) refers to fm33a0xx_gpio.o(i.GPIO_ResetBits) for GPIO_ResetBits
    main.o(i.main_dwg) refers to fm33a0xx_gpio.o(i.GPIO_SetBits) for GPIO_SetBits
    main.o(i.main_nb95) refers to _printf_percent.o(.ARM.Collect$$_printf_percent$$00000000) for _printf_percent
    main.o(i.main_nb95) refers to _printf_d.o(.ARM.Collect$$_printf_percent$$00000009) for _printf_d
    main.o(i.main_nb95) refers to _printf_dec.o(.text) for _printf_int_dec
    main.o(i.main_nb95) refers to user_init.o(i.OutputIO) for OutputIO
    main.o(i.main_nb95) refers to fm33a0xx_gpio.o(i.GPIO_ResetBits) for GPIO_ResetBits
    main.o(i.main_nb95) refers to neul_bc95.o(i.neul_bc95_reboot) for neul_bc95_reboot
    main.o(i.main_nb95) refers to los_task.o(i.LOS_TaskDelay) for LOS_TaskDelay
    main.o(i.main_nb95) refers to neul_bc95.o(i.neul_bc95_set_cdpserver) for neul_bc95_set_cdpserver
    main.o(i.main_nb95) refers to noretval__2printf.o(.text) for __2printf
    main.o(i.main_nb95) refers to neul_bc95.o(i.neul_bc95_get_csq) for neul_bc95_get_csq
    main.o(i.main_nb95) refers to neul_bc95.o(i.neul_bc95_get_netstat) for neul_bc95_get_netstat
    main.o(i.main_nb95) refers to noretval__2sprintf.o(.text) for __2sprintf
    main.o(i.main_nb95) refers to neul_bc95.o(i.neul_bc95_send_coap_paylaod) for neul_bc95_send_coap_paylaod
    main.o(i.main_nb95) refers to neul_bc95.o(i.uart_data_flush) for uart_data_flush
    main.o(i.main_nb95) refers to neul_bc95.o(i.neul_bc95_read_coap_msg) for neul_bc95_read_coap_msg
    main.o(i.main_nb95) refers to memcmp.o(.text) for memcmp
    main.o(i.main_nb95) refers to fm33a0xx_gpio.o(i.GPIO_SetBits) for GPIO_SetBits
    main.o(i.main_nb95) refers to fm33a0xx_gpio.o(i.GPIO_ToggleBits) for GPIO_ToggleBits
    main.o(i.main_nb95) refers to main.o(.data) for temp_dht12
    main.o(i.main_printf) refers to los_task.o(i.LOS_TaskDelay) for LOS_TaskDelay
    main.o(i.main_printf) refers to noretval__2printf.o(.text) for __2printf
    main.o(i.mainreceivetask) refers to _printf_percent.o(.ARM.Collect$$_printf_percent$$00000000) for _printf_percent
    main.o(i.mainreceivetask) refers to _printf_d.o(.ARM.Collect$$_printf_percent$$00000009) for _printf_d
    main.o(i.mainreceivetask) refers to _printf_dec.o(.text) for _printf_int_dec
    main.o(i.mainreceivetask) refers to los_uart.o(i.los_dev_uart_read) for los_dev_uart_read
    main.o(i.mainreceivetask) refers to noretval__2printf.o(.text) for __2printf
    main.o(i.mainsendtask) refers to los_task.o(i.LOS_TaskDelay) for LOS_TaskDelay
    main.o(i.mainsendtask) refers to strlen.o(.text) for strlen
    main.o(i.mainsendtask) refers to los_uart.o(i.los_dev_uart_write) for los_dev_uart_write
    main.o(i.temp_sensor_init) refers to dht12.o(i.DHT12_Init) for DHT12_Init
    print.o(.rev16_text) refers (Special) to use_no_semi_2.o(.text) for __use_no_semihosting
    print.o(.revsh_text) refers (Special) to use_no_semi_2.o(.text) for __use_no_semihosting
    print.o(i.Init_PrintUartx) refers (Special) to use_no_semi_2.o(.text) for __use_no_semihosting
    print.o(i.Init_PrintUartx) refers to los_uart.o(i.Uartx_Init) for Uartx_Init
    print.o(i.Init_PrintUartx) refers to fm33a0xx_uart.o(i.UARTx_RXSTA_RXEN_Setable) for UARTx_RXSTA_RXEN_Setable
[...]
    __rt_exit_exit                           0x0000018b   Thumb Code     0  rtexit2.o(.ARM.Collect$$rtexit$$00000004)
    __aeabi_memcpy4                          0x00000191   Thumb Code    56  rt_memcpy.o(.emb_text)
    __aeabi_memcpy8                          0x00000191   Thumb Code     0  rt_memcpy.o(.emb_text)
    LOS_StartToRun                           0x000001c9   Thumb Code     0  los_dispatch_keil.o(.text)
    LOS_IntNumGet                            0x00000209   Thumb Code     0  los_dispatch_keil.o(.text)
    LOS_IntLock                              0x0000020f   Thumb Code     0  los_dispatch_keil.o(.text)
    LOS_IntUnLock                            0x00000217   Thumb Code     0  los_dispatch_keil.o(.text)
    LOS_IntRestore                           0x0000021f   Thumb Code     0  los_dispatch_keil.o(.text)
    osTaskSchedule                           0x00000225   Thumb Code     0  los_dispatch_keil.o(.text)
    osPendSV                                 0x0000022d   Thumb Code     0  los_dispatch_keil.o(.text)
    Reset_Handler                            0x000002b5   Thumb Code     8  startup_fm33a0xx.o(.text)
    NMI_Handler                              0x000002bd   Thumb Code     2  startup_fm33a0xx.o(.text)
    HardFault_Handler                        0x000002bf   Thumb Code     2  startup_fm33a0xx.o(.text)
    SVC_Handler                              0x000002c1   Thumb Code     2  startup_fm33a0xx.o(.text)
    PendSV_Handler                           0x000002c3   Thumb Code     2  startup_fm33a0xx.o(.text)
    SysTick_Handler                          0x000002c5   Thumb Code     2  startup_fm33a0xx.o(.text)
    ADC_IRQHandler                           0x000002c7   Thumb Code     0  startup_fm33a0xx.o(.text)
    AES_IRQHandler                           0x000002c7   Thumb Code     0  startup_fm33a0xx.o(.text)
    BTIM1_IRQHandler                         0x000002c7   Thumb Code     0  startup_fm33a0xx.o(.text)
    BTIM2_IRQHandler                         0x000002c7   Thumb Code     0  startup_fm33a0xx.o(.text)
    COMP_IRQHandler                          0x000002c7   Thumb Code     0  startup_fm33a0xx.o(.text)
    DMA_IRQHandler                           0x000002c7   Thumb Code     0  startup_fm33a0xx.o(.text)
    ETIM1_IRQHandler                         0x000002c7   Thumb Code     0  startup_fm33a0xx.o(.text)
    ETIM2_IRQHandler                         0x000002c7   Thumb Code     0  startup_fm33a0xx.o(.text)
    ETIM3_IRQHandler                         0x000002c7   Thumb Code     0  startup_fm33a0xx.o(.text)
    ETIM4_IRQHandler                         0x000002c7   Thumb Code     0  startup_fm33a0xx.o(.text)
    FDET_IRQHandler                          0x000002c7   Thumb Code     0  startup_fm33a0xx.o(.text)
    GPIO_IRQHandler                          0x000002c7   Thumb Code     0  startup_fm33a0xx.o(.text)
    HSPI_IRQHandler                          0x000002c7   Thumb Code     0  startup_fm33a0xx.o(.text)
    I2C_IRQHandler                           0x000002c7   Thumb Code     0  startup_fm33a0xx.o(.text)
    LCD_IRQHandler                           0x000002c7   Thumb Code     0  startup_fm33a0xx.o(.text)
    LPTIM_IRQHandler                         0x000002c7   Thumb Code     0  startup_fm33a0xx.o(.text)
    NVMIF_IRQHandler                         0x000002c7   Thumb Code     0  startup_fm33a0xx.o(.text)
    RTC_IRQHandler                           0x000002c7   Thumb Code     0  startup_fm33a0xx.o(.text)
    SPI1_IRQHandler                          0x000002c7   Thumb Code     0  startup_fm33a0xx.o(.text)
    SPI2_IRQHandler                          0x000002c7   Thumb Code     0  startup_fm33a0xx.o(.text)
    SVD_IRQHandler                           0x000002c7   Thumb Code     0  startup_fm33a0xx.o(.text)
    TRNG_IRQHandler                          0x000002c7   Thumb Code     0  startup_fm33a0xx.o(.text)
    U78160_IRQHandler                        0x000002c7   Thumb Code     0  startup_fm33a0xx.o(.text)
    U78161_IRQHandler                        0x000002c7   Thumb Code     0  startup_fm33a0xx.o(.text)
    WWDT_IRQHandler                          0x000002c7   Thumb Code     0  startup_fm33a0xx.o(.text)
    __user_initial_stackheap                 0x000002c9   Thumb Code     0  startup_fm33a0xx.o(.text)
    __use_no_semihosting                     0x000002ed   Thumb Code     2  use_no_semi_2.o(.text)
    __2printf                                0x000002f1   Thumb Code    22  noretval__2printf.o(.text)
    __2sprintf                               0x0000030d   Thumb Code    36  noretval__2sprintf.o(.text)
    _printf_pre_padding                      0x00000335   Thumb Code    44  _printf_pad.o(.text)
    _printf_post_padding                     0x00000361   Thumb Code    34  _printf_pad.o(.text)
    _printf_str                              0x00000383   Thumb Code    82  _printf_str.o(.text)
    _printf_int_dec                          0x000003d5   Thumb Code    90  _printf_dec.o(.text)
    _printf_longlong_hex                     0x00000441   Thumb Code    80  _printf_hex_int_ptr.o(.text)
    _printf_int_hex                          0x00000491   Thumb Code    26  _printf_hex_int_ptr.o(.text)
    _printf_hex_ptr                          0x000004ab   Thumb Code    20  _printf_hex_int_ptr.o(.text)
    __printf                                 0x000004c5   Thumb Code   306  __printf_flags_wp.o(.text)
    __0sscanf                                0x000005fd   Thumb Code    54  __0sscanf.o(.text)
    _scanf_int                               0x0000063d   Thumb Code   330  _scanf_int.o(.text)
    _scanf_string                            0x00000787   Thumb Code   232  _scanf_str.o(.text)
    strstr                                   0x0000086f   Thumb Code    40  strstr.o(.text)
    memcmp                                   0x00000897   Thumb Code    90  memcmp.o(.text)
    strlen                                   0x000008f1   Thumb Code    62  strlen.o(.text)
    __aeabi_memcpy                           0x00000935   Thumb Code   130  rt_memcpy.o(.text)
    __rt_memcpy                              0x00000935   Thumb Code     0  rt_memcpy.o(.text)
    __aeabi_memset                           0x000009b7   Thumb Code    18  aeabi_memset.o(.text)
    _memset_w                                0x000009c9   Thumb Code    26  rt_memclr.o(.text)
    _memset                                  0x000009e3   Thumb Code    30  rt_memclr.o(.text)
    __aeabi_memclr                           0x00000a01   Thumb Code     4  rt_memclr.o(.text)
    __rt_memclr                              0x00000a01   Thumb Code     0  rt_memclr.o(.text)
    __aeabi_memclr4                          0x00000a05   Thumb Code     0  rt_memclr.o(.text)
    __aeabi_memclr8                          0x00000a05   Thumb Code     0  rt_memclr.o(.text)
    __rt_memclr_w                            0x00000a05   Thumb Code     4  rt_memclr.o(.text)
    __aeabi_uidiv                            0x00000a09   Thumb Code     0  aeabi_sdiv.o(.text)
    __aeabi_uidivmod                         0x00000a09   Thumb Code    20  aeabi_sdiv.o(.text)
    __aeabi_idiv                             0x00000a1d   Thumb Code     0  aeabi_sdiv.o(.text)
    __aeabi_idivmod                          0x00000a1d   Thumb Code   326  aeabi_sdiv.o(.text)
    __use_two_region_memory                  0x00000b63   Thumb Code     2  heapauxi.o(.text)
    __rt_heap_escrow$2region                 0x00000b65   Thumb Code     2  heapauxi.o(.text)
    __rt_heap_expand$2region                 0x00000b67   Thumb Code     2  heapauxi.o(.text)
    __aeabi_dadd                             0x00000e61   Thumb Code     0  daddsub.o(.text)
    _dadd                                    0x00000e61   Thumb Code    26  daddsub.o(.text)
    __aeabi_dsub                             0x00000e7b   Thumb Code     0  daddsub.o(.text)
    _dsub                                    0x00000e7b   Thumb Code    22  daddsub.o(.text)
    __aeabi_drsub                            0x00000e91   Thumb Code     0  daddsub.o(.text)
    _drsb                                    0x00000e91   Thumb Code    28  daddsub.o(.text)
    __aeabi_d2uiz                            0x00000ec1   Thumb Code     0  dfixui.o(.text)
    _dfixu                                   0x00000ec1   Thumb Code    68  dfixui.o(.text)
    __aeabi_f2d                              0x00000f09   Thumb Code     0  f2d.o(.text)
    _f2d                                     0x00000f09   Thumb Code    80  f2d.o(.text)
    __aeabi_fdiv                             0x00000f5d   Thumb Code     0  fdiv.o(.text)
    _fdiv                                    0x00000f5d   Thumb Code   334  fdiv.o(.text)
    _frdiv                                   0x000010ab   Thumb Code     8  fdiv.o(.text)
    __aeabi_i2f_normalise                    0x000010bd   Thumb Code    72  fflti.o(.text)
    __aeabi_i2f                              0x00001105   Thumb Code    16  fflti.o(.text)
    _fflt                                    0x00001105   Thumb Code     0  fflti.o(.text)
    __aeabi_ui2f                             0x00001115   Thumb Code     6  fflti.o(.text)
    _ffltu                                   0x00001115   Thumb Code     0  fflti.o(.text)
    __I$use$semihosting                      0x0000111b   Thumb Code     0  use_no_semi.o(.text)
    __use_no_semihosting_swi                 0x0000111b   Thumb Code     2  use_no_semi.o(.text)
    _printf_int_common                       0x0000111d   Thumb Code   176  _printf_intcommon.o(.text)
    _printf_char_common                      0x000011d7   Thumb Code    32  _printf_char_common.o(.text)
    _sputc                                   0x000011fd   Thumb Code    10  _sputc.o(.text)
    _printf_cs_common                        0x00001207   Thumb Code    22  _printf_char.o(.text)
    _printf_char                             0x0000121d   Thumb Code    16  _printf_char.o(.text)
    _printf_string                           0x0000122d   Thumb Code     8  _printf_char.o(.text)
    _printf_char_file                        0x00001235   Thumb Code    34  _printf_char_file.o(.text)
    _chval                                   0x0000125d   Thumb Code    30  _chval.o(.text)
    __vfscanf_char                           0x00001289   Thumb Code    28  scanf_char.o(.text)
    _sgetc                                   0x000012ad   Thumb Code    32  _sgetc.o(.text)
    _sbackspace                              0x000012cd   Thumb Code    36  _sgetc.o(.text)
    __rt_udiv10                              0x000012f1   Thumb Code    40  rtudiv10.o(.text)
    __fpl_fcmp_InfNaN                        0x00001319   Thumb Code    96  fcmpin.o(.text)
    isspace                                  0x0000137d   Thumb Code    18  isspace.o(.text)
    __vfscanf                                0x00001391   Thumb Code   880  _scanf.o(.text)
    ferror                                   0x00001711   Thumb Code     8  ferror.o(.text)
    __fpl_cmpreturn                          0x00001719   Thumb Code    46  cmpret.o(.text)
    __fpl_fcheck_NaN2                        0x00001749   Thumb Code    10  fnan2.o(.text)
    __user_setup_stackheap                   0x00001759   Thumb Code    62  sys_stackheap_outer.o(.text)
    __rt_ctype_table                         0x00001799   Thumb Code    16  rt_ctype_table.o(.text)
    exit                                     0x000017a9   Thumb Code    16  exit.o(.text)
    __fpl_return_NaN                         0x000017b9   Thumb Code    94  retnan.o(.text)
    __user_libspace                          0x00001819   Thumb Code     8  libspace.o(.text)
    __user_perproc_libspace                  0x00001819   Thumb Code     0  libspace.o(.text)
    __user_perthread_libspace                0x00001819   Thumb Code     0  libspace.o(.text)
    __rt_locale                              0x00001821   Thumb Code     8  rt_locale_intlibspace.o(.text)
    strcmp                                   0x00001829   Thumb Code   132  strcmp.o(.text)
    __decompress                             0x000018b1   Thumb Code     0  __dczerorl2.o(.text)
    __decompress1                            0x000018b1   Thumb Code    86  __dczerorl2.o(.text)
    ANAC_PDRCON_PDRCFG_Set                   0x00001909   Thumb Code    26  fm33a0xx_anac.o(i.ANAC_PDRCON_PDRCFG_Set)
    ANAC_PDRCON_PDREN_Setable                0x00001929   Thumb Code    32  fm33a0xx_anac.o(i.ANAC_PDRCON_PDREN_Setable)
    AltFunIO                                 0x0000194d   Thumb Code   166  user_init.o(i.AltFunIO)
    CheckSysReg                              0x000019f3   Thumb Code    18  user_init.o(i.CheckSysReg)
    Close_AllIOEXTI                          0x00001a05   Thumb Code    32  user_init.o(i.Close_AllIOEXTI)
    Close_AllIO_GPIO_80pin                   0x00001a2d   Thumb Code   792  user_init.o(i.Close_AllIO_GPIO_80pin)
    Close_None_GPIO_80pin                    0x00001d49   Thumb Code   450  user_init.o(i.Close_None_GPIO_80pin)
    CloseeIO                                 0x00001f11   Thumb Code    64  user_init.o(i.CloseeIO)
    DHT12_Check                              0x00001f51   Thumb Code   124  dht12.o(i.DHT12_Check)
    DHT12_Init                               0x00001fd1   Thumb Code    42  dht12.o(i.DHT12_Init)
    DHT12_Read_Bit                           0x00002005   Thumb Code    94  dht12.o(i.DHT12_Read_Bit)
    DHT12_Read_Byte                          0x00002069   Thumb Code    30  dht12.o(i.DHT12_Read_Byte)
    DHT12_Read_Data                          0x00002087   Thumb Code   120  dht12.o(i.DHT12_Read_Data)
    DHT12_Rst                                0x00002101   Thumb Code    76  dht12.o(i.DHT12_Rst)
    FLASH_FLSRDCON_WAIT_Set                  0x00002151   Thumb Code    22  fm33a0xx_flash.o(i.FLASH_FLSRDCON_WAIT_Set)
    GPIO_ANASEL_PC12ANS_Set                  0x0000216d   Thumb Code    22  fm33a0xx_gpio.o(i.GPIO_ANASEL_PC12ANS_Set)
    GPIO_ANASEL_PC13ANS_Set                  0x00002189   Thumb Code    26  fm33a0xx_gpio.o(i.GPIO_ANASEL_PC13ANS_Set)
    GPIO_ANASEL_PC14ANS_Set                  0x000021a9   Thumb Code    26  fm33a0xx_gpio.o(i.GPIO_ANASEL_PC14ANS_Set)
    GPIO_ANASEL_PC15ANS_Set                  0x000021c9   Thumb Code    26  fm33a0xx_gpio.o(i.GPIO_ANASEL_PC15ANS_Set)
    GPIO_ANASEL_PE3ANS_Set                   0x000021e9   Thumb Code    26  fm33a0xx_gpio.o(i.GPIO_ANASEL_PE3ANS_Set)
    GPIO_ANASEL_PE4ANS_Set                   0x00002209   Thumb Code    26  fm33a0xx_gpio.o(i.GPIO_ANASEL_PE4ANS_Set)
    GPIO_FOUTSEL_FOUTSEL_Set                 0x00002229   Thumb Code    22  fm33a0xx_gpio.o(i.GPIO_FOUTSEL_FOUTSEL_Set)
    GPIO_Get_InitPara                        0x00002245   Thumb Code   148  fm33a0xx_gpio.o(i.GPIO_Get_InitPara)
    GPIO_HDSEL_PE2HDEN_Setable               0x000022d9   Thumb Code    32  fm33a0xx_gpio.o(i.GPIO_HDSEL_PE2HDEN_Setable)
    GPIO_HDSEL_PG6HDEN_Setable               0x000022fd   Thumb Code    32  fm33a0xx_gpio.o(i.GPIO_HDSEL_PG6HDEN_Setable)
    GPIO_IODF_SetableEx                      0x00002321   Thumb Code    36  fm33a0xx_gpio.o(i.GPIO_IODF_SetableEx)
    GPIO_Init                                0x00002349   Thumb Code   114  fm33a0xx_gpio.o(i.GPIO_Init)
    GPIO_PINWKEN_SetableEx                   0x000023bd   Thumb Code    28  fm33a0xx_gpio.o(i.GPIO_PINWKEN_SetableEx)
    GPIO_ReadInputDataBit                    0x000023dd   Thumb Code    20  fm33a0xx_gpio.o(i.GPIO_ReadInputDataBit)
    GPIO_ResetBits                           0x000023f1   Thumb Code     4  fm33a0xx_gpio.o(i.GPIO_ResetBits)
    GPIO_SetBits                             0x000023f5   Thumb Code     4  fm33a0xx_gpio.o(i.GPIO_SetBits)
    GPIO_ToggleBits                          0x000023f9   Thumb Code    16  fm33a0xx_gpio.o(i.GPIO_ToggleBits)
    GPIOx_DO_Write                           0x00002409   Thumb Code     6  fm33a0xx_gpio.o(i.GPIOx_DO_Write)
    IO_AnalogFunSet                          0x0000240f   Thumb Code    40  user_init.o(i.IO_AnalogFunSet)
    IO_DFFunSet                              0x00002437   Thumb Code   228  user_init.o(i.IO_DFFunSet)
    IO_WKENFunSet                            0x0000251b   Thumb Code    68  user_init.o(i.IO_WKENFunSet)
    IWDT_Clr                                 0x00002561   Thumb Code     8  fm33a0xx_iwdt.o(i.IWDT_Clr)
    IWDT_IWDTCFG_IWDTOVP_Set                 0x00002571   Thumb Code    22  fm33a0xx_iwdt.o(i.IWDT_IWDTCFG_IWDTOVP_Set)
    IWDT_IWDTCFG_IWDTSLP4096S_Setable        0x0000258d   Thumb Code    32  fm33a0xx_iwdt.o(i.IWDT_IWDTCFG_IWDTSLP4096S_Setable)
    IWDT_Init                                0x000025b1   Thumb Code    28  user_init.o(i.IWDT_Init)
    Init_IO                                  0x000025d1   Thumb Code    22  user_init.o(i.Init_IO)
    Init_PLL                                 0x000025ed   Thumb Code    32  user_init.o(i.Init_PLL)
    Init_Pad_Io                              0x0000260d   Thumb Code    72  user_init.o(i.Init_Pad_Io)
    Init_PrintUartx                          0x00002659   Thumb Code    26  print.o(i.Init_PrintUartx)
    Init_RCC_PERIPH_clk                      0x00002679   Thumb Code   390  user_init.o(i.Init_RCC_PERIPH_clk)
    Init_SysClk                              0x00002811   Thumb Code    48  user_init.o(i.Init_SysClk)
    Init_SysClk_Gen                          0x00002841   Thumb Code    46  user_init.o(i.Init_SysClk_Gen)
    Init_SysTick                             0x00002871   Thumb Code    50  user_init.o(i.Init_SysTick)
    Init_System                              0x000028a9   Thumb Code    68  user_init.o(i.Init_System)
    LED0_Flash                               0x000028ed   Thumb Code    58  user_init.o(i.LED0_Flash)
    LOS_Align                                0x0000292d   Thumb Code    28  los_misc.o(i.LOS_Align)
    LOS_ErrHandle                            0x00002949   Thumb Code    50  los_err.o(i.LOS_ErrHandle)
    LOS_KernelInit                           0x00002985   Thumb Code   192  los_init.o(i.LOS_KernelInit)
    LOS_MemAlloc                             0x00002b61   Thumb Code    48  los_memory.o(i.LOS_MemAlloc)
    LOS_MemAllocAlign                        0x00002b91   Thumb Code    20  los_memory.o(i.LOS_MemAllocAlign)
    LOS_MemFree                              0x00002ba5   Thumb Code    56  los_memory.o(i.LOS_MemFree)
    LOS_MemInit                              0x00002bdd   Thumb Code   214  los_memory.o(i.LOS_MemInit)
    LOS_MuxCreate                            0x00002cf1   Thumb Code   132  los_mux.o(i.LOS_MuxCreate)
    LOS_MuxPend                              0x00002d95   Thumb Code   316  los_mux.o(i.LOS_MuxPend)
    LOS_MuxPost                              0x00002f29   Thumb Code   204  los_mux.o(i.LOS_MuxPost)
    LOS_QueueCreate                          0x00003019   Thumb Code   212  los_queue.o(i.LOS_QueueCreate)
    LOS_QueueReadCopy                        0x000030fd   Thumb Code    54  los_queue.o(i.LOS_QueueReadCopy)
    LOS_QueueWriteCopy                       0x00003133   Thumb Code    50  los_queue.o(i.LOS_QueueWriteCopy)
    LOS_Schedule                             0x00003165   Thumb Code    58  los_hw.o(i.LOS_Schedule)
    LOS_Start                                0x000031a9   Thumb Code    40  los_init.o(i.LOS_Start)
    LOS_SysTickCurrCycleGet                  0x000031ed   Thumb Code    46  los_hw_tick.o(i.LOS_SysTickCurrCycleGet)
    LOS_SysTickReload                        0x00003229   Thumb Code    58  los_hw_tick.o(i.LOS_SysTickReload)
    LOS_TaskCreate                           0x0000326d   Thumb Code   138  los_task.o(i.LOS_TaskCreate)
    LOS_TaskCreateOnly                       0x00003309   Thumb Code   374  los_task.o(i.LOS_TaskCreateOnly)
    LOS_TaskDelay                            0x000034a1   Thumb Code   112  los_task.o(i.LOS_TaskDelay)
    LOS_TaskDelete                           0x00003525   Thumb Code   336  los_task.o(i.LOS_TaskDelete)
    LOS_TaskYield                            0x0000369d   Thumb Code   134  los_task.o(i.LOS_TaskYield)
    LOS_TickCountGet                         0x00003731   Thumb Code     6  los_sys.o(i.LOS_TickCountGet)
    OutputIO                                 0x000038d5   Thumb Code   114  user_init.o(i.OutputIO)
    RCC_GetClocksFreq                        0x00003949   Thumb Code   300  fm33a0xx_rcc.o(i.RCC_GetClocksFreq)
    RCC_Init_RCHF_Trim                       0x00003a79   Thumb Code    82  fm33a0xx_rcc.o(i.RCC_Init_RCHF_Trim)
    RCC_MPRIL_MPRIL_Set                      0x00003ad1   Thumb Code    22  fm33a0xx_rcc.o(i.RCC_MPRIL_MPRIL_Set)
    RCC_PERCLK_SetableEx                     0x00003aed   Thumb Code   100  fm33a0xx_rcc.o(i.RCC_PERCLK_SetableEx)
    RCC_PLLCON_PLLDB_Get                     0x00003b55   Thumb Code    10  fm33a0xx_rcc.o(i.RCC_PLLCON_PLLDB_Get)
    RCC_PLLCON_PLLDB_Set                     0x00003b69   Thumb Code    22  fm33a0xx_rcc.o(i.RCC_PLLCON_PLLDB_Set)
    RCC_PLLCON_PLLEN_Getable                 0x00003b89   Thumb Code    20  fm33a0xx_rcc.o(i.RCC_PLLCON_PLLEN_Getable)
    RCC_PLLCON_PLLEN_Setable                 0x00003ba1   Thumb Code    32  fm33a0xx_rcc.o(i.RCC_PLLCON_PLLEN_Setable)
    RCC_PLLCON_PLLINSEL_Get                  0x00003bc5   Thumb Code    10  fm33a0xx_rcc.o(i.RCC_PLLCON_PLLINSEL_Get)
    RCC_PLLCON_PLLINSEL_Set                  0x00003bd5   Thumb Code    26  fm33a0xx_rcc.o(i.RCC_PLLCON_PLLINSEL_Set)
    RCC_PLLCON_PLLOSEL_Set                   0x00003bf5   Thumb Code    26  fm33a0xx_rcc.o(i.RCC_PLLCON_PLLOSEL_Set)
    RCC_PLLDB_WriteEx                        0x00003c15   Thumb Code    12  fm33a0xx_rcc.o(i.RCC_PLLDB_WriteEx)
    RCC_PLL_Init                             0x00003c21   Thumb Code    30  fm33a0xx_rcc.o(i.RCC_PLL_Init)
    RCC_RCHFCON_FSEL_Get                     0x00003c41   Thumb Code    12  fm33a0xx_rcc.o(i.RCC_RCHFCON_FSEL_Get)
    RCC_RCHFCON_FSEL_Set                     0x00003c51   Thumb Code    28  fm33a0xx_rcc.o(i.RCC_RCHFCON_FSEL_Set)
    RCC_RCHFCON_RCHFEN_Getable               0x00003c71   Thumb Code    20  fm33a0xx_rcc.o(i.RCC_RCHFCON_RCHFEN_Getable)
    RCC_RCHFCON_RCHFEN_Setable               0x00003c89   Thumb Code    32  fm33a0xx_rcc.o(i.RCC_RCHFCON_RCHFEN_Setable)
    RCC_RCHFTRIM_Write                       0x00003cad   Thumb Code    10  fm33a0xx_rcc.o(i.RCC_RCHFTRIM_Write)
    RCC_RCHF_Init                            0x00003cbd   Thumb Code    18  fm33a0xx_rcc.o(i.RCC_RCHF_Init)
    RCC_SYSCLKSEL_AHBPRES_Get                0x00003cd1   Thumb Code    12  fm33a0xx_rcc.o(i.RCC_SYSCLKSEL_AHBPRES_Get)
    RCC_SYSCLKSEL_AHBPRES_Set                0x00003ce1   Thumb Code    28  fm33a0xx_rcc.o(i.RCC_SYSCLKSEL_AHBPRES_Set)
    RCC_SYSCLKSEL_APBPRES_Get                0x00003d01   Thumb Code    12  fm33a0xx_rcc.o(i.RCC_SYSCLKSEL_APBPRES_Get)
    RCC_SYSCLKSEL_APBPRES_Set                0x00003d11   Thumb Code    28  fm33a0xx_rcc.o(i.RCC_SYSCLKSEL_APBPRES_Set)
    RCC_SYSCLKSEL_EXTICKSEL_Set              0x00003d31   Thumb Code    26  fm33a0xx_rcc.o(i.RCC_SYSCLKSEL_EXTICKSEL_Set)
    RCC_SYSCLKSEL_LPM_RCLP_OFF_Setable       0x00003d51   Thumb Code    32  fm33a0xx_rcc.o(i.RCC_SYSCLKSEL_LPM_RCLP_OFF_Setable)
    RCC_SYSCLKSEL_SLP_ENEXTI_Setable         0x00003d75   Thumb Code    34  fm33a0xx_rcc.o(i.RCC_SYSCLKSEL_SLP_ENEXTI_Setable)
    RCC_SYSCLKSEL_SYSCLKSEL_Get              0x00003d9d   Thumb Code    10  fm33a0xx_rcc.o(i.RCC_SYSCLKSEL_SYSCLKSEL_Get)
    RCC_SYSCLKSEL_SYSCLKSEL_Set              0x00003dad   Thumb Code    22  fm33a0xx_rcc.o(i.RCC_SYSCLKSEL_SYSCLKSEL_Set)
    RCC_SysClk_Init                          0x00003dc9   Thumb Code    42  fm33a0xx_rcc.o(i.RCC_SysClk_Init)
    RingDataLen                              0x00003df3   Thumb Code    14  ring.o(i.RingDataLen)
    RingInit                                 0x00003e01   Thumb Code    30  ring.o(i.RingInit)
    RingRead                                 0x00003e1f   Thumb Code   174  ring.o(i.RingRead)
    RingReset                                0x00003ecd   Thumb Code    20  ring.o(i.RingReset)
    RingWrite                                0x00003ee1   Thumb Code   234  ring.o(i.RingWrite)
    SCU_Init                                 0x00003fcb   Thumb Code    70  user_init.o(i.SCU_Init)
    SCU_MCUDBGCR_DBG_BT1_STOP_Setable        0x00004011   Thumb Code    36  fm33a0xx_scu.o(i.SCU_MCUDBGCR_DBG_BT1_STOP_Setable)
    SCU_MCUDBGCR_DBG_BT2_STOP_Setable        0x00004035   Thumb Code    36  fm33a0xx_scu.o(i.SCU_MCUDBGCR_DBG_BT2_STOP_Setable)
    SCU_MCUDBGCR_DBG_ET1_STOP_Setable        0x00004059   Thumb Code    36  fm33a0xx_scu.o(i.SCU_MCUDBGCR_DBG_ET1_STOP_Setable)
    SCU_MCUDBGCR_DBG_ET2_STOP_Setable        0x0000407d   Thumb Code    36  fm33a0xx_scu.o(i.SCU_MCUDBGCR_DBG_ET2_STOP_Setable)
    SCU_MCUDBGCR_DBG_ET3_STOP_Setable        0x000040a1   Thumb Code    36  fm33a0xx_scu.o(i.SCU_MCUDBGCR_DBG_ET3_STOP_Setable)
    SCU_MCUDBGCR_DBG_ET4_STOP_Setable        0x000040c5   Thumb Code    36  fm33a0xx_scu.o(i.SCU_MCUDBGCR_DBG_ET4_STOP_Setable)
    SCU_MCUDBGCR_DBG_IWDT_STOP_Setable       0x000040e9   Thumb Code    36  fm33a0xx_scu.o(i.SCU_MCUDBGCR_DBG_IWDT_STOP_Setable)
    SCU_MCUDBGCR_DBG_WWDT_STOP_Setable       0x0000410d   Thumb Code    34  fm33a0xx_scu.o(i.SCU_MCUDBGCR_DBG_WWDT_STOP_Setable)
    SystemInit                               0x00004131   Thumb Code     8  system_fm33a0xx.o(i.SystemInit)
    TicksDelay                               0x00004141   Thumb Code    34  user_init.o(i.TicksDelay)
    TicksDelayMs                             0x00004169   Thumb Code    40  user_init.o(i.TicksDelayMs)
    TicksDelayUs                             0x00004191   Thumb Code    22  user_init.o(i.TicksDelayUs)
    UART0_IRQHandler                         0x000041ad   Thumb Code    10  los_uart.o(i.UART0_IRQHandler)
    UART1_IRQHandler                         0x000041b7   Thumb Code    10  los_uart.o(i.UART1_IRQHandler)
    UART2_IRQHandler                         0x000041c1   Thumb Code    10  los_uart.o(i.UART2_IRQHandler)
    UART3_IRQHandler                         0x000041cb   Thumb Code    10  los_uart.o(i.UART3_IRQHandler)
    UART4_IRQHandler                         0x000041d5   Thumb Code    10  los_uart.o(i.UART4_IRQHandler)
    UART5_IRQHandler                         0x000041df   Thumb Code    10  los_uart.o(i.UART5_IRQHandler)
    UART_BaudREGCalc                         0x000041e9   Thumb Code    90  fm33a0xx_uart.o(i.UART_BaudREGCalc)
    UART_ISR                                 0x0000424d   Thumb Code   130  los_uart.o(i.UART_ISR)
    UART_Init                                0x000042d5   Thumb Code   130  fm33a0xx_uart.o(i.UART_Init)
    UART_SInit                               0x00004357   Thumb Code   142  fm33a0xx_uart.o(i.UART_SInit)
    UART_UARTIE_RxTxIE_GetableEx             0x000043e5   Thumb Code    40  fm33a0xx_uart.o(i.UART_UARTIE_RxTxIE_GetableEx)
    UART_UARTIE_RxTxIE_SetableEx             0x00004411   Thumb Code    60  fm33a0xx_uart.o(i.UART_UARTIE_RxTxIE_SetableEx)
    UART_UARTIF_RxTxIF_ChkEx                 0x00004451   Thumb Code    40  fm33a0xx_uart.o(i.UART_UARTIF_RxTxIF_ChkEx)
    UART_UARTIF_RxTxIF_ClrEx                 0x0000447d   Thumb Code    18  fm33a0xx_uart.o(i.UART_UARTIF_RxTxIF_ClrEx)
    UARTx_RTXCON_RTX7EN_Setable              0x00004495   Thumb Code    24  fm33a0xx_uart.o(i.UARTx_RTXCON_RTX7EN_Setable)
    UARTx_RTXCON_RXDFLAG_Setable             0x000044ad   Thumb Code    24  fm33a0xx_uart.o(i.UARTx_RTXCON_RXDFLAG_Setable)
    UARTx_RTXCON_TXDFLAG_Setable             0x000044c5   Thumb Code    24  fm33a0xx_uart.o(i.UARTx_RTXCON_TXDFLAG_Setable)
    UARTx_RXREG_Read                         0x000044dd   Thumb Code     8  fm33a0xx_uart.o(i.UARTx_RXREG_Read)
    UARTx_RXSTA_ERRIE_Setable                0x000044e5   Thumb Code    24  fm33a0xx_uart.o(i.UARTx_RXSTA_ERRIE_Setable)
    UARTx_RXSTA_PDSEL_Set                    0x000044fd   Thumb Code    24  fm33a0xx_uart.o(i.UARTx_RXSTA_PDSEL_Set)
    UARTx_RXSTA_RXEN_Setable                 0x00004515   Thumb Code    24  fm33a0xx_uart.o(i.UARTx_RXSTA_RXEN_Setable)
    UARTx_SPBRG_Write                        0x0000452d   Thumb Code     6  fm33a0xx_uart.o(i.UARTx_SPBRG_Write)
    UARTx_TXBUFSTA_TXFF_Chk                  0x00004533   Thumb Code    20  fm33a0xx_uart.o(i.UARTx_TXBUFSTA_TXFF_Chk)
    UARTx_TXBUFSTA_TX_INTSEL_Set             0x00004547   Thumb Code    24  fm33a0xx_uart.o(i.UARTx_TXBUFSTA_TX_INTSEL_Set)
    UARTx_TXREG_Write                        0x0000455f   Thumb Code     6  fm33a0xx_uart.o(i.UARTx_TXREG_Write)
    UARTx_TXSTA_IREN_Setable                 0x00004565   Thumb Code    24  fm33a0xx_uart.o(i.UARTx_TXSTA_IREN_Setable)
    UARTx_TXSTA_STOPSEL_Set                  0x0000457d   Thumb Code    24  fm33a0xx_uart.o(i.UARTx_TXSTA_STOPSEL_Set)
    UARTx_TXSTA_TXEN_Setable                 0x00004595   Thumb Code    24  fm33a0xx_uart.o(i.UARTx_TXSTA_TXEN_Setable)
    UARTx_TXSTA_TXIS_Set                     0x000045ad   Thumb Code    24  fm33a0xx_uart.o(i.UARTx_TXSTA_TXIS_Set)
    Uartx_Init                               0x000045c5   Thumb Code   420  los_uart.o(i.Uartx_Init)
    __ARM_clz                                0x00004775   Thumb Code    58  los_priqueue.o(i.__ARM_clz)
    __ARM_common_switch8                     0x000047af   Thumb Code    28  los_uart.o(i.__ARM_common_switch8)
    _is_digit                                0x000047cb   Thumb Code    14  __printf_wp.o(i._is_digit)
    _sys_exit                                0x000047d9   Thumb Code     4  print.o(i._sys_exit)
    creat_maintask                           0x000047dd   Thumb Code    56  main.o(i.creat_maintask)
    fputc                                    0x00004815   Thumb Code    30  print.o(i.fputc)
    los_dev_uart_init                        0x00004839   Thumb Code   166  los_uart.o(i.los_dev_uart_init)
    los_dev_uart_read                        0x000048e9   Thumb Code   152  los_uart.o(i.los_dev_uart_read)
    los_dev_uart_rflush                      0x00004989   Thumb Code    72  los_uart.o(i.los_dev_uart_rflush)
    los_dev_uart_write                       0x000049d5   Thumb Code   132  los_uart.o(i.los_dev_uart_write)
    main                                     0x00004a61   Thumb Code   136  main.o(i.main)
    main_dht12                               0x00004b29   Thumb Code   112  main.o(i.main_dht12)
    main_dwg                                 0x00004ba9   Thumb Code    46  main.o(i.main_dwg)
    main_nb95                                0x00004bdd   Thumb Code   274  main.o(i.main_nb95)
    neul_bc95_get_csq                        0x00004d69   Thumb Code   118  neul_bc95.o(i.neul_bc95_get_csq)
    neul_bc95_get_netstat                    0x00004e01   Thumb Code   102  neul_bc95.o(i.neul_bc95_get_netstat)
    neul_bc95_read_coap_msg                  0x00004ee9   Thumb Code   184  neul_bc95.o(i.neul_bc95_read_coap_msg)
    neul_bc95_reboot                         0x00004fc9   Thumb Code   102  neul_bc95.o(i.neul_bc95_reboot)
    neul_bc95_send_coap_paylaod              0x0000504d   Thumb Code   334  neul_bc95.o(i.neul_bc95_send_coap_paylaod)
    neul_bc95_set_cdpserver                  0x000051e9   Thumb Code   254  neul_bc95.o(i.neul_bc95_set_cdpserver)
    osAlarmHeapInfo                          0x00005351   Thumb Code    36  los_heap.o(i.osAlarmHeapInfo)
    osAtomicBitsetClearBit                   0x00005375   Thumb Code    36  los_slab.o(i.osAtomicBitsetClearBit)
    osAtomicBitsetFindClearAndSet            0x00005399   Thumb Code    80  los_slab.o(i.osAtomicBitsetFindClearAndSet)
    osAtomicBitsetGetBit                     0x000053e9   Thumb Code    44  los_slab.o(i.osAtomicBitsetGetBit)
    osAtomicBitsetGetNumBits                 0x00005415   Thumb Code     6  los_slab.o(i.osAtomicBitsetGetNumBits)
    osAtomicBitsetInit                       0x0000541b   Thumb Code    48  los_slab.o(i.osAtomicBitsetInit)
    osHeapAlloc                              0x0000544d   Thumb Code   326  los_heap.o(i.osHeapAlloc)
    osHeapAllocAlign                         0x000055d9   Thumb Code   102  los_heap.o(i.osHeapAllocAlign)
    osHeapFree                               0x00005641   Thumb Code   314  los_heap.o(i.osHeapFree)
    osHeapInit                               0x000057a1   Thumb Code    74  los_heap.o(i.osHeapInit)
    osHeapPrvGetNext                         0x000057eb   Thumb Code    26  los_heap.o(i.osHeapPrvGetNext)
    osHeapStatisticsGet                      0x00005805   Thumb Code    96  los_heap.o(i.osHeapStatisticsGet)
    osHwiDefaultHandler                      0x0000586d   Thumb Code    30  los_hwi.o(i.osHwiDefaultHandler)
    osHwiInit                                0x000058a9   Thumb Code    26  los_hwi.o(i.osHwiInit)
    osIdleTask                               0x000058d1   Thumb Code    22  los_task.o(i.osIdleTask)
    osIdleTaskCreate                         0x000058ed   Thumb Code    54  los_task.o(i.osIdleTaskCreate)
    osIntNumGet                              0x00005939   Thumb Code     8  los_hwi.o(i.osIntNumGet)
    osInterrupt                              0x00005941   Thumb Code    78  los_hwi.o(i.osInterrupt)
    osMemSystemInit                          0x00005999   Thumb Code    20  los_memory.o(i.osMemSystemInit)
    osMuxInit                                0x000059b5   Thumb Code    82  los_mux.o(i.osMuxInit)
    osPriqueueDequeue                        0x00005a19   Thumb Code    68  los_priqueue.o(i.osPriqueueDequeue)
    osPriqueueEnqueue                        0x00005a65   Thumb Code    66  los_priqueue.o(i.osPriqueueEnqueue)
    osPriqueueInit                           0x00005ab1   Thumb Code    66  los_priqueue.o(i.osPriqueueInit)
    osPriqueueSize                           0x00005afd   Thumb Code    38  los_priqueue.o(i.osPriqueueSize)
    osPriqueueTop                            0x00005b29   Thumb Code    38  los_priqueue.o(i.osPriqueueTop)
    osQueueInit                              0x00005c79   Thumb Code    92  los_queue.o(i.osQueueInit)
    osQueueOperate                           0x00005ce5   Thumb Code   378  los_queue.o(i.osQueueOperate)
    osSchedule                               0x00005f01   Thumb Code     8  los_hw.o(i.osSchedule)
    osSemInit                                0x00005f09   Thumb Code    82  los_sem.o(i.osSemInit)
    osSlabAllocatorAlloc                     0x00005f6d   Thumb Code    30  los_slab.o(i.osSlabAllocatorAlloc)
    osSlabAllocatorFree                      0x00005f8b   Thumb Code    74  los_slab.o(i.osSlabAllocatorFree)
    osSlabAllocatorNew                       0x00005fd5   Thumb Code    96  los_slab.o(i.osSlabAllocatorNew)
    osSlabBlockHeadFill                      0x00006035   Thumb Code    16  los_slabmem.o(i.osSlabBlockHeadFill)
    osSlabCtrlHdrGet                         0x00006049   Thumb Code     8  los_memory.o(i.osSlabCtrlHdrGet)
    osSlabMemAlloc                           0x00006051   Thumb Code   160  los_slabmem.o(i.osSlabMemAlloc)
    osSlabMemFree                            0x000060f1   Thumb Code   112  los_slabmem.o(i.osSlabMemFree)
    osSlabMemInit                            0x00006165   Thumb Code   114  los_slabmem.o(i.osSlabMemInit)
    osSwTmrGetNextTimeout                    0x000061d9   Thumb Code    64  los_swtmr.o(i.osSwTmrGetNextTimeout)
    osSwTmrInit                              0x00006229   Thumb Code   138  los_swtmr.o(i.osSwTmrInit)
    osSwTmrStart                             0x000062d1   Thumb Code   538  los_swtmr.o(i.osSwTmrStart)
    osSwTmrTask                              0x000064f9   Thumb Code    62  los_swtmr.o(i.osSwTmrTask)
    osSwTmrTaskCreate                        0x0000653d   Thumb Code    46  los_swtmr.o(i.osSwTmrTaskCreate)
    osSwtmrScan                              0x00006639   Thumb Code    36  los_swtmr.o(i.osSwtmrScan)
    osTaskAdd2TimerList                      0x00006661   Thumb Code   196  los_task.o(i.osTaskAdd2TimerList)
    osTaskEntry                              0x00006729   Thumb Code    34  los_task.o(i.osTaskEntry)
    osTaskExit                               0x00006755   Thumb Code     6  los_hw.o(i.osTaskExit)
    osTaskInit                               0x0000675d   Thumb Code   238  los_task.o(i.osTaskInit)
    osTaskMonInit                            0x00006871   Thumb Code    32  los_task.o(i.osTaskMonInit)
    osTaskNextSwitchTimeGet                  0x000068a1   Thumb Code    76  los_task.o(i.osTaskNextSwitchTimeGet)
    osTaskPriModify                          0x000068f1   Thumb Code    56  los_task.o(i.osTaskPriModify)
    osTaskScan                               0x00006929   Thumb Code   230  los_task.o(i.osTaskScan)
    osTaskSwitchCheck                        0x00006a15   Thumb Code   248  los_task.o(i.osTaskSwitchCheck)
    osTaskWait                               0x00006ba5   Thumb Code    72  los_task.o(i.osTaskWait)
    osTaskWake                               0x00006bf1   Thumb Code    74  los_task.o(i.osTaskWake)
    osTickHandler                            0x00006c3d   Thumb Code    74  los_tick.o(i.osTickHandler)
    osTickHandlerLoop                        0x00006c9d   Thumb Code    46  los_tick.o(i.osTickHandlerLoop)
    osTickStart                              0x00006cd1   Thumb Code   132  los_hw_tick.o(i.osTickStart)
    osTicklessStart                          0x00006d7d   Thumb Code   118  los_tickless.o(i.osTicklessStart)
    osTimerListDelete                        0x00006e01   Thumb Code    62  los_task.o(i.osTimerListDelete)
    osTimesliceCheck                         0x00006e45   Thumb Code    64  los_timeslice.o(i.osTimesliceCheck)
    osTimesliceInit                          0x00006e91   Thumb Code    12  los_timeslice.o(i.osTimesliceInit)
    osTskStackInit                           0x00006ea1   Thumb Code   100  los_hw.o(i.osTskStackInit)
    osUpdateKernelTickCount                  0x00006f41   Thumb Code   140  los_tickless.o(i.osUpdateKernelTickCount)
    temp_sensor_init                         0x00006fd9   Thumb Code    12  main.o(i.temp_sensor_init)
    uart_data_flush                          0x00006fe5   Thumb Code    22  neul_bc95.o(i.uart_data_flush)
    uart_data_read                           0x00007001   Thumb Code    68  neul_bc95.o(i.uart_data_read)
    uart_data_write                          0x00007045   Thumb Code    38  neul_bc95.o(i.uart_data_write)
    _get_lc_ctype                            0x0000706d   Thumb Code    44  lc_ctype_c.o(locale$$code)
    __aeabi_cfrcmple                         0x00007099   Thumb Code     0  frlef.o(x$fpl$frleqf)
    _frcmple                                 0x00007099   Thumb Code    84  frlef.o(x$fpl$frleqf)
    __I$use$fp                               0x000070f0   Number         0  usenofp.o(x$fpl$usenofp)
    Region$$Table$$Base                      0x00007180   Number         0  anon$$obj.o(Region$$Table)
    Region$$Table$$Limit                     0x000071a0   Number         0  anon$$obj.o(Region$$Table)
    __ctype                                  0x000071ad   Data           0  lc_ctype_c.o(locale$$data)
    tempTemp                                 0x20000002   Data           1  main.o(.data)
    humidityTemp                             0x20000003   Data           1  main.o(.data)
    __stdout                                 0x20000004   Data           4  print.o(.data)
    UARTHandle                               0x20000008   Data          24  los_uart.o(.data)
    g_pstLosPriorityQueueList                0x20000068   Data           4  los_priqueue.o(.data)
    m_uwSwTmrHandlerQueue                    0x20000070   Data           4  los_swtmr.o(.data)
    m_pstSwtmrCBArray                        0x20000074   Data           4  los_swtmr.o(.data)
    m_pstSwtmrFreeList                       0x20000078   Data           4  los_swtmr.o(.data)
    m_pstSwtmrSortList                       0x2000007c   Data           4  los_swtmr.o(.data)
    g_pstTaskCBArray                         0x2000008c   Data           4  los_task.o(.data)
    g_stLosTask                              0x20000090   Data           8  los_task.o(.data)
    g_usLosTaskLock                          0x20000098   Data           2  los_task.o(.data)
    g_uwTskMaxNum                            0x2000009c   Data           4  los_task.o(.data)
    g_uwIdleTaskID                           0x200000a0   Data           4  los_task.o(.data)
    g_uwSwtmrTaskID                          0x200000a4   Data           4  los_task.o(.data)
    g_stTaskTimerList                        0x200000a8   Data           8  los_task.o(.data)
    g_stLosFreeTask                          0x200000b0   Data           8  los_task.o(.data)
    g_stTskRecyleList                        0x200000b8   Data           8  los_task.o(.data)
    g_stTskSortLink                          0x200000c0   Data           8  los_task.o(.data)
    g_bTaskScheduled                         0x200000c8   Data           4  los_task.o(.data)
    g_pfnTskSwitchHook                       0x200000cc   Data           4  los_task.o(.data)
    g_pfnUsrTskSwitchHook                    0x200000d0   Data           4  los_task.o(.data)
    g_ullTickCount                           0x200000d8   Data           8  los_tick.o(.data)
    g_uwTicksPerSec                          0x200000e0   Data           4  los_tick.o(.data)
    g_uwCyclePerSec                          0x200000e4   Data           4  los_tick.o(.data)
    g_uwCyclesPerTick                        0x200000e8   Data           4  los_tick.o(.data)
    g_uwSysClock                             0x200000ec   Data           4  los_tick.o(.data)
    g_stTaskTimeSlice                        0x200000f0   Data           8  los_timeslice.o(.data)
    g_pstAllMux                              0x200000f8   Data           4  los_mux.o(.data)
    g_stUnusedMuxList                        0x200000fc   Data           8  los_mux.o(.data)
    g_pstAllQueue                            0x20000104   Data           4  los_queue.o(.data)
    g_stFreeQueueList                        0x20000108   Data           8  los_queue.o(.data)
    g_stUnusedSemList                        0x20000110   Data           8  los_sem.o(.data)
    g_pstAllSem                              0x20000118   Data           4  los_sem.o(.data)
    g_pPoolHead                              0x2000012c   Data           4  los_memory.o(.data)
    g_bTicklessFlag                          0x20000130   Data           4  los_tickless.o(.data)
    g_bTickIrqFlag                           0x20000134   Data           4  los_tickless.o(.data)
    g_bReloadSysTickFlag                     0x20000138   Data           4  los_tickless.o(.data)
    g_uwSleepTicks                           0x2000013c   Data           4  los_tickless.o(.data)
    m_aucSysMem0                             0x20000140   Data           4  los_init.o(.data)
    g_stUserErrFunc                          0x20000144   Data           4  los_err.o(.data)
    g_vuwIntCount                            0x20000148   Data           4  los_hwi.o(.data)
    SystemCoreClock                          0x2000014c   Data           4  system_fm33a0xx.o(.data)
    m_pstHwiForm                             0x20000150   Data         192  los_hwi.o(.data.vector)
    gRcvBuf                                  0x20000210   Data         128  main.o(.bss)
    gUARTCB                                  0x20000290   Data         264  los_uart.o(.bss)
    bc95_net_data                            0x20000398   Data         310  neul_bc95.o(.bss)
    m_uwSwTmrAlignID                         0x20000ad0   Data          64  los_swtmr.o(.bss)
    g_astTskSwitchInfo                       0x20000b10   Data         342  los_task.o(.bss)
    m_pstHwiSlaveForm                        0x20000c68   Data         192  los_hwi.o(.bss)
    __libspace_start                         0x20000d28   Data          96  libspace.o(.bss)
    __temporary_stack_top$libspace           0x20000d88   Data           0  libspace.o(.bss)
    Image$$RW_IRAM1$$ZI$$Limit               0x20001f88   Number         0  anon$$obj.o ABSOLUTE



==============================================================================

Memory Map of the image

  Image Entry point : 0x000000c1

  Load Region LR_IROM1 (Base: 0x00000000, Size: 0x000074c0, Max: 0x00030000, ABSOLUTE, COMPRESSED[0x000072fc])

    Execution Region ER_IROM1 (Base: 0x00000000, Size: 0x000072b0, Max: 0x00030000, ABSOLUTE)

    Base Addr    Size         Type   Attr      Idx    E Section Name        Object

    0x00000000   0x000000c0   Data   RO         9628    RESET               startup_fm33a0xx.o
    0x000000c0   0x00000008   Code   RO         9764  * !!!main             c_p.l(__main.o)
    0x000000c8   0x0000003c   Code   RO        10023    !!!scatter          c_p.l(__scatter.o)
    0x00000104   0x0000001c   Code   RO        10025    !!handler_zi        c_p.l(__scatter_zi.o)
    0x00000120   0x00000002   Code   RO         9735    .ARM.Collect$$_printf_percent$$00000000  c_p.l(_printf_percent.o)
    0x00000122   0x0000000a   Code   RO         9733    .ARM.Collect$$_printf_percent$$00000002  c_p.l(_printf_p.o)
    0x0000012c   0x0000000a   Code   RO         9734    .ARM.Collect$$_printf_percent$$00000009  c_p.l(_printf_d.o)
    0x00000136   0x0000000a   Code   RO         9732    .ARM.Collect$$_printf_percent$$0000000C  c_p.l(_printf_x.o)
    0x00000140   0x0000000a   Code   RO         9730    .ARM.Collect$$_printf_percent$$00000013  c_p.l(_printf_c.o)
    0x0000014a   0x0000000a   Code   RO         9731    .ARM.Collect$$_printf_percent$$00000014  c_p.l(_printf_s.o)
    0x00000154   0x00000004   Code   RO         9823    .ARM.Collect$$_printf_percent$$00000017  c_p.l(_printf_percent_end.o)
    0x00000158   0x00000002   Code   RO         9882    .ARM.Collect$$libinit$$00000000  c_p.l(libinit.o)
    0x0000015a   0x00000000   Code   RO         9906    .ARM.Collect$$libinit$$00000002  c_p.l(libinit2.o)
    0x0000015a   0x00000000   Code   RO         9908    .ARM.Collect$$libinit$$00000004  c_p.l(libinit2.o)
    0x0000015a   0x00000000   Code   RO         9911    .ARM.Collect$$libinit$$0000000A  c_p.l(libinit2.o)
    0x0000015a   0x00000000   Code   RO         9913    .ARM.Collect$$libinit$$0000000C  c_p.l(libinit2.o)
    0x0000015a   0x00000000   Code   RO         9915    .ARM.Collect$$libinit$$0000000E  c_p.l(libinit2.o)
    0x0000015a   0x00000006   Code   RO         9916    .ARM.Collect$$libinit$$0000000F  c_p.l(libinit2.o)
    0x00000160   0x00000000   Code   RO         9918    .ARM.Collect$$libinit$$00000011  c_p.l(libinit2.o)
    0x00000160   0x0000000c   Code   RO         9919    .ARM.Collect$$libinit$$00000012  c_p.l(libinit2.o)
    0x0000016c   0x00000000   Code   RO         9920    .ARM.Collect$$libinit$$00000013  c_p.l(libinit2.o)
    0x0000016c   0x00000000   Code   RO         9922    .ARM.Collect$$libinit$$00000015  c_p.l(libinit2.o)
    0x0000016c   0x00000000   Code   RO         9924    .ARM.Collect$$libinit$$00000017  c_p.l(libinit2.o)
    0x0000016c   0x00000000   Code   RO         9926    .ARM.Collect$$libinit$$00000019  c_p.l(libinit2.o)
    0x0000016c   0x00000000   Code   RO         9928    .ARM.Collect$$libinit$$0000001B  c_p.l(libinit2.o)
    0x0000016c   0x00000000   Code   RO         9930    .ARM.Collect$$libinit$$0000001D  c_p.l(libinit2.o)
    0x0000016c   0x00000000   Code   RO         9932    .ARM.Collect$$libinit$$0000001F  c_p.l(libinit2.o)
    0x0000016c   0x00000000   Code   RO         9934    .ARM.Collect$$libinit$$00000021  c_p.l(libinit2.o)
    0x0000016c   0x00000000   Code   RO         9936    .ARM.Collect$$libinit$$00000023  c_p.l(libinit2.o)
    0x0000016c   0x00000000   Code   RO         9938    .ARM.Collect$$libinit$$00000025  c_p.l(libinit2.o)
    0x0000016c   0x00000000   Code   RO         9942    .ARM.Collect$$libinit$$0000002C  c_p.l(libinit2.o)
    0x0000016c   0x00000000   Code   RO         9944    .ARM.Collect$$libinit$$0000002E  c_p.l(libinit2.o)
    0x0000016c   0x00000000   Code   RO         9946    .ARM.Collect$$libinit$$00000030  c_p.l(libinit2.o)
    0x0000016c   0x00000000   Code   RO         9948    .ARM.Collect$$libinit$$00000032  c_p.l(libinit2.o)
    0x0000016c   0x00000002   Code   RO         9949    .ARM.Collect$$libinit$$00000033  c_p.l(libinit2.o)
    0x0000016e   0x00000002   Code   RO         9977    .ARM.Collect$$libshutdown$$00000000  c_p.l(libshutdown.o)
    0x00000170   0x00000000   Code   RO        10004    .ARM.Collect$$libshutdown$$00000002  c_p.l(libshutdown2.o)
    0x00000170   0x00000000   Code   RO        10006    .ARM.Collect$$libshutdown$$00000004  c_p.l(libshutdown2.o)
    0x00000170   0x00000000   Code   RO        10009    .ARM.Collect$$libshutdown$$00000007  c_p.l(libshutdown2.o)
    0x00000170   0x00000000   Code   RO        10012    .ARM.Collect$$libshutdown$$0000000A  c_p.l(libshutdown2.o)
    0x00000170   0x00000000   Code   RO        10014    .ARM.Collect$$libshutdown$$0000000C  c_p.l(libshutdown2.o)
    0x00000170   0x00000000   Code   RO        10017    .ARM.Collect$$libshutdown$$0000000F  c_p.l(libshutdown2.o)
    0x00000170   0x00000002   Code   RO        10018    .ARM.Collect$$libshutdown$$00000010  c_p.l(libshutdown2.o)
    0x00000172   0x00000000   Code   RO         9804    .ARM.Collect$$rtentry$$00000000  c_p.l(__rtentry.o)
    0x00000172   0x00000000   Code   RO         9836    .ARM.Collect$$rtentry$$00000002  c_p.l(__rtentry2.o)
    0x00000172   0x00000006   Code   RO         9848    .ARM.Collect$$rtentry$$00000004  c_p.l(__rtentry4.o)
    0x00000178   0x00000000   Code   RO         9838    .ARM.Collect$$rtentry$$00000009  c_p.l(__rtentry2.o)
    0x00000178   0x00000004   Code   RO         9839    .ARM.Collect$$rtentry$$0000000A  c_p.l(__rtentry2.o)
    0x0000017c   0x00000000   Code   RO         9841    .ARM.Collect$$rtentry$$0000000C  c_p.l(__rtentry2.o)
    0x0000017c   0x00000008   Code   RO         9842    .ARM.Collect$$rtentry$$0000000D  c_p.l(__rtentry2.o)
    0x00000184   0x00000002   Code   RO         9889    .ARM.Collect$$rtexit$$00000000  c_p.l(rtexit.o)
    0x00000186   0x00000000   Code   RO         9951    .ARM.Collect$$rtexit$$00000002  c_p.l(rtexit2.o)
    0x00000186   0x00000004   Code   RO         9952    .ARM.Collect$$rtexit$$00000003  c_p.l(rtexit2.o)
    0x0000018a   0x00000006   Code   RO         9953    .ARM.Collect$$rtexit$$00000004  c_p.l(rtexit2.o)
    0x00000190   0x00000038   Code   RO         9748    .emb_text           c_p.l(rt_memcpy.o)
    0x000001c8   0x000000ec   Code   RO         9021    .text               los_dispatch_keil.o
    0x000002b4   0x00000038   Code   RO         9629    .text               startup_fm33a0xx.o
    0x000002ec   0x00000002   Code   RO         9667    .text               c_p.l(use_no_semi_2.o)
    0x000002ee   0x00000002   PAD
    0x000002f0   0x0000001c   Code   RO         9677    .text               c_p.l(noretval__2printf.o)
    0x0000030c   0x00000028   Code   RO         9679    .text               c_p.l(noretval__2sprintf.o)
    0x00000334   0x0000004e   Code   RO         9683    .text               c_p.l(_printf_pad.o)
    0x00000382   0x00000052   Code   RO         9685    .text               c_p.l(_printf_str.o)
    0x000003d4   0x0000006c   Code   RO         9687    .text               c_p.l(_printf_dec.o)
    0x00000440   0x00000084   Code   RO         9701    .text               c_p.l(_printf_hex_int_ptr.o)
    0x000004c4   0x00000138   Code   RO         9722    .text               c_p.l(__printf_flags_wp.o)
    0x000005fc   0x00000040   Code   RO         9736    .text               c_p.l(__0sscanf.o)
    0x0000063c   0x0000014a   Code   RO         9738    .text               c_p.l(_scanf_int.o)
    0x00000786   0x000000e8   Code   RO         9740    .text               c_p.l(_scanf_str.o)
    0x0000086e   0x00000028   Code   RO         9742    .text               c_p.l(strstr.o)
    0x00000896   0x0000005a   Code   RO         9744    .text               c_p.l(memcmp.o)
    0x000008f0   0x00000044   Code   RO         9746    .text               c_p.l(strlen.o)
    0x00000934   0x00000082   Code   RO         9749    .text               c_p.l(rt_memcpy.o)
    0x000009b6   0x00000012   Code   RO         9752    .text               c_p.l(aeabi_memset.o)
    0x000009c8   0x00000040   Code   RO         9754    .text               c_p.l(rt_memclr.o)
    0x00000a08   0x0000015a   Code   RO         9758    .text               c_p.l(aeabi_sdiv.o)
    0x00000b62   0x00000006   Code   RO         9762    .text               c_p.l(heapauxi.o)
    0x00000b68   0x00000358   Code   RO         9768    .text               fz_ps.l(daddsub.o)
    0x00000ec0   0x00000048   Code   RO         9773    .text               fz_ps.l(dfixui.o)
    0x00000f08   0x00000054   Code   RO         9783    .text               fz_ps.l(f2d.o)
    0x00000f5c   0x00000160   Code   RO         9791    .text               fz_ps.l(fdiv.o)
    0x000010bc   0x0000005e   Code   RO         9794    .text               fz_ps.l(fflti.o)
    0x0000111a   0x00000002   Code   RO         9802    .text               c_p.l(use_no_semi.o)
    0x0000111c   0x000000b0   Code   RO         9813    .text               c_p.l(_printf_intcommon.o)
    0x000011cc   0x00000030   Code   RO         9815    .text               c_p.l(_printf_char_common.o)
    0x000011fc   0x0000000a   Code   RO         9817    .text               c_p.l(_sputc.o)
    0x00001206   0x0000002e   Code   RO         9819    .text               c_p.l(_printf_char.o)
    0x00001234   0x00000028   Code   RO         9821    .text               c_p.l(_printf_char_file.o)
    0x0000125c   0x0000001e   Code   RO         9824    .text               c_p.l(_chval.o)
    0x0000127a   0x00000002   PAD
    0x0000127c   0x00000030   Code   RO         9826    .text               c_p.l(scanf_char.o)
    0x000012ac   0x00000044   Code   RO         9828    .text               c_p.l(_sgetc.o)
    0x000012f0   0x00000028   Code   RO         9830    .text               c_p.l(rtudiv10.o)
    0x00001318   0x00000064   Code   RO         9832    .text               fz_ps.l(fcmpin.o)
    0x0000137c   0x00000012   Code   RO         9852    .text               c_p.l(isspace.o)
    0x0000138e   0x00000002   PAD
    0x00001390   0x00000380   Code   RO         9856    .text               c_p.l(_scanf.o)
    0x00001710   0x00000008   Code   RO         9858    .text               c_p.l(ferror.o)
    0x00001718   0x0000002e   Code   RO         9862    .text               fz_ps.l(cmpret.o)
    0x00001746   0x00000002   PAD
    0x00001748   0x00000010   Code   RO         9864    .text               fz_ps.l(fnan2.o)
    0x00001758   0x0000003e   Code   RO         9866    .text               c_p.l(sys_stackheap_outer.o)
    0x00001796   0x00000002   PAD
    0x00001798   0x00000010   Code   RO         9869    .text               c_p.l(rt_ctype_table.o)
    0x000017a8   0x00000010   Code   RO         9871    .text               c_p.l(exit.o)
    0x000017b8   0x0000005e   Code   RO         9883    .text               fz_ps.l(retnan.o)
    0x00001816   0x00000002   PAD
    0x00001818   0x00000008   Code   RO         9885    .text               c_p.l(libspace.o)
    0x00001820   0x00000008   Code   RO         9896    .text               c_p.l(rt_locale_intlibspace.o)
    0x00001828   0x00000088   Code   RO         9961    .text               c_p.l(strcmp.o)
    0x000018b0   0x00000056   Code   RO        10021    .text               c_p.l(__dczerorl2.o)
    0x00001906   0x00000002   PAD
    0x00001908   0x00000020   Code   RO         1367    i.ANAC_PDRCON_PDRCFG_Set  fm33a0xx_anac.o
    0x00001928   0x00000024   Code   RO         1369    i.ANAC_PDRCON_PDREN_Setable  fm33a0xx_anac.o
    0x0000194c   0x000000a6   Code   RO          350    i.AltFunIO          user_init.o
    0x000019f2   0x00000012   Code   RO          353    i.CheckSysReg       user_init.o
    0x00001a04   0x00000028   Code   RO          354    i.Close_AllIOEXTI   user_init.o
    0x00001a2c   0x0000031c   Code   RO          355    i.Close_AllIO_GPIO_80pin  user_init.o
    0x00001d48   0x000001c8   Code   RO          356    i.Close_None_GPIO_80pin  user_init.o
    0x00001f10   0x00000040   Code   RO          357    i.CloseeIO          user_init.o
    0x00001f50   0x00000080   Code   RO          971    i.DHT12_Check       dht12.o
    0x00001fd0   0x00000034   Code   RO          972    i.DHT12_Init        dht12.o
    0x00002004   0x00000064   Code   RO          973    i.DHT12_Read_Bit    dht12.o
    0x00002068   0x0000001e   Code   RO          974    i.DHT12_Read_Byte   dht12.o
    0x00002086   0x00000078   Code   RO          975    i.DHT12_Read_Data   dht12.o
    0x000020fe   0x00000002   PAD
    0x00002100   0x00000050   Code   RO          976    i.DHT12_Rst         dht12.o
    0x00002150   0x0000001c   Code   RO         3171    i.FLASH_FLSRDCON_WAIT_Set  fm33a0xx_flash.o
    0x0000216c   0x0000001c   Code   RO         3402    i.GPIO_ANASEL_PC12ANS_Set  fm33a0xx_gpio.o
    0x00002188   0x00000020   Code   RO         3404    i.GPIO_ANASEL_PC13ANS_Set  fm33a0xx_gpio.o
    0x000021a8   0x00000020   Code   RO         3406    i.GPIO_ANASEL_PC14ANS_Set  fm33a0xx_gpio.o
    0x000021c8   0x00000020   Code   RO         3408    i.GPIO_ANASEL_PC15ANS_Set  fm33a0xx_gpio.o
    0x000021e8   0x00000020   Code   RO         3410    i.GPIO_ANASEL_PE3ANS_Set  fm33a0xx_gpio.o
    0x00002208   0x00000020   Code   RO         3412    i.GPIO_ANASEL_PE4ANS_Set  fm33a0xx_gpio.o
    0x00002228   0x0000001c   Code   RO         3421    i.GPIO_FOUTSEL_FOUTSEL_Set  fm33a0xx_gpio.o
    0x00002244   0x00000094   Code   RO         3422    i.GPIO_Get_InitPara  fm33a0xx_gpio.o
    0x000022d8   0x00000024   Code   RO         3424    i.GPIO_HDSEL_PE2HDEN_Setable  fm33a0xx_gpio.o
    0x000022fc   0x00000024   Code   RO         3426    i.GPIO_HDSEL_PG6HDEN_Setable  fm33a0xx_gpio.o
    0x00002320   0x00000028   Code   RO         3427    i.GPIO_IODF_SetableEx  fm33a0xx_gpio.o
    0x00002348   0x00000072   Code   RO         3428    i.GPIO_Init         fm33a0xx_gpio.o
    0x000023ba   0x00000002   PAD
    0x000023bc   0x00000020   Code   RO         3429    i.GPIO_PINWKEN_SetableEx  fm33a0xx_gpio.o
    0x000023dc   0x00000014   Code   RO         3431    i.GPIO_ReadInputDataBit  fm33a0xx_gpio.o
    0x000023f0   0x00000004   Code   RO         3434    i.GPIO_ResetBits    fm33a0xx_gpio.o
    0x000023f4   0x00000004   Code   RO         3435    i.GPIO_SetBits      fm33a0xx_gpio.o
    0x000023f8   0x00000010   Code   RO         3436    i.GPIO_ToggleBits   fm33a0xx_gpio.o
    0x00002408   0x00000006   Code   RO         3439    i.GPIOx_DO_Write    fm33a0xx_gpio.o
    0x0000240e   0x00000028   Code   RO          358    i.IO_AnalogFunSet   user_init.o
    0x00002436   0x000000e4   Code   RO          359    i.IO_DFFunSet       user_init.o
    0x0000251a   0x00000044   Code   RO          360    i.IO_WKENFunSet     user_init.o
    0x0000255e   0x00000002   PAD
    0x00002560   0x00000010   Code   RO         4315    i.IWDT_Clr          fm33a0xx_iwdt.o
    0x00002570   0x0000001c   Code   RO         4318    i.IWDT_IWDTCFG_IWDTOVP_Set  fm33a0xx_iwdt.o
    0x0000258c   0x00000024   Code   RO         4320    i.IWDT_IWDTCFG_IWDTSLP4096S_Setable  fm33a0xx_iwdt.o
    0x000025b0   0x00000020   Code   RO          361    i.IWDT_Init         user_init.o
    0x000025d0   0x0000001c   Code   RO          362    i.Init_IO           user_init.o
    0x000025ec   0x00000020   Code   RO          363    i.Init_PLL          user_init.o
    0x0000260c   0x0000004c   Code   RO          364    i.Init_Pad_Io       user_init.o
    0x00002658   0x00000020   Code   RO          296    i.Init_PrintUartx   print.o
    0x00002678   0x00000198   Code   RO          365    i.Init_RCC_PERIPH_clk  user_init.o
    0x00002810   0x00000030   Code   RO          366    i.Init_SysClk       user_init.o
    0x00002840   0x0000002e   Code   RO          367    i.Init_SysClk_Gen   user_init.o
    0x0000286e   0x00000002   PAD
    0x00002870   0x00000038   Code   RO          368    i.Init_SysTick      user_init.o
    0x000028a8   0x00000044   Code   RO          369    i.Init_System       user_init.o
    0x000028ec   0x00000040   Code   RO          371    i.LED0_Flash        user_init.o
    0x0000292c   0x0000001c   Code   RO         8871    i.LOS_Align         los_misc.o
    0x00002948   0x0000003c   Code   RO         8994    i.LOS_ErrHandle     los_err.o
    0x00002984   0x00000128   Code   RO         8944    i.LOS_KernelInit    los_init.o
    0x00002aac   0x0000000e   Code   RO         7668    i.LOS_ListAdd       los_task.o
    0x00002aba   0x0000000e   Code   RO         8127    i.LOS_ListAdd       los_mux.o
    0x00002ac8   0x0000000e   Code   RO         8212    i.LOS_ListAdd       los_queue.o
    0x00002ad6   0x0000000e   Code   RO         8355    i.LOS_ListAdd       los_sem.o
    0x00002ae4   0x00000014   Code   RO         7669    i.LOS_ListDelete    los_task.o
    0x00002af8   0x00000010   Code   RO         7345    i.LOS_ListEmpty     los_priqueue.o
    0x00002b08   0x00000010   Code   RO         7670    i.LOS_ListEmpty     los_task.o
    0x00002b18   0x00000010   Code   RO         8128    i.LOS_ListEmpty     los_mux.o
    0x00002b28   0x00000010   Code   RO         8213    i.LOS_ListEmpty     los_queue.o
    0x00002b38   0x00000006   Code   RO         7671    i.LOS_ListInit      los_task.o
    0x00002b3e   0x00000006   Code   RO         8129    i.LOS_ListInit      los_mux.o
    0x00002b44   0x00000006   Code   RO         8214    i.LOS_ListInit      los_queue.o
    0x00002b4a   0x00000006   Code   RO         8357    i.LOS_ListInit      los_sem.o
    0x00002b50   0x00000010   Code   RO         7672    i.LOS_ListTailInsert  los_task.o
    0x00002b60   0x00000030   Code   RO         8579    i.LOS_MemAlloc      los_memory.o
    0x00002b90   0x00000014   Code   RO         8580    i.LOS_MemAllocAlign  los_memory.o
    0x00002ba4   0x00000038   Code   RO         8582    i.LOS_MemFree       los_memory.o
    0x00002bdc   0x00000114   Code   RO         8584    i.LOS_MemInit       los_memory.o
    0x00002cf0   0x000000a4   Code   RO         8130    i.LOS_MuxCreate     los_mux.o
    0x00002d94   0x00000194   Code   RO         8132    i.LOS_MuxPend       los_mux.o
    0x00002f28   0x000000f0   Code   RO         8133    i.LOS_MuxPost       los_mux.o
    0x00003018   0x000000e4   Code   RO         8215    i.LOS_QueueCreate   los_queue.o
    0x000030fc   0x00000036   Code   RO         8219    i.LOS_QueueReadCopy  los_queue.o
    0x00003132   0x00000032   Code   RO         8221    i.LOS_QueueWriteCopy  los_queue.o
    0x00003164   0x00000044   Code   RO         9026    i.LOS_Schedule      los_hw.o
    0x000031a8   0x00000044   Code   RO         8946    i.LOS_Start         los_init.o
    0x000031ec   0x0000003c   Code   RO         9072    i.LOS_SysTickCurrCycleGet  los_hw_tick.o
    0x00003228   0x00000044   Code   RO         9073    i.LOS_SysTickReload  los_hw_tick.o
    0x0000326c   0x0000009c   Code   RO         7675    i.LOS_TaskCreate    los_task.o
    0x00003308   0x00000198   Code   RO         7676    i.LOS_TaskCreateOnly  los_task.o
    0x000034a0   0x00000084   Code   RO         7677    i.LOS_TaskDelay     los_task.o
    0x00003524   0x00000178   Code   RO         7678    i.LOS_TaskDelete    los_task.o
    0x0000369c   0x00000094   Code   RO         7691    i.LOS_TaskYield     los_task.o
    0x00003730   0x0000000c   Code   RO         7606    i.LOS_TickCountGet  los_sys.o
    0x0000373c   0x00000018   Code   RO          534    i.NVIC_DisableIRQ   los_uart.o
    0x00003754   0x00000018   Code   RO          535    i.NVIC_EnableIRQ    los_uart.o
    0x0000376c   0x00000078   Code   RO          372    i.NVIC_SetPriority  user_init.o
    0x000037e4   0x00000078   Code   RO          536    i.NVIC_SetPriority  los_uart.o
    0x0000385c   0x00000078   Code   RO         9074    i.NVIC_SetPriority  los_hw_tick.o
    0x000038d4   0x00000072   Code   RO          373    i.OutputIO          user_init.o
    0x00003946   0x00000002   PAD
    0x00003948   0x00000130   Code   RO         5242    i.RCC_GetClocksFreq  fm33a0xx_rcc.o
    0x00003a78   0x00000058   Code   RO         5243    i.RCC_Init_RCHF_Trim  fm33a0xx_rcc.o
    0x00003ad0   0x0000001c   Code   RO         5245    i.RCC_MPRIL_MPRIL_Set  fm33a0xx_rcc.o
    0x00003aec   0x00000068   Code   RO         5248    i.RCC_PERCLK_SetableEx  fm33a0xx_rcc.o
    0x00003b54   0x00000014   Code   RO         5249    i.RCC_PLLCON_PLLDB_Get  fm33a0xx_rcc.o
    0x00003b68   0x00000020   Code   RO         5250    i.RCC_PLLCON_PLLDB_Set  fm33a0xx_rcc.o
    0x00003b88   0x00000018   Code   RO         5251    i.RCC_PLLCON_PLLEN_Getable  fm33a0xx_rcc.o
    0x00003ba0   0x00000024   Code   RO         5252    i.RCC_PLLCON_PLLEN_Setable  fm33a0xx_rcc.o
    0x00003bc4   0x00000010   Code   RO         5253    i.RCC_PLLCON_PLLINSEL_Get  fm33a0xx_rcc.o
    0x00003bd4   0x00000020   Code   RO         5254    i.RCC_PLLCON_PLLINSEL_Set  fm33a0xx_rcc.o
    0x00003bf4   0x00000020   Code   RO         5256    i.RCC_PLLCON_PLLOSEL_Set  fm33a0xx_rcc.o
    0x00003c14   0x0000000c   Code   RO         5258    i.RCC_PLLDB_WriteEx  fm33a0xx_rcc.o
    0x00003c20   0x0000001e   Code   RO         5259    i.RCC_PLL_Init      fm33a0xx_rcc.o
    0x00003c3e   0x00000002   PAD
    0x00003c40   0x00000010   Code   RO         5260    i.RCC_RCHFCON_FSEL_Get  fm33a0xx_rcc.o
    0x00003c50   0x00000020   Code   RO         5261    i.RCC_RCHFCON_FSEL_Set  fm33a0xx_rcc.o
    0x00003c70   0x00000018   Code   RO         5262    i.RCC_RCHFCON_RCHFEN_Getable  fm33a0xx_rcc.o
    0x00003c88   0x00000024   Code   RO         5263    i.RCC_RCHFCON_RCHFEN_Setable  fm33a0xx_rcc.o
    0x00003cac   0x00000010   Code   RO         5265    i.RCC_RCHFTRIM_Write  fm33a0xx_rcc.o
    0x00003cbc   0x00000012   Code   RO         5266    i.RCC_RCHF_Init     fm33a0xx_rcc.o
    0x00003cce   0x00000002   PAD
    0x00003cd0   0x00000010   Code   RO         5270    i.RCC_SYSCLKSEL_AHBPRES_Get  fm33a0xx_rcc.o
    0x00003ce0   0x00000020   Code   RO         5271    i.RCC_SYSCLKSEL_AHBPRES_Set  fm33a0xx_rcc.o
    0x00003d00   0x00000010   Code   RO         5272    i.RCC_SYSCLKSEL_APBPRES_Get  fm33a0xx_rcc.o
    0x00003d10   0x00000020   Code   RO         5273    i.RCC_SYSCLKSEL_APBPRES_Set  fm33a0xx_rcc.o
    0x00003d30   0x00000020   Code   RO         5275    i.RCC_SYSCLKSEL_EXTICKSEL_Set  fm33a0xx_rcc.o
    0x00003d50   0x00000024   Code   RO         5277    i.RCC_SYSCLKSEL_LPM_RCLP_OFF_Setable  fm33a0xx_rcc.o
    0x00003d74   0x00000028   Code   RO         5279    i.RCC_SYSCLKSEL_SLP_ENEXTI_Setable  fm33a0xx_rcc.o
    0x00003d9c   0x00000010   Code   RO         5280    i.RCC_SYSCLKSEL_SYSCLKSEL_Get  fm33a0xx_rcc.o
    0x00003dac   0x0000001c   Code   RO         5281    i.RCC_SYSCLKSEL_SYSCLKSEL_Set  fm33a0xx_rcc.o
    0x00003dc8   0x0000002a   Code   RO         5282    i.RCC_SysClk_Init   fm33a0xx_rcc.o
    0x00003df2   0x0000000e   Code   RO          657    i.RingDataLen       ring.o
    0x00003e00   0x0000001e   Code   RO          658    i.RingInit          ring.o
    0x00003e1e   0x000000ae   Code   RO          659    i.RingRead          ring.o
    0x00003ecc   0x00000014   Code   RO          660    i.RingReset         ring.o
    0x00003ee0   0x000000ea   Code   RO          661    i.RingWrite         ring.o
    0x00003fca   0x00000046   Code   RO          374    i.SCU_Init          user_init.o
    0x00004010   0x00000024   Code   RO         5879    i.SCU_MCUDBGCR_DBG_BT1_STOP_Setable  fm33a0xx_scu.o
    0x00004034   0x00000024   Code   RO         5881    i.SCU_MCUDBGCR_DBG_BT2_STOP_Setable  fm33a0xx_scu.o
    0x00004058   0x00000024   Code   RO         5883    i.SCU_MCUDBGCR_DBG_ET1_STOP_Setable  fm33a0xx_scu.o
    0x0000407c   0x00000024   Code   RO         5885    i.SCU_MCUDBGCR_DBG_ET2_STOP_Setable  fm33a0xx_scu.o
    0x000040a0   0x00000024   Code   RO         5887    i.SCU_MCUDBGCR_DBG_ET3_STOP_Setable  fm33a0xx_scu.o
    0x000040c4   0x00000024   Code   RO         5889    i.SCU_MCUDBGCR_DBG_ET4_STOP_Setable  fm33a0xx_scu.o
    0x000040e8   0x00000024   Code   RO         5891    i.SCU_MCUDBGCR_DBG_IWDT_STOP_Setable  fm33a0xx_scu.o
    0x0000410c   0x00000022   Code   RO         5893    i.SCU_MCUDBGCR_DBG_WWDT_STOP_Setable  fm33a0xx_scu.o
    0x0000412e   0x00000002   PAD
    0x00004130   0x00000010   Code   RO         9636    i.SystemInit        system_fm33a0xx.o
    0x00004140   0x00000028   Code   RO          375    i.TicksDelay        user_init.o
    0x00004168   0x00000028   Code   RO          376    i.TicksDelayMs      user_init.o
    0x00004190   0x0000001c   Code   RO          377    i.TicksDelayUs      user_init.o
    0x000041ac   0x0000000a   Code   RO          537    i.UART0_IRQHandler  los_uart.o
    0x000041b6   0x0000000a   Code   RO          538    i.UART1_IRQHandler  los_uart.o
    0x000041c0   0x0000000a   Code   RO          539    i.UART2_IRQHandler  los_uart.o
    0x000041ca   0x0000000a   Code   RO          540    i.UART3_IRQHandler  los_uart.o
    0x000041d4   0x0000000a   Code   RO          541    i.UART4_IRQHandler  los_uart.o
    0x000041de   0x0000000a   Code   RO          542    i.UART5_IRQHandler  los_uart.o
    0x000041e8   0x00000064   Code   RO         6922    i.UART_BaudREGCalc  fm33a0xx_uart.o
    0x0000424c   0x00000088   Code   RO          543    i.UART_ISR          los_uart.o
    0x000042d4   0x00000082   Code   RO         6931    i.UART_Init         fm33a0xx_uart.o
    0x00004356   0x0000008e   Code   RO         6932    i.UART_SInit        fm33a0xx_uart.o
    0x000043e4   0x0000002c   Code   RO         6933    i.UART_UARTIE_RxTxIE_GetableEx  fm33a0xx_uart.o
    0x00004410   0x00000040   Code   RO         6934    i.UART_UARTIE_RxTxIE_SetableEx  fm33a0xx_uart.o
    0x00004450   0x0000002c   Code   RO         6935    i.UART_UARTIF_RxTxIF_ChkEx  fm33a0xx_uart.o
    0x0000447c   0x00000018   Code   RO         6936    i.UART_UARTIF_RxTxIF_ClrEx  fm33a0xx_uart.o
    0x00004494   0x00000018   Code   RO         6939    i.UARTx_RTXCON_RTX7EN_Setable  fm33a0xx_uart.o
    0x000044ac   0x00000018   Code   RO         6941    i.UARTx_RTXCON_RXDFLAG_Setable  fm33a0xx_uart.o
    0x000044c4   0x00000018   Code   RO         6943    i.UARTx_RTXCON_TXDFLAG_Setable  fm33a0xx_uart.o
    0x000044dc   0x00000008   Code   RO         6945    i.UARTx_RXREG_Read  fm33a0xx_uart.o
    0x000044e4   0x00000018   Code   RO         6947    i.UARTx_RXSTA_ERRIE_Setable  fm33a0xx_uart.o
    0x000044fc   0x00000018   Code   RO         6953    i.UARTx_RXSTA_PDSEL_Set  fm33a0xx_uart.o
    0x00004514   0x00000018   Code   RO         6958    i.UARTx_RXSTA_RXEN_Setable  fm33a0xx_uart.o
    0x0000452c   0x00000006   Code   RO         6960    i.UARTx_SPBRG_Write  fm33a0xx_uart.o
    0x00004532   0x00000014   Code   RO         6961    i.UARTx_TXBUFSTA_TXFF_Chk  fm33a0xx_uart.o
    0x00004546   0x00000018   Code   RO         6963    i.UARTx_TXBUFSTA_TX_INTSEL_Set  fm33a0xx_uart.o
    0x0000455e   0x00000006   Code   RO         6964    i.UARTx_TXREG_Write  fm33a0xx_uart.o
    0x00004564   0x00000018   Code   RO         6966    i.UARTx_TXSTA_IREN_Setable  fm33a0xx_uart.o
    0x0000457c   0x00000018   Code   RO         6968    i.UARTx_TXSTA_STOPSEL_Set  fm33a0xx_uart.o
    0x00004594   0x00000018   Code   RO         6971    i.UARTx_TXSTA_TXEN_Setable  fm33a0xx_uart.o
    0x000045ac   0x00000018   Code   RO         6973    i.UARTx_TXSTA_TXIS_Set  fm33a0xx_uart.o
    0x000045c4   0x000001b0   Code   RO          544    i.Uartx_Init        los_uart.o
    0x00004774   0x0000003a   Code   RO         7398    i.__ARM_clz         los_priqueue.o
    0x000047ae   0x0000001c   Code   RO          640    i.__ARM_common_switch8  los_uart.o
    0x000047ca   0x0000000e   Code   RO         9720    i._is_digit         c_p.l(__printf_wp.o)
    0x000047d8   0x00000004   Code   RO          298    i._sys_exit         print.o
    0x000047dc   0x00000038   Code   RO            3    i.creat_maintask    main.o
    0x00004814   0x00000024   Code   RO          300    i.fputc             print.o
    0x00004838   0x000000b0   Code   RO          545    i.los_dev_uart_init  los_uart.o
    0x000048e8   0x000000a0   Code   RO          546    i.los_dev_uart_read  los_uart.o
    0x00004988   0x0000004c   Code   RO          547    i.los_dev_uart_rflush  los_uart.o
    0x000049d4   0x0000008c   Code   RO          549    i.los_dev_uart_write  los_uart.o
    0x00004a60   0x000000c8   Code   RO            4    i.main              main.o
    0x00004b28   0x00000080   Code   RO            5    i.main_dht12        main.o
    0x00004ba8   0x00000034   Code   RO            6    i.main_dwg          main.o
    0x00004bdc   0x0000018c   Code   RO            7    i.main_nb95         main.o
    0x00004d68   0x00000098   Code   RO          715    i.neul_bc95_get_csq  neul_bc95.o
    0x00004e00   0x00000080   Code   RO          717    i.neul_bc95_get_netstat  neul_bc95.o
    0x00004e80   0x00000066   Code   RO          722    i.neul_bc95_hex_to_str  neul_bc95.o
    0x00004ee6   0x00000002   PAD
    0x00004ee8   0x000000e0   Code   RO          727    i.neul_bc95_read_coap_msg  neul_bc95.o
    0x00004fc8   0x00000084   Code   RO          728    i.neul_bc95_reboot  neul_bc95.o
    0x0000504c   0x0000019c   Code   RO          730    i.neul_bc95_send_coap_paylaod  neul_bc95.o
    0x000051e8   0x00000128   Code   RO          733    i.neul_bc95_set_cdpserver  neul_bc95.o
    0x00005310   0x00000040   Code   RO          739    i.neul_bc95_str_to_hex  neul_bc95.o
    0x00005350   0x00000024   Code   RO         8434    i.osAlarmHeapInfo   los_heap.o
    0x00005374   0x00000024   Code   RO         8679    i.osAtomicBitsetClearBit  los_slab.o
    0x00005398   0x00000050   Code   RO         8681    i.osAtomicBitsetFindClearAndSet  los_slab.o
    0x000053e8   0x0000002c   Code   RO         8682    i.osAtomicBitsetGetBit  los_slab.o
    0x00005414   0x00000006   Code   RO         8796    i.osAtomicBitsetGetNumBits  los_slab.o
    0x0000541a   0x00000030   Code   RO         8684    i.osAtomicBitsetInit  los_slab.o
    0x0000544a   0x00000002   PAD
    0x0000544c   0x0000018c   Code   RO         8435    i.osHeapAlloc       los_heap.o
    0x000055d8   0x00000066   Code   RO         8436    i.osHeapAllocAlign  los_heap.o
    0x0000563e   0x00000002   PAD
    0x00005640   0x00000160   Code   RO         8437    i.osHeapFree        los_heap.o
    0x000057a0   0x0000004a   Code   RO         8440    i.osHeapInit        los_heap.o
    0x000057ea   0x0000001a   Code   RO         8441    i.osHeapPrvGetNext  los_heap.o
    0x00005804   0x00000068   Code   RO         8442    i.osHeapStatisticsGet  los_heap.o
    0x0000586c   0x0000003c   Code   RO         9125    i.osHwiDefaultHandler  los_hwi.o
    0x000058a8   0x00000028   Code   RO         9126    i.osHwiInit         los_hwi.o
    0x000058d0   0x0000001c   Code   RO         7695    i.osIdleTask        los_task.o
    0x000058ec   0x0000004c   Code   RO         7696    i.osIdleTaskCreate  los_task.o
    0x00005938   0x00000008   Code   RO         9127    i.osIntNumGet       los_hwi.o
    0x00005940   0x00000058   Code   RO         9128    i.osInterrupt       los_hwi.o
    0x00005998   0x0000001c   Code   RO         8588    i.osMemSystemInit   los_memory.o
    0x000059b4   0x00000064   Code   RO         8134    i.osMuxInit         los_mux.o
    0x00005a18   0x0000004c   Code   RO         7346    i.osPriqueueDequeue  los_priqueue.o
    0x00005a64   0x0000004c   Code   RO         7347    i.osPriqueueEnqueue  los_priqueue.o
    0x00005ab0   0x0000004c   Code   RO         7348    i.osPriqueueInit    los_priqueue.o
    0x00005afc   0x0000002c   Code   RO         7349    i.osPriqueueSize    los_priqueue.o
    0x00005b28   0x00000030   Code   RO         7350    i.osPriqueueTop     los_priqueue.o
    0x00005b58   0x00000120   Code   RO         8224    i.osQueueBufferOperate  los_queue.o
    0x00005c78   0x0000006c   Code   RO         8225    i.osQueueInit       los_queue.o
    0x00005ce4   0x0000018c   Code   RO         8228    i.osQueueOperate    los_queue.o
    0x00005e70   0x00000044   Code   RO         8229    i.osQueueReadParameterCheck  los_queue.o
    0x00005eb4   0x00000040   Code   RO         8230    i.osQueueWriteParameterCheck  los_queue.o
    0x00005ef4   0x0000000c   Code   RO         8948    i.osRegister        los_init.o
    0x00005f00   0x00000008   Code   RO         9028    i.osSchedule        los_hw.o
    0x00005f08   0x00000064   Code   RO         8363    i.osSemInit         los_sem.o
    0x00005f6c   0x0000001e   Code   RO         8685    i.osSlabAllocatorAlloc  los_slab.o
    0x00005f8a   0x0000004a   Code   RO         8689    i.osSlabAllocatorFree  los_slab.o
    0x00005fd4   0x00000060   Code   RO         8696    i.osSlabAllocatorNew  los_slab.o
    0x00006034   0x00000014   Code   RO         8809    i.osSlabBlockHeadFill  los_slabmem.o
    0x00006048   0x00000008   Code   RO         8589    i.osSlabCtrlHdrGet  los_memory.o
    0x00006050   0x000000a0   Code   RO         8811    i.osSlabMemAlloc    los_slabmem.o
    0x000060f0   0x00000074   Code   RO         8814    i.osSlabMemFree     los_slabmem.o
    0x00006164   0x00000072   Code   RO         8815    i.osSlabMemInit     los_slabmem.o
    0x000061d6   0x00000002   PAD
    0x000061d8   0x00000050   Code   RO         7450    i.osSwTmrGetNextTimeout  los_swtmr.o
    0x00006228   0x000000a8   Code   RO         7451    i.osSwTmrInit       los_swtmr.o
    0x000062d0   0x00000228   Code   RO         7452    i.osSwTmrStart      los_swtmr.o
    0x000064f8   0x00000044   Code   RO         7453    i.osSwTmrTask       los_swtmr.o
    0x0000653c   0x00000044   Code   RO         7454    i.osSwTmrTaskCreate  los_swtmr.o
    0x00006580   0x00000088   Code   RO         7455    i.osSwTmrTimeoutHandle  los_swtmr.o
    0x00006608   0x00000030   Code   RO         7457    i.osSwtmrDelete     los_swtmr.o
    0x00006638   0x00000028   Code   RO         7458    i.osSwtmrScan       los_swtmr.o
    0x00006660   0x000000c8   Code   RO         7697    i.osTaskAdd2TimerList  los_task.o
    0x00006728   0x0000002c   Code   RO         7698    i.osTaskEntry       los_task.o
    0x00006754   0x00000006   Code   RO         9029    i.osTaskExit        los_hw.o
    0x0000675a   0x00000002   PAD
    0x0000675c   0x00000114   Code   RO         7699    i.osTaskInit        los_task.o
    0x00006870   0x00000030   Code   RO         7700    i.osTaskMonInit     los_task.o
    0x000068a0   0x00000050   Code   RO         7701    i.osTaskNextSwitchTimeGet  los_task.o
    0x000068f0   0x00000038   Code   RO         7702    i.osTaskPriModify   los_task.o
    0x00006928   0x000000ec   Code   RO         7703    i.osTaskScan        los_task.o
    0x00006a14   0x00000190   Code   RO         7704    i.osTaskSwitchCheck  los_task.o
    0x00006ba4   0x0000004c   Code   RO         7705    i.osTaskWait        los_task.o
    0x00006bf0   0x0000004a   Code   RO         7706    i.osTaskWake        los_task.o
    0x00006c3a   0x00000002   PAD
    0x00006c3c   0x00000060   Code   RO         7971    i.osTickHandler     los_tick.o
    0x00006c9c   0x00000034   Code   RO         7972    i.osTickHandlerLoop  los_tick.o
    0x00006cd0   0x000000ac   Code   RO         9075    i.osTickStart       los_hw_tick.o
    0x00006d7c   0x00000084   Code   RO         8899    i.osTicklessStart   los_tickless.o
    0x00006e00   0x00000044   Code   RO         7707    i.osTimerListDelete  los_task.o
    0x00006e44   0x0000004c   Code   RO         8025    i.osTimesliceCheck  los_timeslice.o
    0x00006e90   0x00000010   Code   RO         8026    i.osTimesliceInit   los_timeslice.o
    0x00006ea0   0x000000a0   Code   RO         9030    i.osTskStackInit    los_hw.o
    0x00006f40   0x00000098   Code   RO         8927    i.osUpdateKernelTickCount  los_tickless.o
    0x00006fd8   0x0000000c   Code   RO           11    i.temp_sensor_init  main.o
    0x00006fe4   0x0000001c   Code   RO          742    i.uart_data_flush   neul_bc95.o
    0x00007000   0x00000044   Code   RO          743    i.uart_data_read    neul_bc95.o
    0x00007044   0x00000026   Code   RO          744    i.uart_data_write   neul_bc95.o
    0x0000706a   0x00000002   PAD
    0x0000706c   0x0000002c   Code   RO         9899    locale$$code        c_p.l(lc_ctype_c.o)
    0x00007098   0x00000058   Code   RO         9800    x$fpl$frleqf        fz_ps.l(frlef.o)
    0x000070f0   0x00000000   Code   RO         9834    x$fpl$usenofp       fz_ps.l(usenofp.o)
    0x000070f0   0x00000014   Data   RO         9130    .constdata          los_hwi.o
    0x00007104   0x00000028   Data   RO         9702    .constdata          c_p.l(_printf_hex_int_ptr.o)
    0x0000712c   0x00000011   Data   RO         9723    .constdata          c_p.l(__printf_flags_wp.o)
    0x0000713d   0x00000040   Data   RO         9792    .constdata          fz_ps.l(fdiv.o)
    0x0000717d   0x00000003   PAD
    0x00007180   0x00000020   Data   RO        10019    Region$$Table       anon$$obj.o
    0x000071a0   0x00000110   Data   RO         9898    locale$$data        c_p.l(lc_ctype_c.o)


    Execution Region RW_IRAM1 (Base: 0x20000000, Size: 0x00001f88, Max: 0x00006000, ABSOLUTE, COMPRESSED[0x0000004c])

    Base Addr    Size         Type   Attr      Idx    E Section Name        Object

    0x20000000   0x00000004   Data   RW           13    .data               main.o
    0x20000004   0x00000004   Data   RW          301    .data               print.o
    0x20000008   0x00000018   Data   RW          551    .data               los_uart.o
    0x20000020   0x00000048   Data   RW          747    .data               neul_bc95.o
    0x20000068   0x00000008   Data   RW         7352    .data               los_priqueue.o
    0x20000070   0x0000001c   Data   RW         7462    .data               los_swtmr.o
    0x2000008c   0x00000048   Data   RW         7710    .data               los_task.o
    0x200000d4   0x00000004   PAD
    0x200000d8   0x00000018   Data   RW         7973    .data               los_tick.o
    0x200000f0   0x00000008   Data   RW         8027    .data               los_timeslice.o
    0x200000f8   0x0000000c   Data   RW         8135    .data               los_mux.o
    0x20000104   0x0000000c   Data   RW         8231    .data               los_queue.o
    0x20000110   0x0000000c   Data   RW         8364    .data               los_sem.o
    0x2000011c   0x00000010   Data   RW         8443    .data               los_heap.o
    0x2000012c   0x00000004   Data   RW         8590    .data               los_memory.o
    0x20000130   0x00000010   Data   RW         8900    .data               los_tickless.o
    0x20000140   0x00000004   Data   RW         8949    .data               los_init.o
    0x20000144   0x00000004   Data   RW         8995    .data               los_err.o
    0x20000148   0x00000004   Data   RW         9131    .data               los_hwi.o
    0x2000014c   0x00000004   Data   RW         9637    .data               system_fm33a0xx.o
    0x20000150   0x000000c0   Data   RW         9132    .data.vector        los_hwi.o
    0x20000210   0x00000080   Zero   RW           12    .bss                main.o
    0x20000290   0x00000108   Zero   RW          550    .bss                los_uart.o
    0x20000398   0x00000736   Zero   RW          745    .bss                neul_bc95.o
    0x20000ace   0x00000002   PAD
    0x20000ad0   0x00000040   Zero   RW         7461    .bss                los_swtmr.o
    0x20000b10   0x00000156   Zero   RW         7708    .bss                los_task.o
    0x20000c66   0x00000002   PAD
    0x20000c68   0x000000c0   Zero   RW         9129    .bss                los_hwi.o
    0x20000d28   0x00000060   Zero   RW         9886    .bss                c_p.l(libspace.o)
    0x20000d88   0x00000200   Zero   RW         9627    HEAP                startup_fm33a0xx.o
    0x20000f88   0x00001000   Zero   RW         9626    STACK               startup_fm33a0xx.o


==============================================================================

Image component sizes


      Code (inc. data)   RO Data    RW Data    ZI Data      Debug   Object Name

       510         24          0          0          0      15128   dht12.o
        68         10          0          0          0       1205   fm33a0xx_anac.o
        28          6          0          0          0        622   fm33a0xx_flash.o
       672         58          0          0          0      18777   fm33a0xx_gpio.o
        80         18          0          0          0       1734   fm33a0xx_iwdt.o
      1190        132          0          0          0      29995   fm33a0xx_rcc.o
       286          0          0          0          0       4842   fm33a0xx_scu.o
       852         28          0          0          0      19162   fm33a0xx_uart.o
       236         30          0          0          0        504   los_dispatch_keil.o
        60         10          0          4          0       2778   los_err.o
      1090        116          0         16          0       8006   los_heap.o
       242         70          0          0          0       3110   los_hw.o
       420         74          0          0          0      11260   los_hw_tick.o
       196         54         20        196        192       6736   los_hwi.o
       376        136          0          4          0       2744   los_init.o
       436         70          0          4          0       5242   los_memory.o
        28          0          0          0          0        676   los_misc.o
       944        174          0         12          0      16196   los_mux.o
       394         44          0          8          0      16594   los_priqueue.o
      1292        108          0         12          0      21600   los_queue.o
       120         18          0         12          0       3660   los_sem.o
       414          0          0          0          0       7266   los_slab.o
       410          8          0          0          0       4439   los_slabmem.o
      1160        114          0         28         64      18542   los_swtmr.o
        12          6          0          0          0        571   los_sys.o
      2954        394          0         72        342      29256   los_task.o
       148         28          0         24          0       1816   los_tick.o
       284         26          0         16          0       3229   los_tickless.o
        92         16          0          8          0       1517   los_timeslice.o
      1376         78          0         24        264      20006   los_uart.o
       844        208          0          4        128      51987   main.o
      1644        266          0         72       1846      11350   neul_bc95.o
        72         12          0          4          0       3620   print.o
       472          0          0          0          0       4792   ring.o
        56         26        192          0       4608        736   startup_fm33a0xx.o
        16          8          0          4          0        895   system_fm33a0xx.o
      3146         84          0          0          0      24779   user_init.o

    ----------------------------------------------------------------------
     22650       2454        244        528       7448     375372   Object Totals
         0          0         32          0          0          0   (incl. Generated)
        30          0          0          4          4          0   (incl. Padding)

    ----------------------------------------------------------------------

      Code (inc. data)   RO Data    RW Data    ZI Data      Debug   Library Member Name

        64         10          0          0          0         84   __0sscanf.o
        86          0          0          0          0          0   __dczerorl2.o
         8          0          0          0          0         68   __main.o
       312          6         17          0          0         76   __printf_flags_wp.o
        14          0          0          0          0         60   __printf_wp.o
         0          0          0          0          0          0   __rtentry.o
        12          0          0          0          0          0   __rtentry2.o
         6          0          0          0          0          0   __rtentry4.o
        60          8          0          0          0          0   __scatter.o
        28          0          0          0          0          0   __scatter_zi.o
        30          0          0          0          0         60   _chval.o
        10          0          0          0          0          0   _printf_c.o
        46          0          0          0          0        100   _printf_char.o
        48          6          0          0          0         88   _printf_char_common.o
        40          6          0          0          0         72   _printf_char_file.o
        10          0          0          0          0          0   _printf_d.o
       108         18          0          0          0         76   _printf_dec.o
       132          6         40          0          0        128   _printf_hex_int_ptr.o
       176          0          0          0          0         84   _printf_intcommon.o
        10          0          0          0          0          0   _printf_p.o
        78          0          0          0          0        100   _printf_pad.o
         2          0          0          0          0          0   _printf_percent.o
         4          0          0          0          0          0   _printf_percent_end.o
        10          0          0          0          0          0   _printf_s.o
        82          0          0          0          0         72   _printf_str.o
        10          0          0          0          0          0   _printf_x.o
       896         16          0          0          0         84   _scanf.o
       330          0          0          0          0         84   _scanf_int.o
       232          0          0          0          0         84   _scanf_str.o
        68          0          0          0          0         76   _sgetc.o
        10          0          0          0          0         60   _sputc.o
        18          0          0          0          0         68   aeabi_memset.o
       346          0          0          0          0         92   aeabi_sdiv.o
        16          0          0          0          0         68   exit.o
         8          0          0          0          0         60   ferror.o
         6          0          0          0          0        136   heapauxi.o
        18          0          0          0          0         68   isspace.o
        44         10        272          0          0         76   lc_ctype_c.o
         2          0          0          0          0          0   libinit.o
        20          0          0          0          0          0   libinit2.o
         2          0          0          0          0          0   libshutdown.o
         2          0          0          0          0          0   libshutdown2.o
         8          4          0          0         96         68   libspace.o
        90          0          0          0          0         68   memcmp.o
        28          6          0          0          0         84   noretval__2printf.o
        40          4          0          0          0         84   noretval__2sprintf.o
        16          4          0          0          0         76   rt_ctype_table.o
         8          4          0          0          0         68   rt_locale_intlibspace.o
        64          0          0          0          0        108   rt_memclr.o
       186          0          0          0          0        144   rt_memcpy.o
         2          0          0          0          0          0   rtexit.o
        10          0          0          0          0          0   rtexit2.o
        40          0          0          0          0         60   rtudiv10.o
        48          8          0          0          0         84   scanf_char.o
       136          4          0          0          0         72   strcmp.o
        68          6          0          0          0         72   strlen.o
        40          0          0          0          0         72   strstr.o
        62          0          0          0          0         80   sys_stackheap_outer.o
         2          0          0          0          0         68   use_no_semi.o
         2          0          0          0          0         68   use_no_semi_2.o
        46          0          0          0          0         60   cmpret.o
       856         20          0          0          0        208   daddsub.o
        72          4          0          0          0         68   dfixui.o
        84          4          0          0          0         60   f2d.o
       100          4          0          0          0         68   fcmpin.o
       352         10         64          0          0         92   fdiv.o
        94          0          0          0          0         92   fflti.o
        16          6          0          0          0         68   fnan2.o
        88          4          0          0          0         76   frlef.o
        94          0          0          0          0         68   retnan.o
         0          0          0          0          0          0   usenofp.o

    ----------------------------------------------------------------------
      6070        178        396          0         96       4160   Library Totals
        14          0          3          0          0          0   (incl. Padding)

    ----------------------------------------------------------------------

      Code (inc. data)   RO Data    RW Data    ZI Data      Debug   Library Name

      4254        126        329          0         96       3300   c_p.l
      1802         52         64          0          0        860   fz_ps.l

    ----------------------------------------------------------------------
      6070        178        396          0         96       4160   Library Totals

    ----------------------------------------------------------------------

==============================================================================


      Code (inc. data)   RO Data    RW Data    ZI Data      Debug   

     28720       2632        640        528       7544     365968   Grand Totals
     28720       2632        640         76       7544     365968   ELF Image Totals (compressed)
     28720       2632        640         76          0          0   ROM Totals

==============================================================================

    Total RO  Size (Code + RO Data)                29360 (  28.67kB)
    Total RW  Size (RW Data + ZI Data)              8072 (   7.88kB)
    Total ROM Size (Code + RO Data + RW Data)      29436 (  28.75kB)

==============================================================================

