Component: ARM Compiler 5.06 update 1 (build 61) Tool: armlink [4d35a8]

==============================================================================

Section Cross References

    main.o(i.creat_maintask) refers to los_task.o(i.LOS_TaskCreate) for LOS_TaskCreate
    main.o(i.main) refers to user_init.o(i.Init_System) for Init_System
    main.o(i.main) refers to los_init.o(i.LOS_KernelInit) for LOS_KernelInit
    main.o(i.main) refers to main.o(i.creat_maintask) for creat_maintask
    main.o(i.main) refers to los_init.o(i.LOS_Start) for LOS_Start
    main.o(i.main) refers to main.o(i.main_dwg) for main_dwg
    main.o(i.main_dht12) refers to los_task.o(i.LOS_TaskDelay) for LOS_TaskDelay
    main.o(i.main_dht12) refers to fm33a0xx_iwdt.o(i.IWDT_Clr) for IWDT_Clr
    main.o(i.main_dht12) refers to los_dispatch_keil.o(.text) for LOS_IntLock
    main.o(i.main_dht12) refers to main.o(i.temp_sensor_init) for temp_sensor_init
    main.o(i.main_dht12) refers to dht12.o(i.DHT12_Read_Data) for DHT12_Read_Data
    main.o(i.main_dht12) refers to main.o(.data) for humidityTemp
    main.o(i.main_dwg) refers to fm33a0xx_iwdt.o(i.IWDT_Clr) for IWDT_Clr
    main.o(i.main_dwg) refers to los_task.o(i.LOS_TaskDelay) for LOS_TaskDelay
    main.o(i.main_nb95) refers to user_init.o(i.OutputIO) for OutputIO
    main.o(i.main_nb95) refers to fm33a0xx_gpio.o(i.GPIO_ResetBits) for GPIO_ResetBits
    main.o(i.main_nb95) refers to neul_bc95.o(i.neul_bc95_reboot) for neul_bc95_reboot
    main.o(i.main_nb95) refers to los_task.o(i.LOS_TaskDelay) for LOS_TaskDelay
    main.o(i.main_nb95) refers to neul_bc95.o(i.neul_bc95_set_cdpserver) for neul_bc95_set_cdpserver
    main.o(i.main_nb95) refers to printf8.o(i.__0printf$8) for __2printf
    main.o(i.main_nb95) refers to neul_bc95.o(i.neul_bc95_get_csq) for neul_bc95_get_csq
    main.o(i.main_nb95) refers to neul_bc95.o(i.neul_bc95_get_netstat) for neul_bc95_get_netstat
    main.o(i.main_nb95) refers to printf8.o(i.__0sprintf$8) for __2sprintf
    main.o(i.main_nb95) refers to neul_bc95.o(i.neul_bc95_send_coap_paylaod) for neul_bc95_send_coap_paylaod
    main.o(i.main_nb95) refers to neul_bc95.o(i.uart_data_flush) for uart_data_flush
    main.o(i.main_nb95) refers to neul_bc95.o(i.neul_bc95_read_coap_msg) for neul_bc95_read_coap_msg
    main.o(i.main_nb95) refers to memcmp.o(.text) for memcmp
    main.o(i.main_nb95) refers to fm33a0xx_gpio.o(i.GPIO_SetBits) for GPIO_SetBits
    main.o(i.main_nb95) refers to fm33a0xx_gpio.o(i.GPIO_ToggleBits) for GPIO_ToggleBits
    main.o(i.main_nb95) refers to main.o(.data) for temp_dht12
    main.o(i.main_printf) refers to los_task.o(i.LOS_TaskDelay) for LOS_TaskDelay
    main.o(i.main_printf) refers to printf8.o(i.__0printf$8) for __2printf
    main.o(i.mainreceivetask) refers to los_uart.o(i.los_dev_uart_read) for los_dev_uart_read
    main.o(i.mainreceivetask) refers to printf8.o(i.__0printf$8) for __2printf
    main.o(i.mainsendtask) refers to los_task.o(i.LOS_TaskDelay) for LOS_TaskDelay
    main.o(i.mainsendtask) refers to strlen.o(.text) for strlen
    main.o(i.mainsendtask) refers to los_uart.o(i.los_dev_uart_write) for los_dev_uart_write
    main.o(i.temp_sensor_init) refers to dht12.o(i.DHT12_Init) for DHT12_Init
    print.o(i.Init_lptimer_for_runtime_stats) refers to fm33a0xx_rcc.o(i.RCC_PERCLK_SetableEx) for RCC_PERCLK_SetableEx
    print.o(i.Init_lptimer_for_runtime_stats) refers to fm33a0xx_lptim.o(i.LPTIM_Init) for LPTIM_Init
    print.o(i.Init_lptimer_for_runtime_stats) refers to fm33a0xx_lptim.o(i.LPTIM_LPTCTRL_LPTEN_Setable) for LPTIM_LPTCTRL_LPTEN_Setable
    print.o(i.fgetc) refers to fm33a0xx_uart.o(i.UARTx_RXBUFSTA_RXFF_Chk) for UARTx_RXBUFSTA_RXFF_Chk
    print.o(i.fgetc) refers to fm33a0xx_uart.o(i.UARTx_RXREG_Read) for UARTx_RXREG_Read
    print.o(i.fputc) refers to fm33a0xx_uart.o(i.UARTx_TXREG_Write) for UARTx_TXREG_Write
    print.o(i.fputc) refers to fm33a0xx_uart.o(i.UARTx_TXBUFSTA_TXFF_Chk) for UARTx_TXBUFSTA_TXFF_Chk
    user_init.o(i.AltFunIO) refers to fm33a0xx_gpio.o(i.GPIO_Get_InitPara) for GPIO_Get_InitPara
    user_init.o(i.AltFunIO) refers to fm33a0xx_gpio.o(i.GPIO_Init) for GPIO_Init
    user_init.o(i.AnalogIO) refers to fm33a0xx_gpio.o(i.GPIO_Get_InitPara) for GPIO_Get_InitPara
    user_init.o(i.AnalogIO) refers to fm33a0xx_gpio.o(i.GPIO_Init) for GPIO_Init
    user_init.o(i.Close_AllIOEXTI) refers to user_init.o(i.CheckSysReg) for CheckSysReg
    user_init.o(i.Close_AllIO_GPIO_80pin) refers to user_init.o(i.Close_AllIOEXTI) for Close_AllIOEXTI
    user_init.o(i.Close_AllIO_GPIO_80pin) refers to fm33a0xx_gpio.o(i.GPIO_HDSEL_PE2HDEN_Setable) for GPIO_HDSEL_PE2HDEN_Setable
    user_init.o(i.Close_AllIO_GPIO_80pin) refers to fm33a0xx_gpio.o(i.GPIO_HDSEL_PG6HDEN_Setable) for GPIO_HDSEL_PG6HDEN_Setable
    user_init.o(i.Close_AllIO_GPIO_80pin) refers to user_init.o(i.IO_AnalogFunSet) for IO_AnalogFunSet
    user_init.o(i.Close_AllIO_GPIO_80pin) refers to user_init.o(i.IO_DFFunSet) for IO_DFFunSet
[...]
    i.PMU_LPMCFG_SLPDP_Set                   0x00001f20   Section        0  fm33a0xx_pmu.o(i.PMU_LPMCFG_SLPDP_Set)
    i.PMU_LPMCFG_XTOFF_Set                   0x00001f40   Section        0  fm33a0xx_pmu.o(i.PMU_LPMCFG_XTOFF_Set)
    i.PMU_SleepCfg_Init                      0x00001f60   Section        0  fm33a0xx_pmu.o(i.PMU_SleepCfg_Init)
    i.RCC_Init_RCHF_Trim                     0x00001f90   Section        0  fm33a0xx_rcc.o(i.RCC_Init_RCHF_Trim)
    i.RCC_MPRIL_MPRIL_Set                    0x00001fe8   Section        0  fm33a0xx_rcc.o(i.RCC_MPRIL_MPRIL_Set)
    i.RCC_PERCLK_SetableEx                   0x00002004   Section        0  fm33a0xx_rcc.o(i.RCC_PERCLK_SetableEx)
    i.RCC_PLLCON_PLLDB_Set                   0x0000206c   Section        0  fm33a0xx_rcc.o(i.RCC_PLLCON_PLLDB_Set)
    i.RCC_PLLCON_PLLEN_Setable               0x0000208c   Section        0  fm33a0xx_rcc.o(i.RCC_PLLCON_PLLEN_Setable)
    i.RCC_PLLCON_PLLINSEL_Set                0x000020b0   Section        0  fm33a0xx_rcc.o(i.RCC_PLLCON_PLLINSEL_Set)
    i.RCC_PLLCON_PLLOSEL_Set                 0x000020d0   Section        0  fm33a0xx_rcc.o(i.RCC_PLLCON_PLLOSEL_Set)
    i.RCC_PLLDB_WriteEx                      0x000020f0   Section        0  fm33a0xx_rcc.o(i.RCC_PLLDB_WriteEx)
    i.RCC_PLL_Init                           0x000020fc   Section        0  fm33a0xx_rcc.o(i.RCC_PLL_Init)
    i.RCC_RCHFCON_FSEL_Set                   0x0000211c   Section        0  fm33a0xx_rcc.o(i.RCC_RCHFCON_FSEL_Set)
    i.RCC_RCHFCON_RCHFEN_Setable             0x0000213c   Section        0  fm33a0xx_rcc.o(i.RCC_RCHFCON_RCHFEN_Setable)
    i.RCC_RCHFTRIM_Write                     0x00002160   Section        0  fm33a0xx_rcc.o(i.RCC_RCHFTRIM_Write)
    i.RCC_RCHF_Init                          0x00002170   Section        0  fm33a0xx_rcc.o(i.RCC_RCHF_Init)
    i.RCC_SYSCLKSEL_AHBPRES_Set              0x00002184   Section        0  fm33a0xx_rcc.o(i.RCC_SYSCLKSEL_AHBPRES_Set)
    i.RCC_SYSCLKSEL_APBPRES_Set              0x000021a4   Section        0  fm33a0xx_rcc.o(i.RCC_SYSCLKSEL_APBPRES_Set)
    i.RCC_SYSCLKSEL_EXTICKSEL_Set            0x000021c4   Section        0  fm33a0xx_rcc.o(i.RCC_SYSCLKSEL_EXTICKSEL_Set)
    i.RCC_SYSCLKSEL_LPM_RCLP_OFF_Setable     0x000021e4   Section        0  fm33a0xx_rcc.o(i.RCC_SYSCLKSEL_LPM_RCLP_OFF_Setable)
    i.RCC_SYSCLKSEL_SLP_ENEXTI_Setable       0x00002208   Section        0  fm33a0xx_rcc.o(i.RCC_SYSCLKSEL_SLP_ENEXTI_Setable)
    i.RCC_SYSCLKSEL_SYSCLKSEL_Set            0x00002230   Section        0  fm33a0xx_rcc.o(i.RCC_SYSCLKSEL_SYSCLKSEL_Set)
    i.RCC_SysClk_Init                        0x0000224c   Section        0  fm33a0xx_rcc.o(i.RCC_SysClk_Init)
    i.RingRead                               0x00002276   Section        0  ring.o(i.RingRead)
    i.RingWrite                              0x00002324   Section        0  ring.o(i.RingWrite)
    i.SCU_Init                               0x0000240e   Section        0  user_init.o(i.SCU_Init)
    i.SCU_MCUDBGCR_DBG_BT1_STOP_Setable      0x00002454   Section        0  fm33a0xx_scu.o(i.SCU_MCUDBGCR_DBG_BT1_STOP_Setable)
    i.SCU_MCUDBGCR_DBG_BT2_STOP_Setable      0x00002478   Section        0  fm33a0xx_scu.o(i.SCU_MCUDBGCR_DBG_BT2_STOP_Setable)
    i.SCU_MCUDBGCR_DBG_ET1_STOP_Setable      0x0000249c   Section        0  fm33a0xx_scu.o(i.SCU_MCUDBGCR_DBG_ET1_STOP_Setable)
    i.SCU_MCUDBGCR_DBG_ET2_STOP_Setable      0x000024c0   Section        0  fm33a0xx_scu.o(i.SCU_MCUDBGCR_DBG_ET2_STOP_Setable)
    i.SCU_MCUDBGCR_DBG_ET3_STOP_Setable      0x000024e4   Section        0  fm33a0xx_scu.o(i.SCU_MCUDBGCR_DBG_ET3_STOP_Setable)
    i.SCU_MCUDBGCR_DBG_ET4_STOP_Setable      0x00002508   Section        0  fm33a0xx_scu.o(i.SCU_MCUDBGCR_DBG_ET4_STOP_Setable)
    i.SCU_MCUDBGCR_DBG_IWDT_STOP_Setable     0x0000252c   Section        0  fm33a0xx_scu.o(i.SCU_MCUDBGCR_DBG_IWDT_STOP_Setable)
    i.SCU_MCUDBGCR_DBG_WWDT_STOP_Setable     0x00002550   Section        0  fm33a0xx_scu.o(i.SCU_MCUDBGCR_DBG_WWDT_STOP_Setable)
    i.SystemInit                             0x00002574   Section        0  system_fm33a0xx.o(i.SystemInit)
    i.TicksDelay                             0x00002584   Section        0  user_init.o(i.TicksDelay)
    i.TicksDelayMs                           0x000025ac   Section        0  user_init.o(i.TicksDelayMs)
    i.UART0_IRQHandler                       0x000025d4   Section        0  los_uart.o(i.UART0_IRQHandler)
    i.UART1_IRQHandler                       0x000025de   Section        0  los_uart.o(i.UART1_IRQHandler)
    i.UART2_IRQHandler                       0x000025e8   Section        0  los_uart.o(i.UART2_IRQHandler)
    i.UART3_IRQHandler                       0x000025f2   Section        0  los_uart.o(i.UART3_IRQHandler)
    i.UART4_IRQHandler                       0x000025fc   Section        0  los_uart.o(i.UART4_IRQHandler)
    i.UART5_IRQHandler                       0x00002606   Section        0  los_uart.o(i.UART5_IRQHandler)
    i.UART_ISR                               0x00002610   Section        0  los_uart.o(i.UART_ISR)
    i.UART_UARTIE_RxTxIE_GetableEx           0x00002698   Section        0  fm33a0xx_uart.o(i.UART_UARTIE_RxTxIE_GetableEx)
    i.UART_UARTIF_RxTxIF_ChkEx               0x000026c4   Section        0  fm33a0xx_uart.o(i.UART_UARTIF_RxTxIF_ChkEx)
    i.UART_UARTIF_RxTxIF_ClrEx               0x000026f0   Section        0  fm33a0xx_uart.o(i.UART_UARTIF_RxTxIF_ClrEx)
    i.UARTx_RXREG_Read                       0x00002708   Section        0  fm33a0xx_uart.o(i.UARTx_RXREG_Read)
    i.UARTx_TXBUFSTA_TXFF_Chk                0x00002710   Section        0  fm33a0xx_uart.o(i.UARTx_TXBUFSTA_TXFF_Chk)
    i.UARTx_TXREG_Write                      0x00002724   Section        0  fm33a0xx_uart.o(i.UARTx_TXREG_Write)
    i.__0printf$8                            0x0000272c   Section        0  printf8.o(i.__0printf$8)
    i.__ARM_clz                              0x0000274c   Section        0  depilogue.o(i.__ARM_clz)
    i.__scatterload_copy                     0x0000277a   Section       14  handlers.o(i.__scatterload_copy)
    i.__scatterload_null                     0x00002788   Section        2  handlers.o(i.__scatterload_null)
    i.__scatterload_zeroinit                 0x0000278a   Section       14  handlers.o(i.__scatterload_zeroinit)
    i._printf_core                           0x00002798   Section        0  printf8.o(i._printf_core)
    _printf_core                             0x00002799   Thumb Code  1020  printf8.o(i._printf_core)
    i._printf_post_padding                   0x00002bc0   Section        0  printf8.o(i._printf_post_padding)
    _printf_post_padding                     0x00002bc1   Thumb Code    32  printf8.o(i._printf_post_padding)
    i._printf_pre_padding                    0x00002be0   Section        0  printf8.o(i._printf_pre_padding)
    _printf_pre_padding                      0x00002be1   Thumb Code    44  printf8.o(i._printf_pre_padding)
    i.creat_maintask                         0x00002c0c   Section        0  main.o(i.creat_maintask)
    i.fputc                                  0x00002c44   Section        0  print.o(i.fputc)
    i.getSleepTicks                          0x00002c68   Section        0  oshook.o(i.getSleepTicks)
    i.lptimerInit                            0x00002c78   Section        0  oshook.o(i.lptimerInit)
    lptimerInit                              0x00002c79   Thumb Code   184  oshook.o(i.lptimerInit)
    i.main                                   0x00002d50   Section        0  main.o(i.main)
    i.main_dwg                               0x00002d9c   Section        0  main.o(i.main_dwg)
    i.osAlarmHeapInfo                        0x00002dac   Section        0  los_heap.o(i.osAlarmHeapInfo)
    i.osAtomicBitsetClearBit                 0x00002dd0   Section        0  los_slab.o(i.osAtomicBitsetClearBit)
    i.osAtomicBitsetFindClearAndSet          0x00002df4   Section        0  los_slab.o(i.osAtomicBitsetFindClearAndSet)
    i.osAtomicBitsetGetBit                   0x00002e44   Section        0  los_slab.o(i.osAtomicBitsetGetBit)
    i.osAtomicBitsetGetNumBits               0x00002e70   Section        0  los_slab.o(i.osAtomicBitsetGetNumBits)
    i.osAtomicBitsetInit                     0x00002e76   Section        0  los_slab.o(i.osAtomicBitsetInit)
    i.osEnterSleep                           0x00002ea6   Section        0  los_hw.o(i.osEnterSleep)
    i.osHeapAlloc                            0x00002ecc   Section        0  los_heap.o(i.osHeapAlloc)
    i.osHeapAllocAlign                       0x00003058   Section        0  los_heap.o(i.osHeapAllocAlign)
    i.osHeapFree                             0x000030c0   Section        0  los_heap.o(i.osHeapFree)
    i.osHeapInit                             0x00003220   Section        0  los_heap.o(i.osHeapInit)
    i.osHeapPrvGetNext                       0x0000326a   Section        0  los_heap.o(i.osHeapPrvGetNext)
    i.osHeapStatisticsGet                    0x00003284   Section        0  los_heap.o(i.osHeapStatisticsGet)
    i.osHwiDefaultHandler                    0x000032ec   Section        0  los_hwi.o(i.osHwiDefaultHandler)
    i.osHwiInit                              0x00003328   Section        0  los_hwi.o(i.osHwiInit)
    i.osIdleTask                             0x00003350   Section        0  los_task.o(i.osIdleTask)
    i.osIdleTaskCreate                       0x00003384   Section        0  los_task.o(i.osIdleTaskCreate)
    i.osIntNumGet                            0x000033d0   Section        0  los_hwi.o(i.osIntNumGet)
    i.osInterrupt                            0x000033d8   Section        0  los_hwi.o(i.osInterrupt)
    i.osMemSystemInit                        0x00003440   Section        0  los_memory.o(i.osMemSystemInit)
    i.osMuxInit                              0x0000345c   Section        0  los_mux.o(i.osMuxInit)
    i.osPriqueueDequeue                      0x000034c0   Section        0  los_priqueue.o(i.osPriqueueDequeue)
    i.osPriqueueEnqueue                      0x0000350c   Section        0  los_priqueue.o(i.osPriqueueEnqueue)
    i.osPriqueueInit                         0x00003558   Section        0  los_priqueue.o(i.osPriqueueInit)
    i.osPriqueueSize                         0x000035a4   Section        0  los_priqueue.o(i.osPriqueueSize)
    i.osPriqueueTop                          0x000035d0   Section        0  los_priqueue.o(i.osPriqueueTop)
    i.osQueueBufferOperate                   0x00003600   Section        0  los_queue.o(i.osQueueBufferOperate)
    osQueueBufferOperate                     0x00003601   Thumb Code   246  los_queue.o(i.osQueueBufferOperate)
    i.osQueueInit                            0x00003720   Section        0  los_queue.o(i.osQueueInit)
    i.osQueueOperate                         0x0000378c   Section        0  los_queue.o(i.osQueueOperate)
    i.osQueueReadParameterCheck              0x00003918   Section        0  los_queue.o(i.osQueueReadParameterCheck)
    osQueueReadParameterCheck                0x00003919   Thumb Code    60  los_queue.o(i.osQueueReadParameterCheck)
    i.osQueueWriteParameterCheck             0x0000395c   Section        0  los_queue.o(i.osQueueWriteParameterCheck)
    osQueueWriteParameterCheck               0x0000395d   Thumb Code    56  los_queue.o(i.osQueueWriteParameterCheck)
    i.osRegister                             0x0000399c   Section        0  los_init.o(i.osRegister)
    osRegister                               0x0000399d   Thumb Code     8  los_init.o(i.osRegister)
    i.osSchedule                             0x000039a8   Section        0  los_hw.o(i.osSchedule)
    i.osSemInit                              0x000039b0   Section        0  los_sem.o(i.osSemInit)
    i.osSlabAllocatorAlloc                   0x00003a14   Section        0  los_slab.o(i.osSlabAllocatorAlloc)
    i.osSlabAllocatorFree                    0x00003a32   Section        0  los_slab.o(i.osSlabAllocatorFree)
    i.osSlabAllocatorNew                     0x00003a7c   Section        0  los_slab.o(i.osSlabAllocatorNew)
    i.osSlabBlockHeadFill                    0x00003adc   Section        0  los_slabmem.o(i.osSlabBlockHeadFill)
    i.osSlabCtrlHdrGet                       0x00003af0   Section        0  los_memory.o(i.osSlabCtrlHdrGet)
    i.osSlabMemAlloc                         0x00003af8   Section        0  los_slabmem.o(i.osSlabMemAlloc)
    i.osSlabMemFree                          0x00003b98   Section        0  los_slabmem.o(i.osSlabMemFree)
    i.osSlabMemInit                          0x00003c0c   Section        0  los_slabmem.o(i.osSlabMemInit)
    i.osSwTmrGetNextTimeout                  0x00003c80   Section        0  los_swtmr.o(i.osSwTmrGetNextTimeout)
    i.osSwTmrInit                            0x00003cd0   Section        0  los_swtmr.o(i.osSwTmrInit)
    i.osSwTmrStart                           0x00003d78   Section        0  los_swtmr.o(i.osSwTmrStart)
    i.osSwTmrTask                            0x00003fa0   Section        0  los_swtmr.o(i.osSwTmrTask)
    i.osSwTmrTaskCreate                      0x00003fe4   Section        0  los_swtmr.o(i.osSwTmrTaskCreate)
    i.osSwTmrTimeoutHandle                   0x00004028   Section        0  los_swtmr.o(i.osSwTmrTimeoutHandle)
    osSwTmrTimeoutHandle                     0x00004029   Thumb Code   122  los_swtmr.o(i.osSwTmrTimeoutHandle)
    i.osSwtmrDelete                          0x000040b0   Section        0  los_swtmr.o(i.osSwtmrDelete)
    osSwtmrDelete                            0x000040b1   Thumb Code    40  los_swtmr.o(i.osSwtmrDelete)
    i.osSwtmrScan                            0x000040e0   Section        0  los_swtmr.o(i.osSwtmrScan)
    i.osTaskAdd2TimerList                    0x00004108   Section        0  los_task.o(i.osTaskAdd2TimerList)
    i.osTaskEntry                            0x000041d0   Section        0  los_task.o(i.osTaskEntry)
    i.osTaskExit                             0x000041fc   Section        0  los_hw.o(i.osTaskExit)
    i.osTaskInit                             0x00004204   Section        0  los_task.o(i.osTaskInit)
    i.osTaskMonInit                          0x00004318   Section        0  los_task.o(i.osTaskMonInit)
    i.osTaskNextSwitchTimeGet                0x00004348   Section        0  los_task.o(i.osTaskNextSwitchTimeGet)
    i.osTaskScan                             0x00004398   Section        0  los_task.o(i.osTaskScan)
    i.osTaskSwitchCheck                      0x00004484   Section        0  los_task.o(i.osTaskSwitchCheck)
    i.osTaskWait                             0x00004614   Section        0  los_task.o(i.osTaskWait)
    i.osTaskWake                             0x00004660   Section        0  los_task.o(i.osTaskWake)
    i.osTickHandler                          0x000046ac   Section        0  los_tick.o(i.osTickHandler)
    i.osTickHandlerLoop                      0x00004708   Section        0  los_tick.o(i.osTickHandlerLoop)
    i.osTickStart                            0x0000473c   Section        0  los_hw_tick.o(i.osTickStart)
    i.osTicklessStart                        0x000047e0   Section        0  los_tickless.o(i.osTicklessStart)
    i.osTicks2TimerCount                     0x00004844   Section        0  oshook.o(i.osTicks2TimerCount)
    osTicks2TimerCount                       0x00004845   Thumb Code    14  oshook.o(i.osTicks2TimerCount)
    i.osTimerListDelete                      0x00004854   Section        0  los_task.o(i.osTimerListDelete)
    i.osTimesliceCheck                       0x00004898   Section        0  los_timeslice.o(i.osTimesliceCheck)
    i.osTimesliceInit                        0x000048e4   Section        0  los_timeslice.o(i.osTimesliceInit)
    i.osTskStackInit                         0x000048f4   Section        0  los_hw.o(i.osTskStackInit)
    i.osUpdateKernelTickCount                0x00004994   Section        0  los_tickless.o(i.osUpdateKernelTickCount)
    i.setSleepTicks                          0x000049bc   Section        0  oshook.o(i.setSleepTicks)
    i.sleepConfig                            0x000049d0   Section        0  oshook.o(i.sleepConfig)
    i.timerCount2OsTicks                     0x00004a0e   Section        0  oshook.o(i.timerCount2OsTicks)
    timerCount2OsTicks                       0x00004a0f   Thumb Code    22  oshook.o(i.timerCount2OsTicks)
    i.userEnterSleepHook                     0x00004a24   Section        0  oshook.o(i.userEnterSleepHook)
    i.userExitSleepHook                      0x00004a3c   Section        0  oshook.o(i.userExitSleepHook)
    i.wakeup_config                          0x00004a44   Section        0  oshook.o(i.wakeup_config)
    .constdata                               0x00004a4c   Section       20  los_hwi.o(.constdata)
    __FUNCTION__                             0x00004a4c   Data          20  los_hwi.o(.constdata)
    .data.vector                             0x20000000   Section      192  los_hwi.o(.data.vector)
    .data                                    0x20000400   Section        4  print.o(.data)
    .data                                    0x20000404   Section        4  oshook.o(.data)
    sleepTicks                               0x20000404   Data           4  oshook.o(.data)
    .data                                    0x20000408   Section        8  los_priqueue.o(.data)
    g_uwPriQueueBitmap                       0x2000040c   Data           4  los_priqueue.o(.data)
    .data                                    0x20000410   Section       28  los_swtmr.o(.data)
    m_uwSwtimerRousesTime                    0x20000420   Data           4  los_swtmr.o(.data)
    m_pstRouses                              0x20000424   Data           4  los_swtmr.o(.data)
    m_pstRousesPrev                          0x20000428   Data           4  los_swtmr.o(.data)
    .data                                    0x2000042c   Section       72  los_task.o(.data)
    .data                                    0x20000478   Section       24  los_tick.o(.data)
    .data                                    0x20000490   Section        8  los_timeslice.o(.data)
    .data                                    0x20000498   Section       12  los_mux.o(.data)
    .data                                    0x200004a4   Section       12  los_queue.o(.data)
    .data                                    0x200004b0   Section       12  los_sem.o(.data)
    .data                                    0x200004bc   Section       16  los_heap.o(.data)
    g_uwAllocCount                           0x200004bc   Data           4  los_heap.o(.data)
    g_uwFreeCount                            0x200004c0   Data           4  los_heap.o(.data)
    g_uwCurHeapUsed                          0x200004c4   Data           4  los_heap.o(.data)
    g_uwMaxHeapUsed                          0x200004c8   Data           4  los_heap.o(.data)
    .data                                    0x200004cc   Section        4  los_memory.o(.data)
    .data                                    0x200004d0   Section       16  los_tickless.o(.data)
    .data                                    0x200004e0   Section        4  los_init.o(.data)
    .data                                    0x200004e4   Section        4  los_hwi.o(.data)
    .data                                    0x200004e8   Section        4  system_fm33a0xx.o(.data)
    .bss                                     0x200004ec   Section      264  los_uart.o(.bss)
    .bss                                     0x200005f4   Section       64  los_swtmr.o(.bss)
    .bss                                     0x20000634   Section      342  los_task.o(.bss)
    .bss                                     0x2000078c   Section      192  los_hwi.o(.bss)
    STACK                                    0x20000850   Section     4096  startup_fm33a0xx.o(STACK)

    Global Symbols

    Symbol Name                              Value     Ov Type        Size  Object(Section)

    BuildAttributes$$THM_ISAv3M$S$PE$A:L22$X:L11$S22$IEEE1$IW$USESV6$~STKCKD$USESV7$~SHL$OTIME$ROPI$EBA8$MICROLIB$REQ8$PRES8$EABIv2 0x00000000   Number         0  anon$$obj.o ABSOLUTE
    __ARM_use_no_argv                        0x00000000   Number         0  main.o ABSOLUTE
    __Vectors                                0x00000000   Data           4  startup_fm33a0xx.o(RESET)
    __use_no_errno                           0x00000000   Number         0  useno.o ABSOLUTE
    __use_no_exception_handling              0x00000000   Number         0  useno.o ABSOLUTE
    __use_no_fp                              0x00000000   Number         0  useno.o ABSOLUTE
    __use_no_heap                            0x00000000   Number         0  useno.o ABSOLUTE
    __use_no_heap_region                     0x00000000   Number         0  useno.o ABSOLUTE
    __use_no_semihosting                     0x00000000   Number         0  useno.o ABSOLUTE
    __use_no_semihosting_swi                 0x00000000   Number         0  useno.o ABSOLUTE
    __use_no_signal_handling                 0x00000000   Number         0  useno.o ABSOLUTE
    _printf_a                                0x00000000   Number         0  stubs.o ABSOLUTE
    _printf_c                                0x00000000   Number         0  stubs.o ABSOLUTE
    _printf_charcount                        0x00000000   Number         0  stubs.o ABSOLUTE
    _printf_d                                0x00000000   Number         0  stubs.o ABSOLUTE
    _printf_e                                0x00000000   Number         0  stubs.o ABSOLUTE
    _printf_f                                0x00000000   Number         0  stubs.o ABSOLUTE
    _printf_flags                            0x00000000   Number         0  stubs.o ABSOLUTE
    _printf_fp_dec                           0x00000000   Number         0  stubs.o ABSOLUTE
    _printf_fp_hex                           0x00000000   Number         0  stubs.o ABSOLUTE
    _printf_g                                0x00000000   Number         0  stubs.o ABSOLUTE
    _printf_i                                0x00000000   Number         0  stubs.o ABSOLUTE
    _printf_int_dec                          0x00000000   Number         0  stubs.o ABSOLUTE
    _printf_l                                0x00000000   Number         0  stubs.o ABSOLUTE
    _printf_lc                               0x00000000   Number         0  stubs.o ABSOLUTE
    _printf_ll                               0x00000000   Number         0  stubs.o ABSOLUTE
    _printf_lld                              0x00000000   Number         0  stubs.o ABSOLUTE
    _printf_lli                              0x00000000   Number         0  stubs.o ABSOLUTE
    _printf_llo                              0x00000000   Number         0  stubs.o ABSOLUTE
    _printf_llu                              0x00000000   Number         0  stubs.o ABSOLUTE
    _printf_llx                              0x00000000   Number         0  stubs.o ABSOLUTE
    _printf_longlong_dec                     0x00000000   Number         0  stubs.o ABSOLUTE
    _printf_longlong_hex                     0x00000000   Number         0  stubs.o ABSOLUTE
    _printf_longlong_oct                     0x00000000   Number         0  stubs.o ABSOLUTE
    _printf_ls                               0x00000000   Number         0  stubs.o ABSOLUTE
    _printf_mbtowc                           0x00000000   Number         0  stubs.o ABSOLUTE
    _printf_n                                0x00000000   Number         0  stubs.o ABSOLUTE
    _printf_o                                0x00000000   Number         0  stubs.o ABSOLUTE
    _printf_p                                0x00000000   Number         0  stubs.o ABSOLUTE
    _printf_percent                          0x00000000   Number         0  stubs.o ABSOLUTE
    _printf_pre_padding                      0x00000000   Number         0  stubs.o ABSOLUTE
    _printf_return_value                     0x00000000   Number         0  stubs.o ABSOLUTE
    _printf_s                                0x00000000   Number         0  stubs.o ABSOLUTE
    _printf_sizespec                         0x00000000   Number         0  stubs.o ABSOLUTE
    _printf_str                              0x00000000   Number         0  stubs.o ABSOLUTE
    _printf_truncate_signed                  0x00000000   Number         0  stubs.o ABSOLUTE
    _printf_truncate_unsigned                0x00000000   Number         0  stubs.o ABSOLUTE
    _printf_u                                0x00000000   Number         0  stubs.o ABSOLUTE
    _printf_wc                               0x00000000   Number         0  stubs.o ABSOLUTE
    _printf_wctomb                           0x00000000   Number         0  stubs.o ABSOLUTE
    _printf_widthprec                        0x00000000   Number         0  stubs.o ABSOLUTE
    _printf_x                                0x00000000   Number         0  stubs.o ABSOLUTE
    __cpp_initialize__aeabi_                  - Undefined Weak Reference
    __cxa_finalize                            - Undefined Weak Reference
    _clock_init                               - Undefined Weak Reference
    _microlib_exit                            - Undefined Weak Reference
    _scanf_longlong                           - Undefined Weak Reference
    _scanf_real                               - Undefined Weak Reference
    __Vectors_End                            0x000000c0   Data           0  startup_fm33a0xx.o(RESET)
    __Vectors_Size                           0x000000c0   Number         0  startup_fm33a0xx.o ABSOLUTE
    __main                                   0x000000c1   Thumb Code     0  entry.o(.ARM.Collect$$$$00000000)
    _main_stk                                0x000000c1   Thumb Code     0  entry2.o(.ARM.Collect$$$$00000001)
    _main_scatterload                        0x000000c5   Thumb Code     0  entry5.o(.ARM.Collect$$$$00000004)
    __main_after_scatterload                 0x000000c9   Thumb Code     0  entry5.o(.ARM.Collect$$$$00000004)
    _main_clock                              0x000000c9   Thumb Code     0  entry7b.o(.ARM.Collect$$$$00000008)
    _main_cpp_init                           0x000000c9   Thumb Code     0  entry8b.o(.ARM.Collect$$$$0000000A)
    _main_init                               0x000000c9   Thumb Code     0  entry9a.o(.ARM.Collect$$$$0000000B)
    __rt_final_cpp                           0x000000d1   Thumb Code     0  entry10a.o(.ARM.Collect$$$$0000000D)
    __rt_final_exit                          0x000000d1   Thumb Code     0  entry11a.o(.ARM.Collect$$$$0000000F)
    LOS_StartToRun                           0x000000d5   Thumb Code     0  los_dispatch_keil.o(.text)
    LOS_IntNumGet                            0x00000115   Thumb Code     0  los_dispatch_keil.o(.text)
    LOS_IntLock                              0x0000011b   Thumb Code     0  los_dispatch_keil.o(.text)
    LOS_IntUnLock                            0x00000123   Thumb Code     0  los_dispatch_keil.o(.text)
    LOS_IntRestore                           0x0000012b   Thumb Code     0  los_dispatch_keil.o(.text)
    osTaskSchedule                           0x00000131   Thumb Code     0  los_dispatch_keil.o(.text)
    osPendSV                                 0x00000139   Thumb Code     0  los_dispatch_keil.o(.text)
    Reset_Handler                            0x000001c1   Thumb Code     8  startup_fm33a0xx.o(.text)
    NMI_Handler                              0x000001c9   Thumb Code     2  startup_fm33a0xx.o(.text)
    HardFault_Handler                        0x000001cb   Thumb Code     2  startup_fm33a0xx.o(.text)
    SVC_Handler                              0x000001cd   Thumb Code     2  startup_fm33a0xx.o(.text)
    PendSV_Handler                           0x000001cf   Thumb Code     2  startup_fm33a0xx.o(.text)
    SysTick_Handler                          0x000001d1   Thumb Code     2  startup_fm33a0xx.o(.text)
    ADC_IRQHandler                           0x000001d3   Thumb Code     0  startup_fm33a0xx.o(.text)
    AES_IRQHandler                           0x000001d3   Thumb Code     0  startup_fm33a0xx.o(.text)
    BTIM1_IRQHandler                         0x000001d3   Thumb Code     0  startup_fm33a0xx.o(.text)
    BTIM2_IRQHandler                         0x000001d3   Thumb Code     0  startup_fm33a0xx.o(.text)
    COMP_IRQHandler                          0x000001d3   Thumb Code     0  startup_fm33a0xx.o(.text)
    DMA_IRQHandler                           0x000001d3   Thumb Code     0  startup_fm33a0xx.o(.text)
    ETIM1_IRQHandler                         0x000001d3   Thumb Code     0  startup_fm33a0xx.o(.text)
    ETIM2_IRQHandler                         0x000001d3   Thumb Code     0  startup_fm33a0xx.o(.text)
    ETIM3_IRQHandler                         0x000001d3   Thumb Code     0  startup_fm33a0xx.o(.text)
    ETIM4_IRQHandler                         0x000001d3   Thumb Code     0  startup_fm33a0xx.o(.text)
    FDET_IRQHandler                          0x000001d3   Thumb Code     0  startup_fm33a0xx.o(.text)
    GPIO_IRQHandler                          0x000001d3   Thumb Code     0  startup_fm33a0xx.o(.text)
    HSPI_IRQHandler                          0x000001d3   Thumb Code     0  startup_fm33a0xx.o(.text)
    I2C_IRQHandler                           0x000001d3   Thumb Code     0  startup_fm33a0xx.o(.text)
    LCD_IRQHandler                           0x000001d3   Thumb Code     0  startup_fm33a0xx.o(.text)
    LPTIM_IRQHandler                         0x000001d3   Thumb Code     0  startup_fm33a0xx.o(.text)
    NVMIF_IRQHandler                         0x000001d3   Thumb Code     0  startup_fm33a0xx.o(.text)
    RTC_IRQHandler                           0x000001d3   Thumb Code     0  startup_fm33a0xx.o(.text)
    SPI1_IRQHandler                          0x000001d3   Thumb Code     0  startup_fm33a0xx.o(.text)
    SPI2_IRQHandler                          0x000001d3   Thumb Code     0  startup_fm33a0xx.o(.text)
    SVD_IRQHandler                           0x000001d3   Thumb Code     0  startup_fm33a0xx.o(.text)
    TRNG_IRQHandler                          0x000001d3   Thumb Code     0  startup_fm33a0xx.o(.text)
    U78160_IRQHandler                        0x000001d3   Thumb Code     0  startup_fm33a0xx.o(.text)
    U78161_IRQHandler                        0x000001d3   Thumb Code     0  startup_fm33a0xx.o(.text)
    WWDT_IRQHandler                          0x000001d3   Thumb Code     0  startup_fm33a0xx.o(.text)
    __aeabi_uidiv                            0x000001dd   Thumb Code     0  uidiv.o(.text)
    __aeabi_uidivmod                         0x000001dd   Thumb Code    44  uidiv.o(.text)
    __aeabi_idiv                             0x00000209   Thumb Code     0  idiv.o(.text)
    __aeabi_idivmod                          0x00000209   Thumb Code    40  idiv.o(.text)
    __aeabi_uldivmod                         0x00000231   Thumb Code    96  uldiv.o(.text)
    __aeabi_memcpy                           0x00000291   Thumb Code    36  memcpya.o(.text)
    __aeabi_memcpy4                          0x00000291   Thumb Code     0  memcpya.o(.text)
    __aeabi_memcpy8                          0x00000291   Thumb Code     0  memcpya.o(.text)
    __aeabi_memset                           0x000002b5   Thumb Code    14  memseta.o(.text)
    __aeabi_memset4                          0x000002b5   Thumb Code     0  memseta.o(.text)
    __aeabi_memset8                          0x000002b5   Thumb Code     0  memseta.o(.text)
    __aeabi_memclr                           0x000002c3   Thumb Code     4  memseta.o(.text)
    __aeabi_memclr4                          0x000002c3   Thumb Code     0  memseta.o(.text)
    __aeabi_memclr8                          0x000002c3   Thumb Code     0  memseta.o(.text)
    _memset$wrapper                          0x000002c7   Thumb Code    18  memseta.o(.text)
    __aeabi_llsl                             0x000002d9   Thumb Code    32  llshl.o(.text)
    _ll_shift_l                              0x000002d9   Thumb Code     0  llshl.o(.text)
    __aeabi_llsr                             0x000002f9   Thumb Code    34  llushr.o(.text)
    _ll_ushift_r                             0x000002f9   Thumb Code     0  llushr.o(.text)
    __scatterload                            0x0000031d   Thumb Code    28  init.o(.text)
    __scatterload_rt2                        0x0000031d   Thumb Code     0  init.o(.text)
    __decompress                             0x00000341   Thumb Code     0  __dczerorl2.o(.text)
    __decompress1                            0x00000341   Thumb Code    86  __dczerorl2.o(.text)
    ANAC_BORCON_OFF_BOR_Setable              0x00000399   Thumb Code    32  fm33a0xx_anac.o(i.ANAC_BORCON_OFF_BOR_Setable)
    ANAC_PDRCON_PDREN_Setable                0x000003bd   Thumb Code    32  fm33a0xx_anac.o(i.ANAC_PDRCON_PDREN_Setable)
    AltFunIO                                 0x000003e1   Thumb Code   166  user_init.o(i.AltFunIO)
    CheckSysReg                              0x00000487   Thumb Code    18  user_init.o(i.CheckSysReg)
    Close_AllIOEXTI                          0x00000499   Thumb Code    32  user_init.o(i.Close_AllIOEXTI)
    Close_AllIO_GPIO_80pin                   0x000004c1   Thumb Code   786  user_init.o(i.Close_AllIO_GPIO_80pin)
    Close_None_GPIO_80pin                    0x000007d9   Thumb Code   450  user_init.o(i.Close_None_GPIO_80pin)
    CloseeIO                                 0x000009a1   Thumb Code    64  user_init.o(i.CloseeIO)
    FLASH_FLSRDCON_WAIT_Set                  0x000009e1   Thumb Code    22  fm33a0xx_flash.o(i.FLASH_FLSRDCON_WAIT_Set)
    GPIO_ANASEL_PC12ANS_Set                  0x000009fd   Thumb Code    22  fm33a0xx_gpio.o(i.GPIO_ANASEL_PC12ANS_Set)
    GPIO_ANASEL_PC13ANS_Set                  0x00000a19   Thumb Code    26  fm33a0xx_gpio.o(i.GPIO_ANASEL_PC13ANS_Set)
    GPIO_ANASEL_PC14ANS_Set                  0x00000a39   Thumb Code    26  fm33a0xx_gpio.o(i.GPIO_ANASEL_PC14ANS_Set)
    GPIO_ANASEL_PC15ANS_Set                  0x00000a59   Thumb Code    26  fm33a0xx_gpio.o(i.GPIO_ANASEL_PC15ANS_Set)
    GPIO_ANASEL_PE3ANS_Set                   0x00000a79   Thumb Code    26  fm33a0xx_gpio.o(i.GPIO_ANASEL_PE3ANS_Set)
    GPIO_ANASEL_PE4ANS_Set                   0x00000a99   Thumb Code    26  fm33a0xx_gpio.o(i.GPIO_ANASEL_PE4ANS_Set)
    GPIO_Get_InitPara                        0x00000ab9   Thumb Code   148  fm33a0xx_gpio.o(i.GPIO_Get_InitPara)
    GPIO_HDSEL_PE2HDEN_Setable               0x00000b4d   Thumb Code    32  fm33a0xx_gpio.o(i.GPIO_HDSEL_PE2HDEN_Setable)
    GPIO_HDSEL_PG6HDEN_Setable               0x00000b71   Thumb Code    32  fm33a0xx_gpio.o(i.GPIO_HDSEL_PG6HDEN_Setable)
    GPIO_IODF_SetableEx                      0x00000b95   Thumb Code    36  fm33a0xx_gpio.o(i.GPIO_IODF_SetableEx)
    GPIO_Init                                0x00000bbd   Thumb Code   114  fm33a0xx_gpio.o(i.GPIO_Init)
    GPIO_PINWKEN_SetableEx                   0x00000c31   Thumb Code    28  fm33a0xx_gpio.o(i.GPIO_PINWKEN_SetableEx)
    GPIO_SetBits                             0x00000c51   Thumb Code     4  fm33a0xx_gpio.o(i.GPIO_SetBits)
    GPIOx_DO_Write                           0x00000c55   Thumb Code     6  fm33a0xx_gpio.o(i.GPIOx_DO_Write)
    IO_AnalogFunSet                          0x00000c5b   Thumb Code    40  user_init.o(i.IO_AnalogFunSet)
    IO_DFFunSet                              0x00000c83   Thumb Code   228  user_init.o(i.IO_DFFunSet)
    IO_WKENFunSet                            0x00000d67   Thumb Code    68  user_init.o(i.IO_WKENFunSet)
    IWDT_Clr                                 0x00000dad   Thumb Code     8  fm33a0xx_iwdt.o(i.IWDT_Clr)
    IWDT_IWDTCFG_IWDTOVP_Set                 0x00000dbd   Thumb Code    22  fm33a0xx_iwdt.o(i.IWDT_IWDTCFG_IWDTOVP_Set)
    IWDT_IWDTCFG_IWDTSLP4096S_Setable        0x00000dd9   Thumb Code    32  fm33a0xx_iwdt.o(i.IWDT_IWDTCFG_IWDTSLP4096S_Setable)
    IWDT_Init                                0x00000dfd   Thumb Code    28  user_init.o(i.IWDT_Init)
    Init_IO                                  0x00000e1d   Thumb Code     2  user_init.o(i.Init_IO)
    Init_PLL                                 0x00000e1f   Thumb Code    32  user_init.o(i.Init_PLL)
    Init_Pad_Io                              0x00000e41   Thumb Code    72  user_init.o(i.Init_Pad_Io)
    Init_RCC_PERIPH_clk                      0x00000e8d   Thumb Code    70  user_init.o(i.Init_RCC_PERIPH_clk)
    Init_SysClk                              0x00000ed9   Thumb Code    48  user_init.o(i.Init_SysClk)
    Init_SysClk_Gen                          0x00000f09   Thumb Code    46  user_init.o(i.Init_SysClk_Gen)
    Init_SysTick                             0x00000f39   Thumb Code    50  user_init.o(i.Init_SysTick)
    Init_System                              0x00000f71   Thumb Code    66  user_init.o(i.Init_System)
    LCD_Deinit                               0x00000fb5   Thumb Code    44  fm33a0xx_lcd.o(i.LCD_Deinit)
    LOS_Align                                0x00000fe5   Thumb Code    28  los_misc.o(i.LOS_Align)
    LOS_KernelInit                           0x00001001   Thumb Code   192  los_init.o(i.LOS_KernelInit)
    LOS_MemAlloc                             0x000011cd   Thumb Code    48  los_memory.o(i.LOS_MemAlloc)
    LOS_MemAllocAlign                        0x000011fd   Thumb Code    20  los_memory.o(i.LOS_MemAllocAlign)
    LOS_MemFree                              0x00001211   Thumb Code    56  los_memory.o(i.LOS_MemFree)
    LOS_MemInit                              0x00001249   Thumb Code   214  los_memory.o(i.LOS_MemInit)
    LOS_QueueCreate                          0x0000135d   Thumb Code   212  los_queue.o(i.LOS_QueueCreate)
    LOS_QueueReadCopy                        0x00001441   Thumb Code    54  los_queue.o(i.LOS_QueueReadCopy)
    LOS_QueueWriteCopy                       0x00001477   Thumb Code    50  los_queue.o(i.LOS_QueueWriteCopy)
    LOS_Schedule                             0x000014a9   Thumb Code    58  los_hw.o(i.LOS_Schedule)
    LOS_Start                                0x000014ed   Thumb Code    40  los_init.o(i.LOS_Start)
    LOS_SysTickReload                        0x00001531   Thumb Code    58  los_hw_tick.o(i.LOS_SysTickReload)
    LOS_TaskCreate                           0x00001575   Thumb Code   138  los_task.o(i.LOS_TaskCreate)
    LOS_TaskCreateOnly                       0x00001611   Thumb Code   374  los_task.o(i.LOS_TaskCreateOnly)
    LOS_TaskDelay                            0x000017a9   Thumb Code   112  los_task.o(i.LOS_TaskDelay)
    LOS_TaskDelete                           0x0000182d   Thumb Code   336  los_task.o(i.LOS_TaskDelete)
    LOS_TaskYield                            0x000019a5   Thumb Code   134  los_task.o(i.LOS_TaskYield)
    LOS_TickCountGet                         0x00001a39   Thumb Code     6  los_sys.o(i.LOS_TickCountGet)
    LPTIM_Deinit                             0x00001a45   Thumb Code    16  fm33a0xx_lptim.o(i.LPTIM_Deinit)
    LPTIM_Init                               0x00001a9d   Thumb Code    72  fm33a0xx_lptim.o(i.LPTIM_Init)
    LPTIM_LPTCFG_CLKSEL_Set                  0x00001ae5   Thumb Code    28  fm33a0xx_lptim.o(i.LPTIM_LPTCFG_CLKSEL_Set)
    LPTIM_LPTCFG_DIVSEL_Set                  0x00001b05   Thumb Code    28  fm33a0xx_lptim.o(i.LPTIM_LPTCFG_DIVSEL_Set)
    LPTIM_LPTCFG_EDGESEL_Set                 0x00001b25   Thumb Code    26  fm33a0xx_lptim.o(i.LPTIM_LPTCFG_EDGESEL_Set)
    LPTIM_LPTCFG_FLTEN_Setable               0x00001b45   Thumb Code    34  fm33a0xx_lptim.o(i.LPTIM_LPTCFG_FLTEN_Setable)
    LPTIM_LPTCFG_MODE_Set                    0x00001b6d   Thumb Code    26  fm33a0xx_lptim.o(i.LPTIM_LPTCFG_MODE_Set)
    LPTIM_LPTCFG_POLARITY_Set                0x00001b8d   Thumb Code    26  fm33a0xx_lptim.o(i.LPTIM_LPTCFG_POLARITY_Set)
    LPTIM_LPTCFG_PWM_Set                     0x00001bad   Thumb Code    26  fm33a0xx_lptim.o(i.LPTIM_LPTCFG_PWM_Set)
    LPTIM_LPTCFG_TMODE_Set                   0x00001bcd   Thumb Code    22  fm33a0xx_lptim.o(i.LPTIM_LPTCFG_TMODE_Set)
    LPTIM_LPTCFG_TRIGCFG_Set                 0x00001be9   Thumb Code    26  fm33a0xx_lptim.o(i.LPTIM_LPTCFG_TRIGCFG_Set)
    LPTIM_LPTCMP_Read                        0x00001c09   Thumb Code     8  fm33a0xx_lptim.o(i.LPTIM_LPTCMP_Read)
    LPTIM_LPTCMP_Write                       0x00001c15   Thumb Code     8  fm33a0xx_lptim.o(i.LPTIM_LPTCMP_Write)
    LPTIM_LPTCTRL_LPTEN_Setable              0x00001c21   Thumb Code    32  fm33a0xx_lptim.o(i.LPTIM_LPTCTRL_LPTEN_Setable)
    LPTIM_LPTIE_COMPIE_Setable               0x00001c45   Thumb Code    32  fm33a0xx_lptim.o(i.LPTIM_LPTIE_COMPIE_Setable)
    LPTIM_LPTIE_OVIE_Setable                 0x00001c69   Thumb Code    32  fm33a0xx_lptim.o(i.LPTIM_LPTIE_OVIE_Setable)
    LPTIM_LPTIF_COMPIF_Chk                   0x00001c8d   Thumb Code    20  fm33a0xx_lptim.o(i.LPTIM_LPTIF_COMPIF_Chk)
    LPTIM_LPTIF_COMPIF_Clr                   0x00001ca5   Thumb Code     8  fm33a0xx_lptim.o(i.LPTIM_LPTIF_COMPIF_Clr)
    LPTIM_LPTIF_OVIF_Chk                     0x00001cb1   Thumb Code    20  fm33a0xx_lptim.o(i.LPTIM_LPTIF_OVIF_Chk)
    LPTIM_LPTIF_OVIF_Clr                     0x00001cc9   Thumb Code     8  fm33a0xx_lptim.o(i.LPTIM_LPTIF_OVIF_Clr)
    LPTIM_LPTTARGET_Write                    0x00001cd5   Thumb Code     8  fm33a0xx_lptim.o(i.LPTIM_LPTTARGET_Write)
    OutputIO                                 0x00001e49   Thumb Code   114  user_init.o(i.OutputIO)
    PMU_LPMCFG_CVS_Setable                   0x00001ebd   Thumb Code    34  fm33a0xx_pmu.o(i.PMU_LPMCFG_CVS_Setable)
    PMU_LPMCFG_DSLPRAM_EXT_Set               0x00001ee5   Thumb Code    26  fm33a0xx_pmu.o(i.PMU_LPMCFG_DSLPRAM_EXT_Set)
    PMU_LPMCFG_PMOD_Set                      0x00001f05   Thumb Code    22  fm33a0xx_pmu.o(i.PMU_LPMCFG_PMOD_Set)
    PMU_LPMCFG_SLPDP_Set                     0x00001f21   Thumb Code    26  fm33a0xx_pmu.o(i.PMU_LPMCFG_SLPDP_Set)
    PMU_LPMCFG_XTOFF_Set                     0x00001f41   Thumb Code    28  fm33a0xx_pmu.o(i.PMU_LPMCFG_XTOFF_Set)
    PMU_SleepCfg_Init                        0x00001f61   Thumb Code    42  fm33a0xx_pmu.o(i.PMU_SleepCfg_Init)
    RCC_Init_RCHF_Trim                       0x00001f91   Thumb Code    82  fm33a0xx_rcc.o(i.RCC_Init_RCHF_Trim)
    RCC_MPRIL_MPRIL_Set                      0x00001fe9   Thumb Code    22  fm33a0xx_rcc.o(i.RCC_MPRIL_MPRIL_Set)
    RCC_PERCLK_SetableEx                     0x00002005   Thumb Code   100  fm33a0xx_rcc.o(i.RCC_PERCLK_SetableEx)
    RCC_PLLCON_PLLDB_Set                     0x0000206d   Thumb Code    22  fm33a0xx_rcc.o(i.RCC_PLLCON_PLLDB_Set)
    RCC_PLLCON_PLLEN_Setable                 0x0000208d   Thumb Code    32  fm33a0xx_rcc.o(i.RCC_PLLCON_PLLEN_Setable)
    RCC_PLLCON_PLLINSEL_Set                  0x000020b1   Thumb Code    26  fm33a0xx_rcc.o(i.RCC_PLLCON_PLLINSEL_Set)
    RCC_PLLCON_PLLOSEL_Set                   0x000020d1   Thumb Code    26  fm33a0xx_rcc.o(i.RCC_PLLCON_PLLOSEL_Set)
    RCC_PLLDB_WriteEx                        0x000020f1   Thumb Code    12  fm33a0xx_rcc.o(i.RCC_PLLDB_WriteEx)
    RCC_PLL_Init                             0x000020fd   Thumb Code    30  fm33a0xx_rcc.o(i.RCC_PLL_Init)
    RCC_RCHFCON_FSEL_Set                     0x0000211d   Thumb Code    28  fm33a0xx_rcc.o(i.RCC_RCHFCON_FSEL_Set)
    RCC_RCHFCON_RCHFEN_Setable               0x0000213d   Thumb Code    32  fm33a0xx_rcc.o(i.RCC_RCHFCON_RCHFEN_Setable)
    RCC_RCHFTRIM_Write                       0x00002161   Thumb Code    10  fm33a0xx_rcc.o(i.RCC_RCHFTRIM_Write)
    RCC_RCHF_Init                            0x00002171   Thumb Code    18  fm33a0xx_rcc.o(i.RCC_RCHF_Init)
    RCC_SYSCLKSEL_AHBPRES_Set                0x00002185   Thumb Code    28  fm33a0xx_rcc.o(i.RCC_SYSCLKSEL_AHBPRES_Set)
    RCC_SYSCLKSEL_APBPRES_Set                0x000021a5   Thumb Code    28  fm33a0xx_rcc.o(i.RCC_SYSCLKSEL_APBPRES_Set)
    RCC_SYSCLKSEL_EXTICKSEL_Set              0x000021c5   Thumb Code    26  fm33a0xx_rcc.o(i.RCC_SYSCLKSEL_EXTICKSEL_Set)
    RCC_SYSCLKSEL_LPM_RCLP_OFF_Setable       0x000021e5   Thumb Code    32  fm33a0xx_rcc.o(i.RCC_SYSCLKSEL_LPM_RCLP_OFF_Setable)
    RCC_SYSCLKSEL_SLP_ENEXTI_Setable         0x00002209   Thumb Code    34  fm33a0xx_rcc.o(i.RCC_SYSCLKSEL_SLP_ENEXTI_Setable)
    RCC_SYSCLKSEL_SYSCLKSEL_Set              0x00002231   Thumb Code    22  fm33a0xx_rcc.o(i.RCC_SYSCLKSEL_SYSCLKSEL_Set)
    RCC_SysClk_Init                          0x0000224d   Thumb Code    42  fm33a0xx_rcc.o(i.RCC_SysClk_Init)
    RingRead                                 0x00002277   Thumb Code   174  ring.o(i.RingRead)
    RingWrite                                0x00002325   Thumb Code   234  ring.o(i.RingWrite)
    SCU_Init                                 0x0000240f   Thumb Code    70  user_init.o(i.SCU_Init)
    SCU_MCUDBGCR_DBG_BT1_STOP_Setable        0x00002455   Thumb Code    36  fm33a0xx_scu.o(i.SCU_MCUDBGCR_DBG_BT1_STOP_Setable)
    SCU_MCUDBGCR_DBG_BT2_STOP_Setable        0x00002479   Thumb Code    36  fm33a0xx_scu.o(i.SCU_MCUDBGCR_DBG_BT2_STOP_Setable)
    SCU_MCUDBGCR_DBG_ET1_STOP_Setable        0x0000249d   Thumb Code    36  fm33a0xx_scu.o(i.SCU_MCUDBGCR_DBG_ET1_STOP_Setable)
    SCU_MCUDBGCR_DBG_ET2_STOP_Setable        0x000024c1   Thumb Code    36  fm33a0xx_scu.o(i.SCU_MCUDBGCR_DBG_ET2_STOP_Setable)
    SCU_MCUDBGCR_DBG_ET3_STOP_Setable        0x000024e5   Thumb Code    36  fm33a0xx_scu.o(i.SCU_MCUDBGCR_DBG_ET3_STOP_Setable)
    SCU_MCUDBGCR_DBG_ET4_STOP_Setable        0x00002509   Thumb Code    36  fm33a0xx_scu.o(i.SCU_MCUDBGCR_DBG_ET4_STOP_Setable)
    SCU_MCUDBGCR_DBG_IWDT_STOP_Setable       0x0000252d   Thumb Code    36  fm33a0xx_scu.o(i.SCU_MCUDBGCR_DBG_IWDT_STOP_Setable)
    SCU_MCUDBGCR_DBG_WWDT_STOP_Setable       0x00002551   Thumb Code    34  fm33a0xx_scu.o(i.SCU_MCUDBGCR_DBG_WWDT_STOP_Setable)
    SystemInit                               0x00002575   Thumb Code     8  system_fm33a0xx.o(i.SystemInit)
    TicksDelay                               0x00002585   Thumb Code    34  user_init.o(i.TicksDelay)
    TicksDelayMs                             0x000025ad   Thumb Code    40  user_init.o(i.TicksDelayMs)
    UART0_IRQHandler                         0x000025d5   Thumb Code    10  los_uart.o(i.UART0_IRQHandler)
    UART1_IRQHandler                         0x000025df   Thumb Code    10  los_uart.o(i.UART1_IRQHandler)
    UART2_IRQHandler                         0x000025e9   Thumb Code    10  los_uart.o(i.UART2_IRQHandler)
    UART3_IRQHandler                         0x000025f3   Thumb Code    10  los_uart.o(i.UART3_IRQHandler)
    UART4_IRQHandler                         0x000025fd   Thumb Code    10  los_uart.o(i.UART4_IRQHandler)
    UART5_IRQHandler                         0x00002607   Thumb Code    10  los_uart.o(i.UART5_IRQHandler)
    UART_ISR                                 0x00002611   Thumb Code   130  los_uart.o(i.UART_ISR)
    UART_UARTIE_RxTxIE_GetableEx             0x00002699   Thumb Code    40  fm33a0xx_uart.o(i.UART_UARTIE_RxTxIE_GetableEx)
    UART_UARTIF_RxTxIF_ChkEx                 0x000026c5   Thumb Code    40  fm33a0xx_uart.o(i.UART_UARTIF_RxTxIF_ChkEx)
    UART_UARTIF_RxTxIF_ClrEx                 0x000026f1   Thumb Code    18  fm33a0xx_uart.o(i.UART_UARTIF_RxTxIF_ClrEx)
    UARTx_RXREG_Read                         0x00002709   Thumb Code     8  fm33a0xx_uart.o(i.UARTx_RXREG_Read)
    UARTx_TXBUFSTA_TXFF_Chk                  0x00002711   Thumb Code    20  fm33a0xx_uart.o(i.UARTx_TXBUFSTA_TXFF_Chk)
    UARTx_TXREG_Write                        0x00002725   Thumb Code     6  fm33a0xx_uart.o(i.UARTx_TXREG_Write)
    __0printf$8                              0x0000272d   Thumb Code    24  printf8.o(i.__0printf$8)
    __1printf$8                              0x0000272d   Thumb Code     0  printf8.o(i.__0printf$8)
    __2printf                                0x0000272d   Thumb Code     0  printf8.o(i.__0printf$8)
    __ARM_clz                                0x0000274d   Thumb Code    46  depilogue.o(i.__ARM_clz)
    __scatterload_copy                       0x0000277b   Thumb Code    14  handlers.o(i.__scatterload_copy)
    __scatterload_null                       0x00002789   Thumb Code     2  handlers.o(i.__scatterload_null)
    __scatterload_zeroinit                   0x0000278b   Thumb Code    14  handlers.o(i.__scatterload_zeroinit)
    creat_maintask                           0x00002c0d   Thumb Code    56  main.o(i.creat_maintask)
    fputc                                    0x00002c45   Thumb Code    30  print.o(i.fputc)
    getSleepTicks                            0x00002c69   Thumb Code    12  oshook.o(i.getSleepTicks)
    main                                     0x00002d51   Thumb Code    58  main.o(i.main)
    main_dwg                                 0x00002d9d   Thumb Code    16  main.o(i.main_dwg)
    osAlarmHeapInfo                          0x00002dad   Thumb Code    36  los_heap.o(i.osAlarmHeapInfo)
    osAtomicBitsetClearBit                   0x00002dd1   Thumb Code    36  los_slab.o(i.osAtomicBitsetClearBit)
    osAtomicBitsetFindClearAndSet            0x00002df5   Thumb Code    80  los_slab.o(i.osAtomicBitsetFindClearAndSet)
    osAtomicBitsetGetBit                     0x00002e45   Thumb Code    44  los_slab.o(i.osAtomicBitsetGetBit)
    osAtomicBitsetGetNumBits                 0x00002e71   Thumb Code     6  los_slab.o(i.osAtomicBitsetGetNumBits)
    osAtomicBitsetInit                       0x00002e77   Thumb Code    48  los_slab.o(i.osAtomicBitsetInit)
    osEnterSleep                             0x00002ea7   Thumb Code    36  los_hw.o(i.osEnterSleep)
    osHeapAlloc                              0x00002ecd   Thumb Code   326  los_heap.o(i.osHeapAlloc)
    osHeapAllocAlign                         0x00003059   Thumb Code   102  los_heap.o(i.osHeapAllocAlign)
    osHeapFree                               0x000030c1   Thumb Code   314  los_heap.o(i.osHeapFree)
    osHeapInit                               0x00003221   Thumb Code    74  los_heap.o(i.osHeapInit)
    osHeapPrvGetNext                         0x0000326b   Thumb Code    26  los_heap.o(i.osHeapPrvGetNext)
    osHeapStatisticsGet                      0x00003285   Thumb Code    96  los_heap.o(i.osHeapStatisticsGet)
    osHwiDefaultHandler                      0x000032ed   Thumb Code    30  los_hwi.o(i.osHwiDefaultHandler)
    osHwiInit                                0x00003329   Thumb Code    26  los_hwi.o(i.osHwiInit)
    osIdleTask                               0x00003351   Thumb Code    42  los_task.o(i.osIdleTask)
    osIdleTaskCreate                         0x00003385   Thumb Code    54  los_task.o(i.osIdleTaskCreate)
    osIntNumGet                              0x000033d1   Thumb Code     8  los_hwi.o(i.osIntNumGet)
    osInterrupt                              0x000033d9   Thumb Code    90  los_hwi.o(i.osInterrupt)
    osMemSystemInit                          0x00003441   Thumb Code    20  los_memory.o(i.osMemSystemInit)
    osMuxInit                                0x0000345d   Thumb Code    82  los_mux.o(i.osMuxInit)
    osPriqueueDequeue                        0x000034c1   Thumb Code    68  los_priqueue.o(i.osPriqueueDequeue)
    osPriqueueEnqueue                        0x0000350d   Thumb Code    66  los_priqueue.o(i.osPriqueueEnqueue)
    osPriqueueInit                           0x00003559   Thumb Code    66  los_priqueue.o(i.osPriqueueInit)
    osPriqueueSize                           0x000035a5   Thumb Code    38  los_priqueue.o(i.osPriqueueSize)
    osPriqueueTop                            0x000035d1   Thumb Code    38  los_priqueue.o(i.osPriqueueTop)
    osQueueInit                              0x00003721   Thumb Code    92  los_queue.o(i.osQueueInit)
    osQueueOperate                           0x0000378d   Thumb Code   378  los_queue.o(i.osQueueOperate)
    osSchedule                               0x000039a9   Thumb Code     8  los_hw.o(i.osSchedule)
    osSemInit                                0x000039b1   Thumb Code    82  los_sem.o(i.osSemInit)
    osSlabAllocatorAlloc                     0x00003a15   Thumb Code    30  los_slab.o(i.osSlabAllocatorAlloc)
    osSlabAllocatorFree                      0x00003a33   Thumb Code    74  los_slab.o(i.osSlabAllocatorFree)
    osSlabAllocatorNew                       0x00003a7d   Thumb Code    96  los_slab.o(i.osSlabAllocatorNew)
    osSlabBlockHeadFill                      0x00003add   Thumb Code    16  los_slabmem.o(i.osSlabBlockHeadFill)
    osSlabCtrlHdrGet                         0x00003af1   Thumb Code     8  los_memory.o(i.osSlabCtrlHdrGet)
    osSlabMemAlloc                           0x00003af9   Thumb Code   160  los_slabmem.o(i.osSlabMemAlloc)
    osSlabMemFree                            0x00003b99   Thumb Code   112  los_slabmem.o(i.osSlabMemFree)
    osSlabMemInit                            0x00003c0d   Thumb Code   114  los_slabmem.o(i.osSlabMemInit)
    osSwTmrGetNextTimeout                    0x00003c81   Thumb Code    64  los_swtmr.o(i.osSwTmrGetNextTimeout)
    osSwTmrInit                              0x00003cd1   Thumb Code   138  los_swtmr.o(i.osSwTmrInit)
    osSwTmrStart                             0x00003d79   Thumb Code   538  los_swtmr.o(i.osSwTmrStart)
    osSwTmrTask                              0x00003fa1   Thumb Code    62  los_swtmr.o(i.osSwTmrTask)
    osSwTmrTaskCreate                        0x00003fe5   Thumb Code    46  los_swtmr.o(i.osSwTmrTaskCreate)
    osSwtmrScan                              0x000040e1   Thumb Code    36  los_swtmr.o(i.osSwtmrScan)
    osTaskAdd2TimerList                      0x00004109   Thumb Code   196  los_task.o(i.osTaskAdd2TimerList)
    osTaskEntry                              0x000041d1   Thumb Code    34  los_task.o(i.osTaskEntry)
    osTaskExit                               0x000041fd   Thumb Code     6  los_hw.o(i.osTaskExit)
    osTaskInit                               0x00004205   Thumb Code   238  los_task.o(i.osTaskInit)
    osTaskMonInit                            0x00004319   Thumb Code    32  los_task.o(i.osTaskMonInit)
    osTaskNextSwitchTimeGet                  0x00004349   Thumb Code    76  los_task.o(i.osTaskNextSwitchTimeGet)
    osTaskScan                               0x00004399   Thumb Code   230  los_task.o(i.osTaskScan)
    osTaskSwitchCheck                        0x00004485   Thumb Code   248  los_task.o(i.osTaskSwitchCheck)
    osTaskWait                               0x00004615   Thumb Code    72  los_task.o(i.osTaskWait)
    osTaskWake                               0x00004661   Thumb Code    74  los_task.o(i.osTaskWake)
    osTickHandler                            0x000046ad   Thumb Code    72  los_tick.o(i.osTickHandler)
    osTickHandlerLoop                        0x00004709   Thumb Code    46  los_tick.o(i.osTickHandlerLoop)
    osTickStart                              0x0000473d   Thumb Code   124  los_hw_tick.o(i.osTickStart)
    osTicklessStart                          0x000047e1   Thumb Code    88  los_tickless.o(i.osTicklessStart)
    osTimerListDelete                        0x00004855   Thumb Code    62  los_task.o(i.osTimerListDelete)
    osTimesliceCheck                         0x00004899   Thumb Code    64  los_timeslice.o(i.osTimesliceCheck)
    osTimesliceInit                          0x000048e5   Thumb Code    12  los_timeslice.o(i.osTimesliceInit)
    osTskStackInit                           0x000048f5   Thumb Code   100  los_hw.o(i.osTskStackInit)
    osUpdateKernelTickCount                  0x00004995   Thumb Code    36  los_tickless.o(i.osUpdateKernelTickCount)
    setSleepTicks                            0x000049bd   Thumb Code    16  oshook.o(i.setSleepTicks)
    sleepConfig                              0x000049d1   Thumb Code    62  oshook.o(i.sleepConfig)
    userEnterSleepHook                       0x00004a25   Thumb Code    20  oshook.o(i.userEnterSleepHook)
    userExitSleepHook                        0x00004a3d   Thumb Code     8  oshook.o(i.userExitSleepHook)
    wakeup_config                            0x00004a45   Thumb Code     8  oshook.o(i.wakeup_config)
    Region$$Table$$Base                      0x00004a60   Number         0  anon$$obj.o(Region$$Table)
    Region$$Table$$Limit                     0x00004a90   Number         0  anon$$obj.o(Region$$Table)
    m_pstHwiForm                             0x20000000   Data         192  los_hwi.o(.data.vector)
    __stdout                                 0x20000400   Data           4  print.o(.data)
    g_pstLosPriorityQueueList                0x20000408   Data           4  los_priqueue.o(.data)
    m_uwSwTmrHandlerQueue                    0x20000410   Data           4  los_swtmr.o(.data)
    m_pstSwtmrCBArray                        0x20000414   Data           4  los_swtmr.o(.data)
    m_pstSwtmrFreeList                       0x20000418   Data           4  los_swtmr.o(.data)
    m_pstSwtmrSortList                       0x2000041c   Data           4  los_swtmr.o(.data)
    g_pstTaskCBArray                         0x2000042c   Data           4  los_task.o(.data)
    g_stLosTask                              0x20000430   Data           8  los_task.o(.data)
    g_usLosTaskLock                          0x20000438   Data           2  los_task.o(.data)
    g_uwTskMaxNum                            0x2000043c   Data           4  los_task.o(.data)
    g_uwIdleTaskID                           0x20000440   Data           4  los_task.o(.data)
    g_uwSwtmrTaskID                          0x20000444   Data           4  los_task.o(.data)
    g_stTaskTimerList                        0x20000448   Data           8  los_task.o(.data)
    g_stLosFreeTask                          0x20000450   Data           8  los_task.o(.data)
    g_stTskRecyleList                        0x20000458   Data           8  los_task.o(.data)
    g_stTskSortLink                          0x20000460   Data           8  los_task.o(.data)
    g_bTaskScheduled                         0x20000468   Data           4  los_task.o(.data)
    g_pfnTskSwitchHook                       0x2000046c   Data           4  los_task.o(.data)
    g_pfnUsrTskSwitchHook                    0x20000470   Data           4  los_task.o(.data)
    g_ullTickCount                           0x20000478   Data           8  los_tick.o(.data)
    g_uwTicksPerSec                          0x20000480   Data           4  los_tick.o(.data)
    g_uwCyclePerSec                          0x20000484   Data           4  los_tick.o(.data)
    g_uwCyclesPerTick                        0x20000488   Data           4  los_tick.o(.data)
    g_uwSysClock                             0x2000048c   Data           4  los_tick.o(.data)
    g_stTaskTimeSlice                        0x20000490   Data           8  los_timeslice.o(.data)
    g_pstAllMux                              0x20000498   Data           4  los_mux.o(.data)
    g_stUnusedMuxList                        0x2000049c   Data           8  los_mux.o(.data)
    g_pstAllQueue                            0x200004a4   Data           4  los_queue.o(.data)
    g_stFreeQueueList                        0x200004a8   Data           8  los_queue.o(.data)
    g_stUnusedSemList                        0x200004b0   Data           8  los_sem.o(.data)
    g_pstAllSem                              0x200004b8   Data           4  los_sem.o(.data)
    g_pPoolHead                              0x200004cc   Data           4  los_memory.o(.data)
    g_bTicklessFlag                          0x200004d0   Data           4  los_tickless.o(.data)
    g_bTickIrqFlag                           0x200004d4   Data           4  los_tickless.o(.data)
    g_bReloadSysTickFlag                     0x200004d8   Data           4  los_tickless.o(.data)
    g_uwSleepTicks                           0x200004dc   Data           4  los_tickless.o(.data)
    m_aucSysMem0                             0x200004e0   Data           4  los_init.o(.data)
    g_vuwIntCount                            0x200004e4   Data           4  los_hwi.o(.data)
    SystemCoreClock                          0x200004e8   Data           4  system_fm33a0xx.o(.data)
    gUARTCB                                  0x200004ec   Data         264  los_uart.o(.bss)
    m_uwSwTmrAlignID                         0x200005f4   Data          64  los_swtmr.o(.bss)
    g_astTskSwitchInfo                       0x20000634   Data         342  los_task.o(.bss)
    m_pstHwiSlaveForm                        0x2000078c   Data         192  los_hwi.o(.bss)
    Image$$RW_IRAM1$$ZI$$Limit               0x20001850   Number         0  anon$$obj.o ABSOLUTE
    __initial_sp                             0x20001850   Data           0  startup_fm33a0xx.o(STACK)



==============================================================================

Memory Map of the image

  Image Entry point : 0x000000c1

  Load Region LR_IROM1 (Base: 0x00000000, Size: 0x00004c3c, Max: 0x00030000, ABSOLUTE)

    Execution Region ER_IROM1 (Base: 0x00000000, Size: 0x00004a90, Max: 0x00030000, ABSOLUTE)

    Base Addr    Size         Type   Attr      Idx    E Section Name        Object

    0x00000000   0x000000c0   Data   RO         9705    RESET               startup_fm33a0xx.o
    0x000000c0   0x00000000   Code   RO         9742  * .ARM.Collect$$$$00000000  mc_p.l(entry.o)
    0x000000c0   0x00000004   Code   RO        10068    .ARM.Collect$$$$00000001  mc_p.l(entry2.o)
    0x000000c4   0x00000004   Code   RO        10071    .ARM.Collect$$$$00000004  mc_p.l(entry5.o)
    0x000000c8   0x00000000   Code   RO        10073    .ARM.Collect$$$$00000008  mc_p.l(entry7b.o)
    0x000000c8   0x00000000   Code   RO        10075    .ARM.Collect$$$$0000000A  mc_p.l(entry8b.o)
    0x000000c8   0x00000008   Code   RO        10076    .ARM.Collect$$$$0000000B  mc_p.l(entry9a.o)
    0x000000d0   0x00000000   Code   RO        10078    .ARM.Collect$$$$0000000D  mc_p.l(entry10a.o)
    0x000000d0   0x00000000   Code   RO        10080    .ARM.Collect$$$$0000000F  mc_p.l(entry11a.o)
    0x000000d0   0x00000004   Code   RO        10069    .ARM.Collect$$$$00002712  mc_p.l(entry2.o)
    0x000000d4   0x000000ec   Code   RO         9116    .text               los_dispatch_keil.o
    0x000001c0   0x0000001c   Code   RO         9706    .text               startup_fm33a0xx.o
    0x000001dc   0x0000002c   Code   RO         9745    .text               mc_p.l(uidiv.o)
    0x00000208   0x00000028   Code   RO         9747    .text               mc_p.l(idiv.o)
    0x00000230   0x00000060   Code   RO         9749    .text               mc_p.l(uldiv.o)
    0x00000290   0x00000024   Code   RO         9753    .text               mc_p.l(memcpya.o)
    0x000002b4   0x00000024   Code   RO         9755    .text               mc_p.l(memseta.o)
    0x000002d8   0x00000020   Code   RO        10082    .text               mc_p.l(llshl.o)
    0x000002f8   0x00000022   Code   RO        10084    .text               mc_p.l(llushr.o)
    0x0000031a   0x00000002   PAD
    0x0000031c   0x00000024   Code   RO        10104    .text               mc_p.l(init.o)
    0x00000340   0x00000056   Code   RO        10120    .text               mc_p.l(__dczerorl2.o)
    0x00000396   0x00000002   PAD
    0x00000398   0x00000024   Code   RO         1426    i.ANAC_BORCON_OFF_BOR_Setable  fm33a0xx_anac.o
    0x000003bc   0x00000024   Code   RO         1471    i.ANAC_PDRCON_PDREN_Setable  fm33a0xx_anac.o
    0x000003e0   0x000000a6   Code   RO          350    i.AltFunIO          user_init.o
    0x00000486   0x00000012   Code   RO          353    i.CheckSysReg       user_init.o
    0x00000498   0x00000028   Code   RO          354    i.Close_AllIOEXTI   user_init.o
    0x000004c0   0x00000318   Code   RO          355    i.Close_AllIO_GPIO_80pin  user_init.o
    0x000007d8   0x000001c8   Code   RO          356    i.Close_None_GPIO_80pin  user_init.o
    0x000009a0   0x00000040   Code   RO          357    i.CloseeIO          user_init.o
    0x000009e0   0x0000001c   Code   RO         3273    i.FLASH_FLSRDCON_WAIT_Set  fm33a0xx_flash.o
    0x000009fc   0x0000001c   Code   RO         3504    i.GPIO_ANASEL_PC12ANS_Set  fm33a0xx_gpio.o
    0x00000a18   0x00000020   Code   RO         3506    i.GPIO_ANASEL_PC13ANS_Set  fm33a0xx_gpio.o
    0x00000a38   0x00000020   Code   RO         3508    i.GPIO_ANASEL_PC14ANS_Set  fm33a0xx_gpio.o
    0x00000a58   0x00000020   Code   RO         3510    i.GPIO_ANASEL_PC15ANS_Set  fm33a0xx_gpio.o
    0x00000a78   0x00000020   Code   RO         3512    i.GPIO_ANASEL_PE3ANS_Set  fm33a0xx_gpio.o
    0x00000a98   0x00000020   Code   RO         3514    i.GPIO_ANASEL_PE4ANS_Set  fm33a0xx_gpio.o
    0x00000ab8   0x00000094   Code   RO         3524    i.GPIO_Get_InitPara  fm33a0xx_gpio.o
    0x00000b4c   0x00000024   Code   RO         3526    i.GPIO_HDSEL_PE2HDEN_Setable  fm33a0xx_gpio.o
    0x00000b70   0x00000024   Code   RO         3528    i.GPIO_HDSEL_PG6HDEN_Setable  fm33a0xx_gpio.o
    0x00000b94   0x00000028   Code   RO         3529    i.GPIO_IODF_SetableEx  fm33a0xx_gpio.o
    0x00000bbc   0x00000072   Code   RO         3530    i.GPIO_Init         fm33a0xx_gpio.o
    0x00000c2e   0x00000002   PAD
    0x00000c30   0x00000020   Code   RO         3531    i.GPIO_PINWKEN_SetableEx  fm33a0xx_gpio.o
    0x00000c50   0x00000004   Code   RO         3537    i.GPIO_SetBits      fm33a0xx_gpio.o
    0x00000c54   0x00000006   Code   RO         3541    i.GPIOx_DO_Write    fm33a0xx_gpio.o
    0x00000c5a   0x00000028   Code   RO          358    i.IO_AnalogFunSet   user_init.o
    0x00000c82   0x000000e4   Code   RO          359    i.IO_DFFunSet       user_init.o
    0x00000d66   0x00000044   Code   RO          360    i.IO_WKENFunSet     user_init.o
    0x00000daa   0x00000002   PAD
    0x00000dac   0x00000010   Code   RO         4417    i.IWDT_Clr          fm33a0xx_iwdt.o
    0x00000dbc   0x0000001c   Code   RO         4420    i.IWDT_IWDTCFG_IWDTOVP_Set  fm33a0xx_iwdt.o
    0x00000dd8   0x00000024   Code   RO         4422    i.IWDT_IWDTCFG_IWDTSLP4096S_Setable  fm33a0xx_iwdt.o
    0x00000dfc   0x00000020   Code   RO          361    i.IWDT_Init         user_init.o
    0x00000e1c   0x00000002   Code   RO          362    i.Init_IO           user_init.o
    0x00000e1e   0x00000020   Code   RO          363    i.Init_PLL          user_init.o
    0x00000e3e   0x00000002   PAD
    0x00000e40   0x0000004c   Code   RO          364    i.Init_Pad_Io       user_init.o
    0x00000e8c   0x0000004c   Code   RO          365    i.Init_RCC_PERIPH_clk  user_init.o
    0x00000ed8   0x00000030   Code   RO          366    i.Init_SysClk       user_init.o
    0x00000f08   0x0000002e   Code   RO          367    i.Init_SysClk_Gen   user_init.o
    0x00000f36   0x00000002   PAD
    0x00000f38   0x00000038   Code   RO          368    i.Init_SysTick      user_init.o
    0x00000f70   0x00000042   Code   RO          369    i.Init_System       user_init.o
    0x00000fb2   0x00000002   PAD
    0x00000fb4   0x00000030   Code   RO         4506    i.LCD_Deinit        fm33a0xx_lcd.o
    0x00000fe4   0x0000001c   Code   RO         8966    i.LOS_Align         los_misc.o
    0x00001000   0x00000128   Code   RO         9039    i.LOS_KernelInit    los_init.o
    0x00001128   0x0000000e   Code   RO         7754    i.LOS_ListAdd       los_task.o
    0x00001136   0x0000000e   Code   RO         8222    i.LOS_ListAdd       los_mux.o
    0x00001144   0x0000000e   Code   RO         8307    i.LOS_ListAdd       los_queue.o
    0x00001152   0x0000000e   Code   RO         8450    i.LOS_ListAdd       los_sem.o
    0x00001160   0x00000014   Code   RO         7755    i.LOS_ListDelete    los_task.o
    0x00001174   0x00000010   Code   RO         7435    i.LOS_ListEmpty     los_priqueue.o
    0x00001184   0x00000010   Code   RO         7756    i.LOS_ListEmpty     los_task.o
    0x00001194   0x00000010   Code   RO         8308    i.LOS_ListEmpty     los_queue.o
    0x000011a4   0x00000006   Code   RO         7757    i.LOS_ListInit      los_task.o
    0x000011aa   0x00000006   Code   RO         8224    i.LOS_ListInit      los_mux.o
    0x000011b0   0x00000006   Code   RO         8309    i.LOS_ListInit      los_queue.o
    0x000011b6   0x00000006   Code   RO         8452    i.LOS_ListInit      los_sem.o
    0x000011bc   0x00000010   Code   RO         7758    i.LOS_ListTailInsert  los_task.o
    0x000011cc   0x00000030   Code   RO         8674    i.LOS_MemAlloc      los_memory.o
    0x000011fc   0x00000014   Code   RO         8675    i.LOS_MemAllocAlign  los_memory.o
    0x00001210   0x00000038   Code   RO         8677    i.LOS_MemFree       los_memory.o
    0x00001248   0x00000114   Code   RO         8679    i.LOS_MemInit       los_memory.o
    0x0000135c   0x000000e4   Code   RO         8310    i.LOS_QueueCreate   los_queue.o
    0x00001440   0x00000036   Code   RO         8314    i.LOS_QueueReadCopy  los_queue.o
    0x00001476   0x00000032   Code   RO         8316    i.LOS_QueueWriteCopy  los_queue.o
    0x000014a8   0x00000044   Code   RO         9121    i.LOS_Schedule      los_hw.o
    0x000014ec   0x00000044   Code   RO         9041    i.LOS_Start         los_init.o
    0x00001530   0x00000044   Code   RO         9168    i.LOS_SysTickReload  los_hw_tick.o
    0x00001574   0x0000009c   Code   RO         7761    i.LOS_TaskCreate    los_task.o
    0x00001610   0x00000198   Code   RO         7762    i.LOS_TaskCreateOnly  los_task.o
    0x000017a8   0x00000084   Code   RO         7763    i.LOS_TaskDelay     los_task.o
    0x0000182c   0x00000178   Code   RO         7764    i.LOS_TaskDelete    los_task.o
    0x000019a4   0x00000094   Code   RO         7777    i.LOS_TaskYield     los_task.o
    0x00001a38   0x0000000c   Code   RO         7696    i.LOS_TickCountGet  los_sys.o
    0x00001a44   0x00000014   Code   RO         4907    i.LPTIM_Deinit      fm33a0xx_lptim.o
    0x00001a58   0x00000044   Code   RO         1063    i.LPTIM_IRQHandler  oshook.o
    0x00001a9c   0x00000048   Code   RO         4908    i.LPTIM_Init        fm33a0xx_lptim.o
    0x00001ae4   0x00000020   Code   RO         4910    i.LPTIM_LPTCFG_CLKSEL_Set  fm33a0xx_lptim.o
    0x00001b04   0x00000020   Code   RO         4912    i.LPTIM_LPTCFG_DIVSEL_Set  fm33a0xx_lptim.o
    0x00001b24   0x00000020   Code   RO         4914    i.LPTIM_LPTCFG_EDGESEL_Set  fm33a0xx_lptim.o
    0x00001b44   0x00000028   Code   RO         4916    i.LPTIM_LPTCFG_FLTEN_Setable  fm33a0xx_lptim.o
    0x00001b6c   0x00000020   Code   RO         4918    i.LPTIM_LPTCFG_MODE_Set  fm33a0xx_lptim.o
    0x00001b8c   0x00000020   Code   RO         4920    i.LPTIM_LPTCFG_POLARITY_Set  fm33a0xx_lptim.o
    0x00001bac   0x00000020   Code   RO         4922    i.LPTIM_LPTCFG_PWM_Set  fm33a0xx_lptim.o
    0x00001bcc   0x0000001c   Code   RO         4924    i.LPTIM_LPTCFG_TMODE_Set  fm33a0xx_lptim.o
    0x00001be8   0x00000020   Code   RO         4926    i.LPTIM_LPTCFG_TRIGCFG_Set  fm33a0xx_lptim.o
    0x00001c08   0x0000000c   Code   RO         4927    i.LPTIM_LPTCMP_Read  fm33a0xx_lptim.o
    0x00001c14   0x0000000c   Code   RO         4928    i.LPTIM_LPTCMP_Write  fm33a0xx_lptim.o
    0x00001c20   0x00000024   Code   RO         4932    i.LPTIM_LPTCTRL_LPTEN_Setable  fm33a0xx_lptim.o
    0x00001c44   0x00000024   Code   RO         4934    i.LPTIM_LPTIE_COMPIE_Setable  fm33a0xx_lptim.o
    0x00001c68   0x00000024   Code   RO         4936    i.LPTIM_LPTIE_OVIE_Setable  fm33a0xx_lptim.o
    0x00001c8c   0x00000018   Code   RO         4939    i.LPTIM_LPTIF_COMPIF_Chk  fm33a0xx_lptim.o
    0x00001ca4   0x0000000c   Code   RO         4940    i.LPTIM_LPTIF_COMPIF_Clr  fm33a0xx_lptim.o
    0x00001cb0   0x00000018   Code   RO         4941    i.LPTIM_LPTIF_OVIF_Chk  fm33a0xx_lptim.o
    0x00001cc8   0x0000000c   Code   RO         4942    i.LPTIM_LPTIF_OVIF_Clr  fm33a0xx_lptim.o
    0x00001cd4   0x0000000c   Code   RO         4946    i.LPTIM_LPTTARGET_Write  fm33a0xx_lptim.o
    0x00001ce0   0x00000078   Code   RO          372    i.NVIC_SetPriority  user_init.o
    0x00001d58   0x00000078   Code   RO         1064    i.NVIC_SetPriority  oshook.o
    0x00001dd0   0x00000078   Code   RO         9169    i.NVIC_SetPriority  los_hw_tick.o
    0x00001e48   0x00000072   Code   RO          373    i.OutputIO          user_init.o
    0x00001eba   0x00000002   PAD
    0x00001ebc   0x00000028   Code   RO         5166    i.PMU_LPMCFG_CVS_Setable  fm33a0xx_pmu.o
    0x00001ee4   0x00000020   Code   RO         5168    i.PMU_LPMCFG_DSLPRAM_EXT_Set  fm33a0xx_pmu.o
    0x00001f04   0x0000001c   Code   RO         5171    i.PMU_LPMCFG_PMOD_Set  fm33a0xx_pmu.o
    0x00001f20   0x00000020   Code   RO         5173    i.PMU_LPMCFG_SLPDP_Set  fm33a0xx_pmu.o
    0x00001f40   0x00000020   Code   RO         5175    i.PMU_LPMCFG_XTOFF_Set  fm33a0xx_pmu.o
    0x00001f60   0x00000030   Code   RO         5184    i.PMU_SleepCfg_Init  fm33a0xx_pmu.o
    0x00001f90   0x00000058   Code   RO         5345    i.RCC_Init_RCHF_Trim  fm33a0xx_rcc.o
    0x00001fe8   0x0000001c   Code   RO         5347    i.RCC_MPRIL_MPRIL_Set  fm33a0xx_rcc.o
    0x00002004   0x00000068   Code   RO         5350    i.RCC_PERCLK_SetableEx  fm33a0xx_rcc.o
    0x0000206c   0x00000020   Code   RO         5352    i.RCC_PLLCON_PLLDB_Set  fm33a0xx_rcc.o
    0x0000208c   0x00000024   Code   RO         5354    i.RCC_PLLCON_PLLEN_Setable  fm33a0xx_rcc.o
    0x000020b0   0x00000020   Code   RO         5356    i.RCC_PLLCON_PLLINSEL_Set  fm33a0xx_rcc.o
    0x000020d0   0x00000020   Code   RO         5358    i.RCC_PLLCON_PLLOSEL_Set  fm33a0xx_rcc.o
    0x000020f0   0x0000000c   Code   RO         5360    i.RCC_PLLDB_WriteEx  fm33a0xx_rcc.o
    0x000020fc   0x0000001e   Code   RO         5361    i.RCC_PLL_Init      fm33a0xx_rcc.o
    0x0000211a   0x00000002   PAD
    0x0000211c   0x00000020   Code   RO         5363    i.RCC_RCHFCON_FSEL_Set  fm33a0xx_rcc.o
    0x0000213c   0x00000024   Code   RO         5365    i.RCC_RCHFCON_RCHFEN_Setable  fm33a0xx_rcc.o
    0x00002160   0x00000010   Code   RO         5367    i.RCC_RCHFTRIM_Write  fm33a0xx_rcc.o
    0x00002170   0x00000012   Code   RO         5368    i.RCC_RCHF_Init     fm33a0xx_rcc.o
    0x00002182   0x00000002   PAD
    0x00002184   0x00000020   Code   RO         5373    i.RCC_SYSCLKSEL_AHBPRES_Set  fm33a0xx_rcc.o
    0x000021a4   0x00000020   Code   RO         5375    i.RCC_SYSCLKSEL_APBPRES_Set  fm33a0xx_rcc.o
    0x000021c4   0x00000020   Code   RO         5377    i.RCC_SYSCLKSEL_EXTICKSEL_Set  fm33a0xx_rcc.o
    0x000021e4   0x00000024   Code   RO         5379    i.RCC_SYSCLKSEL_LPM_RCLP_OFF_Setable  fm33a0xx_rcc.o
    0x00002208   0x00000028   Code   RO         5381    i.RCC_SYSCLKSEL_SLP_ENEXTI_Setable  fm33a0xx_rcc.o
    0x00002230   0x0000001c   Code   RO         5383    i.RCC_SYSCLKSEL_SYSCLKSEL_Set  fm33a0xx_rcc.o
    0x0000224c   0x0000002a   Code   RO         5384    i.RCC_SysClk_Init   fm33a0xx_rcc.o
    0x00002276   0x000000ae   Code   RO          659    i.RingRead          ring.o
    0x00002324   0x000000ea   Code   RO          661    i.RingWrite         ring.o
    0x0000240e   0x00000046   Code   RO          374    i.SCU_Init          user_init.o
    0x00002454   0x00000024   Code   RO         5981    i.SCU_MCUDBGCR_DBG_BT1_STOP_Setable  fm33a0xx_scu.o
    0x00002478   0x00000024   Code   RO         5983    i.SCU_MCUDBGCR_DBG_BT2_STOP_Setable  fm33a0xx_scu.o
    0x0000249c   0x00000024   Code   RO         5985    i.SCU_MCUDBGCR_DBG_ET1_STOP_Setable  fm33a0xx_scu.o
    0x000024c0   0x00000024   Code   RO         5987    i.SCU_MCUDBGCR_DBG_ET2_STOP_Setable  fm33a0xx_scu.o
    0x000024e4   0x00000024   Code   RO         5989    i.SCU_MCUDBGCR_DBG_ET3_STOP_Setable  fm33a0xx_scu.o
    0x00002508   0x00000024   Code   RO         5991    i.SCU_MCUDBGCR_DBG_ET4_STOP_Setable  fm33a0xx_scu.o
    0x0000252c   0x00000024   Code   RO         5993    i.SCU_MCUDBGCR_DBG_IWDT_STOP_Setable  fm33a0xx_scu.o
    0x00002550   0x00000022   Code   RO         5995    i.SCU_MCUDBGCR_DBG_WWDT_STOP_Setable  fm33a0xx_scu.o
    0x00002572   0x00000002   PAD
    0x00002574   0x00000010   Code   RO         9713    i.SystemInit        system_fm33a0xx.o
    0x00002584   0x00000028   Code   RO          375    i.TicksDelay        user_init.o
    0x000025ac   0x00000028   Code   RO          376    i.TicksDelayMs      user_init.o
    0x000025d4   0x0000000a   Code   RO          537    i.UART0_IRQHandler  los_uart.o
    0x000025de   0x0000000a   Code   RO          538    i.UART1_IRQHandler  los_uart.o
    0x000025e8   0x0000000a   Code   RO          539    i.UART2_IRQHandler  los_uart.o
    0x000025f2   0x0000000a   Code   RO          540    i.UART3_IRQHandler  los_uart.o
    0x000025fc   0x0000000a   Code   RO          541    i.UART4_IRQHandler  los_uart.o
    0x00002606   0x0000000a   Code   RO          542    i.UART5_IRQHandler  los_uart.o
    0x00002610   0x00000088   Code   RO          543    i.UART_ISR          los_uart.o
    0x00002698   0x0000002c   Code   RO         7023    i.UART_UARTIE_RxTxIE_GetableEx  fm33a0xx_uart.o
    0x000026c4   0x0000002c   Code   RO         7025    i.UART_UARTIF_RxTxIF_ChkEx  fm33a0xx_uart.o
    0x000026f0   0x00000018   Code   RO         7026    i.UART_UARTIF_RxTxIF_ClrEx  fm33a0xx_uart.o
    0x00002708   0x00000008   Code   RO         7035    i.UARTx_RXREG_Read  fm33a0xx_uart.o
    0x00002710   0x00000014   Code   RO         7051    i.UARTx_TXBUFSTA_TXFF_Chk  fm33a0xx_uart.o
    0x00002724   0x00000006   Code   RO         7054    i.UARTx_TXREG_Write  fm33a0xx_uart.o
    0x0000272a   0x00000002   PAD
    0x0000272c   0x00000020   Code   RO         9974    i.__0printf$8       mc_p.l(printf8.o)
    0x0000274c   0x0000002e   Code   RO        10100    i.__ARM_clz         mf_p.l(depilogue.o)
    0x0000277a   0x0000000e   Code   RO        10114    i.__scatterload_copy  mc_p.l(handlers.o)
    0x00002788   0x00000002   Code   RO        10115    i.__scatterload_null  mc_p.l(handlers.o)
    0x0000278a   0x0000000e   Code   RO        10116    i.__scatterload_zeroinit  mc_p.l(handlers.o)
    0x00002798   0x00000428   Code   RO         9981    i._printf_core      mc_p.l(printf8.o)
    0x00002bc0   0x00000020   Code   RO         9982    i._printf_post_padding  mc_p.l(printf8.o)
    0x00002be0   0x0000002c   Code   RO         9983    i._printf_pre_padding  mc_p.l(printf8.o)
    0x00002c0c   0x00000038   Code   RO            3    i.creat_maintask    main.o
    0x00002c44   0x00000024   Code   RO          300    i.fputc             print.o
    0x00002c68   0x00000010   Code   RO         1065    i.getSleepTicks     oshook.o
    0x00002c78   0x000000d8   Code   RO         1066    i.lptimerInit       oshook.o
    0x00002d50   0x0000004c   Code   RO            4    i.main              main.o
    0x00002d9c   0x00000010   Code   RO            6    i.main_dwg          main.o
    0x00002dac   0x00000024   Code   RO         8529    i.osAlarmHeapInfo   los_heap.o
    0x00002dd0   0x00000024   Code   RO         8774    i.osAtomicBitsetClearBit  los_slab.o
    0x00002df4   0x00000050   Code   RO         8776    i.osAtomicBitsetFindClearAndSet  los_slab.o
    0x00002e44   0x0000002c   Code   RO         8777    i.osAtomicBitsetGetBit  los_slab.o
    0x00002e70   0x00000006   Code   RO         8891    i.osAtomicBitsetGetNumBits  los_slab.o
    0x00002e76   0x00000030   Code   RO         8779    i.osAtomicBitsetInit  los_slab.o
    0x00002ea6   0x00000024   Code   RO         9122    i.osEnterSleep      los_hw.o
    0x00002eca   0x00000002   PAD
    0x00002ecc   0x0000018c   Code   RO         8530    i.osHeapAlloc       los_heap.o
    0x00003058   0x00000066   Code   RO         8531    i.osHeapAllocAlign  los_heap.o
    0x000030be   0x00000002   PAD
    0x000030c0   0x00000160   Code   RO         8532    i.osHeapFree        los_heap.o
    0x00003220   0x0000004a   Code   RO         8535    i.osHeapInit        los_heap.o
    0x0000326a   0x0000001a   Code   RO         8536    i.osHeapPrvGetNext  los_heap.o
    0x00003284   0x00000068   Code   RO         8537    i.osHeapStatisticsGet  los_heap.o
    0x000032ec   0x0000003c   Code   RO         9220    i.osHwiDefaultHandler  los_hwi.o
    0x00003328   0x00000028   Code   RO         9221    i.osHwiInit         los_hwi.o
    0x00003350   0x00000034   Code   RO         7781    i.osIdleTask        los_task.o
    0x00003384   0x0000004c   Code   RO         7782    i.osIdleTaskCreate  los_task.o
    0x000033d0   0x00000008   Code   RO         9222    i.osIntNumGet       los_hwi.o
    0x000033d8   0x00000068   Code   RO         9223    i.osInterrupt       los_hwi.o
    0x00003440   0x0000001c   Code   RO         8683    i.osMemSystemInit   los_memory.o
    0x0000345c   0x00000064   Code   RO         8229    i.osMuxInit         los_mux.o
    0x000034c0   0x0000004c   Code   RO         7436    i.osPriqueueDequeue  los_priqueue.o
    0x0000350c   0x0000004c   Code   RO         7437    i.osPriqueueEnqueue  los_priqueue.o
    0x00003558   0x0000004c   Code   RO         7438    i.osPriqueueInit    los_priqueue.o
    0x000035a4   0x0000002c   Code   RO         7439    i.osPriqueueSize    los_priqueue.o
    0x000035d0   0x00000030   Code   RO         7440    i.osPriqueueTop     los_priqueue.o
    0x00003600   0x00000120   Code   RO         8319    i.osQueueBufferOperate  los_queue.o
    0x00003720   0x0000006c   Code   RO         8320    i.osQueueInit       los_queue.o
    0x0000378c   0x0000018c   Code   RO         8323    i.osQueueOperate    los_queue.o
    0x00003918   0x00000044   Code   RO         8324    i.osQueueReadParameterCheck  los_queue.o
    0x0000395c   0x00000040   Code   RO         8325    i.osQueueWriteParameterCheck  los_queue.o
    0x0000399c   0x0000000c   Code   RO         9043    i.osRegister        los_init.o
    0x000039a8   0x00000008   Code   RO         9123    i.osSchedule        los_hw.o
    0x000039b0   0x00000064   Code   RO         8458    i.osSemInit         los_sem.o
    0x00003a14   0x0000001e   Code   RO         8780    i.osSlabAllocatorAlloc  los_slab.o
    0x00003a32   0x0000004a   Code   RO         8784    i.osSlabAllocatorFree  los_slab.o
    0x00003a7c   0x00000060   Code   RO         8791    i.osSlabAllocatorNew  los_slab.o
    0x00003adc   0x00000014   Code   RO         8904    i.osSlabBlockHeadFill  los_slabmem.o
    0x00003af0   0x00000008   Code   RO         8684    i.osSlabCtrlHdrGet  los_memory.o
    0x00003af8   0x000000a0   Code   RO         8906    i.osSlabMemAlloc    los_slabmem.o
    0x00003b98   0x00000074   Code   RO         8909    i.osSlabMemFree     los_slabmem.o
    0x00003c0c   0x00000072   Code   RO         8910    i.osSlabMemInit     los_slabmem.o
    0x00003c7e   0x00000002   PAD
    0x00003c80   0x00000050   Code   RO         7540    i.osSwTmrGetNextTimeout  los_swtmr.o
    0x00003cd0   0x000000a8   Code   RO         7541    i.osSwTmrInit       los_swtmr.o
    0x00003d78   0x00000228   Code   RO         7542    i.osSwTmrStart      los_swtmr.o
    0x00003fa0   0x00000044   Code   RO         7543    i.osSwTmrTask       los_swtmr.o
    0x00003fe4   0x00000044   Code   RO         7544    i.osSwTmrTaskCreate  los_swtmr.o
    0x00004028   0x00000088   Code   RO         7545    i.osSwTmrTimeoutHandle  los_swtmr.o
    0x000040b0   0x00000030   Code   RO         7547    i.osSwtmrDelete     los_swtmr.o
    0x000040e0   0x00000028   Code   RO         7548    i.osSwtmrScan       los_swtmr.o
    0x00004108   0x000000c8   Code   RO         7783    i.osTaskAdd2TimerList  los_task.o
    0x000041d0   0x0000002c   Code   RO         7784    i.osTaskEntry       los_task.o
    0x000041fc   0x00000006   Code   RO         9124    i.osTaskExit        los_hw.o
    0x00004202   0x00000002   PAD
    0x00004204   0x00000114   Code   RO         7785    i.osTaskInit        los_task.o
    0x00004318   0x00000030   Code   RO         7786    i.osTaskMonInit     los_task.o
    0x00004348   0x00000050   Code   RO         7787    i.osTaskNextSwitchTimeGet  los_task.o
    0x00004398   0x000000ec   Code   RO         7789    i.osTaskScan        los_task.o
    0x00004484   0x00000190   Code   RO         7790    i.osTaskSwitchCheck  los_task.o
    0x00004614   0x0000004c   Code   RO         7791    i.osTaskWait        los_task.o
    0x00004660   0x0000004a   Code   RO         7792    i.osTaskWake        los_task.o
    0x000046aa   0x00000002   PAD
    0x000046ac   0x0000005c   Code   RO         8066    i.osTickHandler     los_tick.o
    0x00004708   0x00000034   Code   RO         8067    i.osTickHandlerLoop  los_tick.o
    0x0000473c   0x000000a4   Code   RO         9170    i.osTickStart       los_hw_tick.o
    0x000047e0   0x00000064   Code   RO         8994    i.osTicklessStart   los_tickless.o
    0x00004844   0x0000000e   Code   RO         1067    i.osTicks2TimerCount  oshook.o
    0x00004852   0x00000002   PAD
    0x00004854   0x00000044   Code   RO         7793    i.osTimerListDelete  los_task.o
    0x00004898   0x0000004c   Code   RO         8120    i.osTimesliceCheck  los_timeslice.o
    0x000048e4   0x00000010   Code   RO         8121    i.osTimesliceInit   los_timeslice.o
    0x000048f4   0x000000a0   Code   RO         9125    i.osTskStackInit    los_hw.o
    0x00004994   0x00000028   Code   RO         9022    i.osUpdateKernelTickCount  los_tickless.o
    0x000049bc   0x00000014   Code   RO         1068    i.setSleepTicks     oshook.o
    0x000049d0   0x0000003e   Code   RO         1069    i.sleepConfig       oshook.o
    0x00004a0e   0x00000016   Code   RO         1070    i.timerCount2OsTicks  oshook.o
    0x00004a24   0x00000018   Code   RO         1071    i.userEnterSleepHook  oshook.o
    0x00004a3c   0x00000008   Code   RO         1072    i.userExitSleepHook  oshook.o
    0x00004a44   0x00000008   Code   RO         1073    i.wakeup_config     oshook.o
    0x00004a4c   0x00000014   Data   RO         9225    .constdata          los_hwi.o
    0x00004a60   0x00000030   Data   RO        10113    Region$$Table       anon$$obj.o


    Execution Region VECTOR (Base: 0x20000000, Size: 0x000000c0, Max: 0x00000400, ABSOLUTE)

    Base Addr    Size         Type   Attr      Idx    E Section Name        Object

    0x20000000   0x000000c0   Data   RW         9227    .data.vector        los_hwi.o


    Execution Region RW_IRAM1 (Base: 0x20000400, Size: 0x00001450, Max: 0x00005c00, ABSOLUTE)

    Base Addr    Size         Type   Attr      Idx    E Section Name        Object

    0x20000400   0x00000004   Data   RW          301    .data               print.o
    0x20000404   0x00000004   Data   RW         1074    .data               oshook.o
    0x20000408   0x00000008   Data   RW         7442    .data               los_priqueue.o
    0x20000410   0x0000001c   Data   RW         7552    .data               los_swtmr.o
    0x2000042c   0x00000048   Data   RW         7798    .data               los_task.o
    0x20000474   0x00000004   PAD
    0x20000478   0x00000018   Data   RW         8068    .data               los_tick.o
    0x20000490   0x00000008   Data   RW         8122    .data               los_timeslice.o
    0x20000498   0x0000000c   Data   RW         8230    .data               los_mux.o
    0x200004a4   0x0000000c   Data   RW         8326    .data               los_queue.o
    0x200004b0   0x0000000c   Data   RW         8459    .data               los_sem.o
    0x200004bc   0x00000010   Data   RW         8538    .data               los_heap.o
    0x200004cc   0x00000004   Data   RW         8685    .data               los_memory.o
    0x200004d0   0x00000010   Data   RW         8995    .data               los_tickless.o
    0x200004e0   0x00000004   Data   RW         9044    .data               los_init.o
    0x200004e4   0x00000004   Data   RW         9226    .data               los_hwi.o
    0x200004e8   0x00000004   Data   RW         9714    .data               system_fm33a0xx.o
    0x200004ec   0x00000108   Zero   RW          550    .bss                los_uart.o
    0x200005f4   0x00000040   Zero   RW         7551    .bss                los_swtmr.o
    0x20000634   0x00000156   Zero   RW         7796    .bss                los_task.o
    0x2000078a   0x00000002   PAD
    0x2000078c   0x000000c0   Zero   RW         9224    .bss                los_hwi.o
    0x2000084c   0x00000004   PAD
    0x20000850   0x00001000   Zero   RW         9703    STACK               startup_fm33a0xx.o


==============================================================================

Image component sizes


      Code (inc. data)   RO Data    RW Data    ZI Data      Debug   Object Name

         0          0          0          0          0      10192   dht12.o
        72          8          0          0          0        974   fm33a0xx_anac.o
        28          6          0          0          0        518   fm33a0xx_flash.o
       604         52          0          0          0      14583   fm33a0xx_gpio.o
        80         18          0          0          0       1422   fm33a0xx_iwdt.o
        48          4          0          0          0        425   fm33a0xx_lcd.o
       600         94          0          0          0      14454   fm33a0xx_lptim.o
       212         34          0          0          0       6134   fm33a0xx_pmu.o
       738         86          0          0          0      22253   fm33a0xx_rcc.o
       286          0          0          0          0       4002   fm33a0xx_scu.o
       146         14          0          0          0       7582   fm33a0xx_uart.o
       236         30          0          0          0        404   los_dispatch_keil.o
      1090        116          0         16          0       7054   los_heap.o
       278         70          0          0          0       3033   los_hw.o
       352         60          0          0          0      10158   los_hw_tick.o
       212         58         20        196        192       5888   los_hwi.o
       376        136          0          4          0       2208   los_init.o
       436         70          0          4          0       4490   los_memory.o
        28          0          0          0          0        568   los_misc.o
       120         18          0         12          0      11388   los_mux.o
       336         44          0          8          0      15158   los_priqueue.o
      1292        108          0         12          0      19692   los_queue.o
       120         18          0         12          0       3032   los_sem.o
       414          0          0          0          0       6218   los_slab.o
       410          8          0          0          0       3915   los_slabmem.o
      1160        114          0         28         64      16858   los_swtmr.o
        12          6          0          0          0        463   los_sys.o
      2922        398          0         72        342      25526   los_task.o
       144         26          0         24          0       1504   los_tick.o
       140         16          0         16          0       2345   los_tickless.o
        92         16          0          8          0       1197   los_timeslice.o
       196          6          0          0        264       4534   los_uart.o
       148         18          0          0          0      49107   main.o
       578         64          0          4          0      14111   oshook.o
        36          6          0          4          0       2234   print.o
       408          0          0          0          0       2471   ring.o
        28          8        192          0       4096        628   startup_fm33a0xx.o
        16          8          0          4          0        683   system_fm33a0xx.o
      2690         56          0          0          0      20687   user_init.o

    ----------------------------------------------------------------------
     17116       1794        260        428       4964     318093   Object Totals
         0          0         48          0          0          0   (incl. Generated)
        32          0          0          4          6          0   (incl. Padding)

    ----------------------------------------------------------------------

      Code (inc. data)   RO Data    RW Data    ZI Data      Debug   Library Member Name

        86          0          0          0          0          0   __dczerorl2.o
         0          0          0          0          0          0   entry.o
         0          0          0          0          0          0   entry10a.o
         0          0          0          0          0          0   entry11a.o
         8          4          0          0          0          0   entry2.o
         4          0          0          0          0          0   entry5.o
         0          0          0          0          0          0   entry7b.o
         0          0          0          0          0          0   entry8b.o
         8          4          0          0          0          0   entry9a.o
        30          0          0          0          0          0   handlers.o
        40          0          0          0          0         72   idiv.o
        36          8          0          0          0         68   init.o
        32          0          0          0          0         68   llshl.o
        34          0          0          0          0         68   llushr.o
        36          0          0          0          0         60   memcpya.o
        36          0          0          0          0        100   memseta.o
      1172         52          0          0          0        324   printf8.o
        44          0          0          0          0         72   uidiv.o
        96          0          0          0          0         84   uldiv.o
        46          0          0          0          0         60   depilogue.o

    ----------------------------------------------------------------------
      1712         68          0          0          0        976   Library Totals
         4          0          0          0          0          0   (incl. Padding)

    ----------------------------------------------------------------------

      Code (inc. data)   RO Data    RW Data    ZI Data      Debug   Library Name

      1662         68          0          0          0        916   mc_p.l
        46          0          0          0          0         60   mf_p.l

    ----------------------------------------------------------------------
      1712         68          0          0          0        976   Library Totals

    ----------------------------------------------------------------------

==============================================================================


      Code (inc. data)   RO Data    RW Data    ZI Data      Debug   

     18828       1862        260        428       4964     308865   Grand Totals
     18828       1862        260        428       4964     308865   ELF Image Totals
     18828       1862        260        428          0          0   ROM Totals

==============================================================================

    Total RO  Size (Code + RO Data)                19088 (  18.64kB)
    Total RW  Size (RW Data + ZI Data)              5392 (   5.27kB)
    Total ROM Size (Code + RO Data + RW Data)      19516 (  19.06kB)

==============================================================================

