<html>
<body>
<pre>
<h1>礦ision Build Log</h1>
<h2>Tool Versions:</h2>
IDE-Version: μVision V5.17.0.0
Copyright (C) 2015 ARM Ltd and ARM Germany GmbH. All rights reserved.
License Information: mallo Microsoft, Microsoft, LIC=VGXHL-02BUY-NNQAF-6W6VV-YFS8I-8II5Z
 
Tool Versions:
Toolchain:       MDK-ARM Standard  Version: 5.17
Toolchain Path:  D:\Keil_v5\ARM\ARMCC\Bin
C Compiler:      Armcc.exe V5.06 update 1 (build 61)
Assembler:       Armasm.exe V5.06 update 1 (build 61)
Linker/Locator:  ArmLink.exe V5.06 update 1 (build 61)
Library Manager: ArmAr.exe V5.06 update 1 (build 61)
Hex Converter:   FromElf.exe V5.06 update 1 (build 61)
CPU DLL:         SARMCM3.DLL V5.17
Dialog DLL:      DARMCM1.DLL V1.12.0.0
Target DLL:      Segger\JL2CM3.dll V2.99.16.0
Dialog DLL:      TARMCM1.DLL V1.9.0.0
 
<h2>Project:</h2>
C:\Users\wangbingbing\Desktop\华为LiteOS复旦微合作\LiteOS_developer_Fmsh_C50V20\LiteOS_developer_Fmsh_C50V20\LiteOS_developer\targets\FM33A0XX_TesterV1.0\FM33A0XX_Tester.uvprojx
Project File Date:  07/29/2018

<h2>Output:</h2>
*** Using Compiler 'V5.06 update 1 (build 61)', folder: 'D:\Keil_v5\ARM\ARMCC\Bin'
Build target 'Debug'
compiling main.c...
UserCode\main.c(19): warning:  #111-D: statement is unreachable
  	return NULL;
UserCode\main.c(13): warning:  #177-D: variable "str" was declared but never referenced
  	char *str = "hello newworld\r\n";
UserCode\main.c(31): warning:  #111-D: statement is unreachable
  	return NULL;
UserCode\main.c(52): warning:  #111-D: statement is unreachable
  	return NULL;
UserCode\main.c(74): warning:  #111-D: statement is unreachable
  	return 	NULL;
UserCode\main.c(89): warning:  #177-D: variable "uwRet" was declared but never referenced
  	UINT32 uwRet = LOS_OK;
UserCode\main.c(79): warning:  #550-D: variable "humidity_dht12" was set but never used
  static UINT8 humidity_dht12 = 0; 
UserCode\main.c: 7 warnings, 0 errors
compiling print.c...
UserCode\print.c(9): warning:  #223-D: function "Uartx_Init" declared implicitly
  	Uartx_Init(PRINT_UART);//??始化uart????
UserCode\print.c: 1 warning, 0 errors
compiling user_init.c...
compiling dht12.c...
compiling neul_bc95.c...
compiling los_uart.c...
compiling los_priqueue.c...
compiling los_sys.c...
compiling los_swtmr.c...
compiling los_task.c...
compiling los_timeslice.c...
compiling los_tick.c...
compiling los_event.c...
compiling los_mux.c...
compiling los_queue.c...
compiling los_sem.c...
compiling los_heap.c...
compiling los_membox.c...
compiling los_memory.c...
compiling los_memcheck.c...
compiling los_memstat.c...
compiling los_slabmem.c...
compiling los_slab.c...
compiling los_misc.c...
compiling los_init.c...
compiling los_tickless.c...
..\..\kernel\extended\tickless\los_tickless.c(72): warning:  #223-D: function "osTaskNextSwitchTimeGet" declared implicitly
      uwTskSortLinkTicks  = osTaskNextSwitchTimeGet();
..\..\kernel\extended\tickless\los_tickless.c(73): warning:  #223-D: function "osSwTmrGetNextTimeout" declared implicitly
      uwSwtmrSortLinkTicks = osSwTmrGetNextTimeout();
..\..\kernel\extended\tickless\los_tickless.c: 2 warnings, 0 errors
compiling los_err.c...
compiling los_hw.c...
compiling los_hw_tick.c...
compiling los_hwi.c...
..\..\arch\arm\arm-m\src\los_hwi.c(219): warning:  #186-D: pointless comparison of unsigned integer with zero
      if ((usHwiPrio > 
S_HWI_PRIO_LOWEST) || (usHwiPrio < 
S_HWI_PRIO_HIGHEST))
..\..\arch\arm\arm-m\src\los_hwi.c: 1 warning, 0 errors
compiling los_api_dynamic_mem.c...
compiling los_api_event.c...
compiling los_api_interrupt.c...
compiling los_api_list.c...
compiling los_api_msgqueue.c...
compiling los_api_sem.c...
compiling los_api_static_mem.c...
compiling los_api_mutex.c...
compiling los_api_systick.c...
compiling los_api_timer.c...
compiling los_api_task.c...
compiling los_demo_entry.c...
compiling los_inspect_entry.c...
linking...
Program Size: Code=28720 RO-data=640 RW-data=528 ZI-data=7544  
".\Objects\FM33A0XX_Tester.axf" - 0 Error(s), 11 Warning(s).

<h2>Software Packages used:</h2>

Package Vendor: ARM
                http://www.keil.com/pack/ARM.CMSIS.5.3.0.pack
                ARM::CMSIS:CORE:5.1.1
                CMSIS (Cortex Microcontroller Software Interface Standard)
   * Component: CORE Version: 5.1.1

Package Vendor: Keil
                
                Keil::Device:Startup:1.0.0
                FMSH ARM Cortex-M0+MPU Device Family Pack
   * Component: Startup Version: 1.0.0

<h2>Collection of Component include folders:</h2>
  C:\Users\wangbingbing\Desktop\华为LiteOS复旦微合作\LiteOS_developer_Fmsh_C50V20\LiteOS_developer_Fmsh_C50V20\LiteOS_developer\targets\FM33A0XX_TesterV1.0\RTE
  D:\Keil_v5\ARM\PACK\ARM\CMSIS\5.3.0\CMSIS\Include
  D:\Keil_v5\ARM\PACK\Keil\FM33A0XX_DFP\0.2.01gamma\Device\Include

<h2>Collection of Component Files used:</h2>

   * Component: ARM::CMSIS:CORE:5.1.1

   * Component: Keil::Device:Startup:1.0.0
      Source file:   Device\Source\ARM\startup_FM33A0XX.s
      Source file:   Device\Source\system_FM33A0XX.c
Build Time Elapsed:  00:00:25
</pre>
</body>
</html>
